2026-04-08 17:40:50,062 INFO o.a.j.u.JMeterUtils: Setting Locale to en_EN
2026-04-08 17:40:50,078 INFO o.a.j.JMeter: Loading user properties from: C:\Users\suppo\Desktop\apache-jmeter-5.6.3\apache-jmeter-5.6.3\bin\user.properties
2026-04-08 17:40:50,079 INFO o.a.j.JMeter: Loading system properties from: C:\Users\suppo\Desktop\apache-jmeter-5.6.3\apache-jmeter-5.6.3\bin\system.properties
2026-04-08 17:40:50,079 INFO o.a.j.JMeter: Setting System property: java.awt.headless=true
2026-04-08 17:40:50,087 INFO o.a.j.JMeter: Copyright (c) 1998-2024 The Apache Software Foundation
2026-04-08 17:40:50,087 INFO o.a.j.JMeter: Version 5.6.3
2026-04-08 17:40:50,087 INFO o.a.j.JMeter: java.version=25.0.1
2026-04-08 17:40:50,087 INFO o.a.j.JMeter: java.vm.name=Java HotSpot(TM) 64-Bit Server VM
2026-04-08 17:40:50,089 INFO o.a.j.JMeter: os.name=Windows 11
2026-04-08 17:40:50,089 INFO o.a.j.JMeter: os.arch=amd64
2026-04-08 17:40:50,090 INFO o.a.j.JMeter: os.version=10.0
2026-04-08 17:40:50,090 INFO o.a.j.JMeter: file.encoding=UTF-8
2026-04-08 17:40:50,090 INFO o.a.j.JMeter: java.awt.headless=true
2026-04-08 17:40:50,090 INFO o.a.j.JMeter: Max memory     =2147483648
2026-04-08 17:40:50,090 INFO o.a.j.JMeter: Available Processors =16
2026-04-08 17:40:50,106 INFO o.a.j.JMeter: Default Locale=English (EN)
2026-04-08 17:40:50,106 INFO o.a.j.JMeter: JMeter  Locale=English (EN)
2026-04-08 17:40:50,106 INFO o.a.j.JMeter: JMeterHome=C:\Users\suppo\Desktop\apache-jmeter-5.6.3\apache-jmeter-5.6.3
2026-04-08 17:40:50,106 INFO o.a.j.JMeter: user.dir  =C:\Users\suppo\Desktop\國衛院-兒童web\stress
2026-04-08 17:40:50,107 INFO o.a.j.JMeter: PWD       =C:\Users\suppo\Desktop\國衛院-兒童web\stress
2026-04-08 17:40:55,075 INFO o.a.j.JMeter: IP: 192.168.0.176 Name: Ruenxin FullName: Ruenxin
2026-04-08 17:40:55,089 INFO o.a.j.JMeter: Setting property 'jmeter.reportgenerator.outputdir' to:'C:\Users\suppo\Desktop\國衛院-兒童web\stress\results\Basic_5u_5m_manager\html-report'
2026-04-08 17:40:55,092 INFO o.a.j.s.FileServer: Default base='C:\Users\suppo\Desktop\國衛院-兒童web\stress'
2026-04-08 17:40:55,093 INFO o.a.j.s.FileServer: Set new base='C:\Users\suppo\Desktop\國衛院-兒童web\stress\results\Basic_5u_5m_manager'
2026-04-08 17:40:55,366 INFO o.a.j.s.SaveService: Testplan (JMX) version: 2.2. Testlog (JTL) version: 2.2
2026-04-08 17:40:55,388 INFO o.a.j.s.SaveService: Using SaveService properties version 5.0
2026-04-08 17:40:55,392 INFO o.a.j.s.SaveService: Using SaveService properties file encoding UTF-8
2026-04-08 17:40:55,395 INFO o.a.j.s.SaveService: Loading file: C:\Users\suppo\Desktop\國衛院-兒童web\stress\results\Basic_5u_5m_manager\generated-test-plan.jmx
2026-04-08 17:40:55,430 INFO o.a.j.p.h.c.CookieManager: Settings: Delete null: true Check: true Allow variable: true Save: false Prefix: COOKIE_
2026-04-08 17:40:55,433 INFO o.a.j.p.h.c.CacheManager: Will only cache the following methods: [GET]
2026-04-08 17:40:55,678 INFO o.a.j.e.KeyToolUtils: keytool found at 'keytool'
2026-04-08 17:40:55,679 INFO o.a.j.p.h.p.ProxyControl: HTTP(S) Test Script Recorder SSL Proxy will use keys that support embedded 3rd party resources in file C:\Users\suppo\Desktop\apache-jmeter-5.6.3\apache-jmeter-5.6.3\bin\proxyserver.jks
2026-04-08 17:40:55,700 INFO o.a.j.p.h.s.HTTPSamplerBase: Parser for text/html is org.apache.jmeter.protocol.http.parser.LagartoBasedHtmlParser
2026-04-08 17:40:55,701 INFO o.a.j.p.h.s.HTTPSamplerBase: Parser for application/xhtml+xml is org.apache.jmeter.protocol.http.parser.LagartoBasedHtmlParser
2026-04-08 17:40:55,701 INFO o.a.j.p.h.s.HTTPSamplerBase: Parser for application/xml is org.apache.jmeter.protocol.http.parser.LagartoBasedHtmlParser
2026-04-08 17:40:55,701 INFO o.a.j.p.h.s.HTTPSamplerBase: Parser for text/xml is org.apache.jmeter.protocol.http.parser.LagartoBasedHtmlParser
2026-04-08 17:40:55,701 INFO o.a.j.p.h.s.HTTPSamplerBase: Parser for text/vnd.wap.wml is org.apache.jmeter.protocol.http.parser.RegexpHTMLParser
2026-04-08 17:40:55,701 INFO o.a.j.p.h.s.HTTPSamplerBase: Parser for text/css is org.apache.jmeter.protocol.http.parser.CssParser
2026-04-08 17:40:55,832 INFO o.a.j.JMeter: Creating summariser <summary>
2026-04-08 17:40:55,837 INFO o.a.j.r.d.ReportGenerator: ReportGenerator will use for Parsing the separator: ','
2026-04-08 17:40:55,837 INFO o.a.j.r.d.ReportGenerator: Will generate report at end of test from  results file: C:\Users\suppo\Desktop\國衛院-兒童web\stress\results\Basic_5u_5m_manager\results.jtl
2026-04-08 17:40:55,837 INFO o.a.j.r.d.ReportGenerator: Reading report generator properties from: C:\Users\suppo\Desktop\apache-jmeter-5.6.3\apache-jmeter-5.6.3\bin\reportgenerator.properties
2026-04-08 17:40:55,838 INFO o.a.j.r.d.ReportGenerator: Merging with JMeter properties
2026-04-08 17:40:55,843 INFO o.a.j.r.c.ReportGeneratorConfiguration: Property 'jmeter.reportgenerator.temp_dir' not found, using default value 'temp' instead.
2026-04-08 17:40:55,846 INFO o.a.j.r.c.ReportGeneratorConfiguration: Property 'jmeter.reportgenerator.apdex_per_transaction' not found, using default value 'null' instead.
2026-04-08 17:40:55,846 INFO o.a.j.r.c.ReportGeneratorConfiguration: apdex_per_transaction is empty, not APDEX per transaction customization
2026-04-08 17:40:55,848 INFO o.a.j.r.c.ReportGeneratorConfiguration: Property 'jmeter.reportgenerator.sample_filter' not found, using default value 'null' instead.
2026-04-08 17:40:55,848 INFO o.a.j.r.c.ReportGeneratorConfiguration: Property 'jmeter.reportgenerator.report_title' not found, using default value 'null' instead.
2026-04-08 17:40:55,848 INFO o.a.j.r.c.ReportGeneratorConfiguration: Property 'jmeter.reportgenerator.start_date' not found, using default value 'null' instead.
2026-04-08 17:40:55,848 INFO o.a.j.r.c.ReportGeneratorConfiguration: Property 'jmeter.reportgenerator.end_date' not found, using default value 'null' instead.
2026-04-08 17:40:55,848 INFO o.a.j.r.c.ReportGeneratorConfiguration: Property 'jmeter.reportgenerator.date_format' not found, using default value 'null' instead.
2026-04-08 17:40:55,848 INFO o.a.j.r.c.ReportGeneratorConfiguration: Will use date range start date: null, end date: null
2026-04-08 17:40:55,851 INFO o.a.j.r.c.ReportGeneratorConfiguration: Property 'jmeter.reportgenerator.graph.totalTPS.exclude_controllers' not found, using default value 'false' instead.
2026-04-08 17:40:55,852 INFO o.a.j.r.c.ReportGeneratorConfiguration: Property 'jmeter.reportgenerator.graph.activeThreadsOverTime.exclude_controllers' not found, using default value 'false' instead.
2026-04-08 17:40:55,852 INFO o.a.j.r.c.ReportGeneratorConfiguration: Property 'jmeter.reportgenerator.graph.timeVsThreads.exclude_controllers' not found, using default value 'false' instead.
2026-04-08 17:40:55,852 INFO o.a.j.r.c.ReportGeneratorConfiguration: Property 'jmeter.reportgenerator.graph.responseTimeDistribution.exclude_controllers' not found, using default value 'false' instead.
2026-04-08 17:40:55,852 INFO o.a.j.r.c.ReportGeneratorConfiguration: Property 'jmeter.reportgenerator.graph.transactionsPerSecond.exclude_controllers' not found, using default value 'false' instead.
2026-04-08 17:40:55,852 INFO o.a.j.r.c.ReportGeneratorConfiguration: Property 'jmeter.reportgenerator.graph.responseTimePercentiles.exclude_controllers' not found, using default value 'false' instead.
2026-04-08 17:40:55,852 INFO o.a.j.r.c.ReportGeneratorConfiguration: Property 'jmeter.reportgenerator.graph.responseTimePercentilesOverTime.exclude_controllers' not found, using default value 'false' instead.
2026-04-08 17:40:55,852 INFO o.a.j.r.c.ReportGeneratorConfiguration: Property 'jmeter.reportgenerator.graph.responseTimesOverTime.exclude_controllers' not found, using default value 'false' instead.
2026-04-08 17:40:55,852 INFO o.a.j.r.c.ReportGeneratorConfiguration: Property 'jmeter.reportgenerator.graph.connectTimeOverTime.exclude_controllers' not found, using default value 'false' instead.
2026-04-08 17:40:55,853 INFO o.a.j.r.c.ReportGeneratorConfiguration: Property 'jmeter.reportgenerator.graph.latenciesOverTime.exclude_controllers' not found, using default value 'false' instead.
2026-04-08 17:40:55,853 INFO o.a.j.r.c.ReportGeneratorConfiguration: Property 'jmeter.reportgenerator.exporter.json.filters_only_sample_series' not found, using default value 'true' instead.
2026-04-08 17:40:55,853 INFO o.a.j.r.c.ReportGeneratorConfiguration: Property 'jmeter.reportgenerator.exporter.json.series_filter' not found, using default value '' instead.
2026-04-08 17:40:55,853 INFO o.a.j.r.c.ReportGeneratorConfiguration: Property 'jmeter.reportgenerator.exporter.json.show_controllers_only' not found, using default value 'false' instead.
2026-04-08 17:40:55,853 INFO o.a.j.r.c.ReportGeneratorConfiguration: Property 'jmeter.reportgenerator.exporter.html.filters_only_sample_series' not found, using default value 'true' instead.
2026-04-08 17:40:55,853 INFO o.a.j.r.c.ReportGeneratorConfiguration: Property 'jmeter.reportgenerator.exporter.html.series_filter' not found, using default value '' instead.
2026-04-08 17:40:55,854 INFO o.a.j.r.c.ReportGeneratorConfiguration: Property 'jmeter.reportgenerator.exporter.html.show_controllers_only' not found, using default value 'false' instead.
2026-04-08 17:40:55,867 INFO o.a.j.e.StandardJMeterEngine: Running the test!
2026-04-08 17:40:55,868 INFO o.a.j.s.SampleEvent: List of sample_variables: []
2026-04-08 17:40:55,868 INFO o.a.j.s.SampleEvent: List of sample_variables: []
2026-04-08 17:40:55,872 INFO o.a.j.e.u.CompoundVariable: Note: Function class names must contain the string: '.functions.'
2026-04-08 17:40:55,872 INFO o.a.j.e.u.CompoundVariable: Note: Function class names must not contain the string: '.gui.'
2026-04-08 17:40:55,976 INFO o.a.j.JMeter: Running test (1775641255976)
2026-04-08 17:40:55,997 INFO o.a.j.e.StandardJMeterEngine: Starting ThreadGroup: 1 : WETPAINT Group
2026-04-08 17:40:55,997 INFO o.a.j.e.StandardJMeterEngine: Starting 5 threads for group WETPAINT Group.
2026-04-08 17:40:55,997 INFO o.a.j.e.StandardJMeterEngine: Thread will continue on error
2026-04-08 17:40:55,997 INFO o.a.j.t.ThreadGroup: Starting thread group... number=1 threads=5 ramp-up=30 delayedStart=false
2026-04-08 17:40:56,011 INFO o.a.j.t.ThreadGroup: Started thread group number 1
2026-04-08 17:40:56,011 INFO o.a.j.e.StandardJMeterEngine: All thread groups have been started
2026-04-08 17:40:56,052 INFO o.a.j.t.JMeterThread: Thread started: WETPAINT Group 1-1
2026-04-08 17:40:56,055 INFO o.a.j.s.FileServer: Stored: C:\Users\suppo\Desktop\國衛院-兒童web\stress\users.csv
2026-04-08 17:40:56,078 INFO o.a.j.t.p.ConstantPoissonProcessGenerator: Generated 900 timings (Precise Throughput Timer 900 required, rate 3.0, duration 300) in 2 ms. First 15 events will be fired at: 0.34844426834079734 (+0.34844426834079734), 0.6835731726532179 (+0.3351289043124206), 1.1340397205110153 (+0.4504665478577974), 2.4183059771918702 (+1.284266256680855), 2.6097756937349503 (+0.1914697165430801), 2.659847422926065 (+0.05007172919111458), 2.6770791660805426 (+0.01723174315447773), 3.2783281389803465 (+0.6012489728998038), 3.902001028660873 (+0.6236728896805266), 4.119808502742028 (+0.2178074740811553), 4.206375267079887 (+0.08656676433785826), 4.46214079513001 (+0.255765528050123), 5.402458500239926 (+0.9403177051099165), 6.451921645897729 (+1.0494631456578025), 6.882502119328338 (+0.43058047343060935)
2026-04-08 17:40:56,236 INFO o.a.j.p.h.s.HTTPHCAbstractImpl: Local host = Ruenxin
2026-04-08 17:40:56,248 INFO o.a.j.p.h.s.HTTPHC4Impl: HTTP request retry count = 0
2026-04-08 17:40:56,255 INFO o.a.j.s.SampleResult: Note: Sample TimeStamps are START times
2026-04-08 17:40:56,255 INFO o.a.j.s.SampleResult: sampleresult.default.encoding is set to UTF-8
2026-04-08 17:40:56,255 INFO o.a.j.s.SampleResult: sampleresult.useNanoTime=true
2026-04-08 17:40:56,255 INFO o.a.j.s.SampleResult: sampleresult.nanoThreadSleep=5000
2026-04-08 17:40:56,378 INFO o.a.j.p.h.s.h.LazyLayeredConnectionSocketFactory: Setting up HTTPS TrustAll Socket Factory
2026-04-08 17:40:56,384 INFO o.a.j.u.JsseSSLManager: Using default SSL protocol: TLS
2026-04-08 17:40:56,384 INFO o.a.j.u.JsseSSLManager: SSL session context: per-thread
2026-04-08 17:40:56,448 INFO o.a.j.u.SSLManager: JmeterKeyStore Location:  type JKS
2026-04-08 17:40:56,451 INFO o.a.j.u.SSLManager: KeyStore created OK
2026-04-08 17:40:56,451 WARN o.a.j.u.SSLManager: Keystore file not found, loading empty keystore
2026-04-08 17:41:00,021 INFO o.a.j.r.Summariser: summary +     10 in 00:00:04 =    2.5/s Avg:    68 Min:    12 Max:   400 Err:     0 (0.00%) Active: 1 Started: 1 Finished: 0
2026-04-08 17:41:02,048 INFO o.a.j.t.JMeterThread: Thread started: WETPAINT Group 1-2
2026-04-08 17:41:05,469 INFO o.a.j.t.JMeterThread: Stop Thread seen for thread WETPAINT Group 1-1, reason: org.apache.jorphan.util.JMeterStopThreadException: End of file:C:\Users\suppo\Desktop\國衛院-兒童web\stress\users.csv detected for CSV DataSet:CSV Data Set Config configured with stopThread:true, recycle:false
2026-04-08 17:41:05,469 INFO o.a.j.t.JMeterThread: Thread finished: WETPAINT Group 1-1
2026-04-08 17:41:08,047 INFO o.a.j.t.JMeterThread: Thread started: WETPAINT Group 1-3
2026-04-08 17:41:08,048 INFO o.a.j.t.JMeterThread: Stop Thread seen for thread WETPAINT Group 1-3, reason: org.apache.jorphan.util.JMeterStopThreadException: End of file:C:\Users\suppo\Desktop\國衛院-兒童web\stress\users.csv detected for CSV DataSet:CSV Data Set Config configured with stopThread:true, recycle:false
2026-04-08 17:41:08,049 INFO o.a.j.t.JMeterThread: Thread finished: WETPAINT Group 1-3
2026-04-08 17:41:11,739 INFO o.a.j.t.JMeterThread: Stop Thread seen for thread WETPAINT Group 1-2, reason: org.apache.jorphan.util.JMeterStopThreadException: End of file:C:\Users\suppo\Desktop\國衛院-兒童web\stress\users.csv detected for CSV DataSet:CSV Data Set Config configured with stopThread:true, recycle:false
2026-04-08 17:41:11,739 INFO o.a.j.t.JMeterThread: Thread finished: WETPAINT Group 1-2
2026-04-08 17:41:14,043 INFO o.a.j.t.JMeterThread: Thread started: WETPAINT Group 1-4
2026-04-08 17:41:14,044 INFO o.a.j.t.JMeterThread: Stop Thread seen for thread WETPAINT Group 1-4, reason: org.apache.jorphan.util.JMeterStopThreadException: End of file:C:\Users\suppo\Desktop\國衛院-兒童web\stress\users.csv detected for CSV DataSet:CSV Data Set Config configured with stopThread:true, recycle:false
2026-04-08 17:41:14,045 INFO o.a.j.t.JMeterThread: Thread finished: WETPAINT Group 1-4
2026-04-08 17:41:20,041 INFO o.a.j.t.JMeterThread: Thread started: WETPAINT Group 1-5
2026-04-08 17:41:20,042 INFO o.a.j.t.JMeterThread: Stop Thread seen for thread WETPAINT Group 1-5, reason: org.apache.jorphan.util.JMeterStopThreadException: End of file:C:\Users\suppo\Desktop\國衛院-兒童web\stress\users.csv detected for CSV DataSet:CSV Data Set Config configured with stopThread:true, recycle:false
2026-04-08 17:41:20,042 INFO o.a.j.t.JMeterThread: Thread finished: WETPAINT Group 1-5
2026-04-08 17:41:20,042 INFO o.a.j.e.StandardJMeterEngine: Notifying test listeners of end of test
2026-04-08 17:41:20,042 INFO o.a.j.s.FileServer: Close: C:\Users\suppo\Desktop\國衛院-兒童web\stress\users.csv
2026-04-08 17:41:20,046 INFO o.a.j.r.Summariser: summary +     28 in 00:00:20 =    1.4/s Avg:    32 Min:    12 Max:   142 Err:     0 (0.00%) Active: 0 Started: 5 Finished: 5
2026-04-08 17:41:20,047 INFO o.a.j.r.Summariser: summary =     38 in 00:00:24 =    1.6/s Avg:    41 Min:    12 Max:   400 Err:     0 (0.00%)
2026-04-08 17:41:20,047 INFO o.a.j.JMeter: Generating Dashboard
2026-04-08 17:41:20,047 INFO o.a.j.r.d.ReportGenerator: Flushing result collector before report Generation
2026-04-08 17:41:20,056 INFO o.a.j.r.p.NormalizerSampleConsumer: Using format, 'ms', to parse timeStamp field
2026-04-08 17:41:20,130 INFO o.a.j.r.p.AbstractSampleConsumer: class org.apache.jmeter.report.processor.AggregateConsumer#stopProducing(): beginDate produced 0 samples
2026-04-08 17:41:20,131 INFO o.a.j.r.p.AbstractSampleConsumer: class org.apache.jmeter.report.processor.AggregateConsumer#stopProducing(): endDate produced 0 samples
2026-04-08 17:41:20,134 INFO o.a.j.r.p.AbstractSampleConsumer: class org.apache.jmeter.report.processor.ApdexSummaryConsumer#stopProducing(): apdexSummary produced 0 samples
2026-04-08 17:41:20,134 INFO o.a.j.r.p.AbstractSampleConsumer: class org.apache.jmeter.report.processor.RequestsSummaryConsumer#stopProducing(): requestsSummary produced 0 samples
2026-04-08 17:41:20,139 INFO o.a.j.r.p.AbstractSampleConsumer: class org.apache.jmeter.report.processor.StatisticsSummaryConsumer#stopProducing(): statisticsSummary produced 0 samples
2026-04-08 17:41:20,140 INFO o.a.j.r.p.AbstractSampleConsumer: class org.apache.jmeter.report.processor.Top5ErrorsBySamplerConsumer#stopProducing(): top5ErrorsBySampler produced 0 samples
2026-04-08 17:41:20,141 INFO o.a.j.r.p.AbstractSampleConsumer: class org.apache.jmeter.report.processor.ErrorsSummaryConsumer#stopProducing(): errorsSummary produced 0 samples
2026-04-08 17:41:20,141 INFO o.a.j.r.p.AbstractSampleConsumer: class org.apache.jmeter.report.processor.graph.impl.HitsPerSecondGraphConsumer#stopProducing(): hitsPerSecond produced 0 samples
2026-04-08 17:41:20,157 INFO o.a.j.r.p.AbstractSampleConsumer: class org.apache.jmeter.report.processor.graph.impl.LatencyVSRequestGraphConsumer#stopProducing(): latencyVsRequest produced 0 samples
2026-04-08 17:41:20,158 INFO o.a.j.r.p.AbstractSampleConsumer: class org.apache.jmeter.report.processor.graph.impl.SyntheticResponseTimeDistributionGraphConsumer#stopProducing(): syntheticResponseTimeDistribution produced 0 samples
2026-04-08 17:41:20,158 INFO o.a.j.r.p.AbstractSampleConsumer: class org.apache.jmeter.report.processor.graph.impl.BytesThroughputGraphConsumer#stopProducing(): bytesThroughputOverTime produced 0 samples
2026-04-08 17:41:20,159 INFO o.a.j.r.p.AbstractSampleConsumer: class org.apache.jmeter.report.processor.graph.impl.CodesPerSecondGraphConsumer#stopProducing(): codesPerSecond produced 0 samples
2026-04-08 17:41:20,164 INFO o.a.j.r.p.AbstractSampleConsumer: class org.apache.jmeter.report.processor.graph.impl.ResponseTimeVSRequestGraphConsumer#stopProducing(): responseTimeVsRequest produced 0 samples
2026-04-08 17:41:20,165 INFO o.a.j.r.p.AbstractSampleConsumer: class org.apache.jmeter.report.processor.FilterConsumer#stopProducing(): startIntervalControlerFilter produced 266 samples
2026-04-08 17:41:20,165 INFO o.a.j.r.p.AbstractSampleConsumer: class org.apache.jmeter.report.processor.graph.impl.TotalTPSGraphConsumer#stopProducing(): totalTPS produced 0 samples
2026-04-08 17:41:20,165 INFO o.a.j.r.p.AbstractSampleConsumer: class org.apache.jmeter.report.processor.graph.impl.ActiveThreadsGraphConsumer#stopProducing(): activeThreadsOverTime produced 0 samples
2026-04-08 17:41:20,165 INFO o.a.j.r.p.AbstractSampleConsumer: class org.apache.jmeter.report.processor.graph.impl.TimeVSThreadGraphConsumer#stopProducing(): timeVsThreads produced 0 samples
2026-04-08 17:41:20,167 INFO o.a.j.r.p.AbstractSampleConsumer: class org.apache.jmeter.report.processor.graph.impl.ResponseTimeDistributionGraphConsumer#stopProducing(): responseTimeDistribution produced 0 samples
2026-04-08 17:41:20,167 INFO o.a.j.r.p.AbstractSampleConsumer: class org.apache.jmeter.report.processor.graph.impl.TransactionsPerSecondGraphConsumer#stopProducing(): transactionsPerSecond produced 0 samples
2026-04-08 17:41:20,167 INFO o.a.j.r.p.AbstractSampleConsumer: class org.apache.jmeter.report.processor.graph.impl.ResponseTimePercentilesGraphConsumer#stopProducing(): responseTimePercentiles produced 0 samples
2026-04-08 17:41:20,171 INFO o.a.j.r.p.AbstractSampleConsumer: class org.apache.jmeter.report.processor.graph.impl.ResponseTimePercentilesOverTimeGraphConsumer#stopProducing(): responseTimePercentilesOverTime produced 0 samples
2026-04-08 17:41:20,172 INFO o.a.j.r.p.AbstractSampleConsumer: class org.apache.jmeter.report.processor.graph.impl.ResponseTimeOverTimeGraphConsumer#stopProducing(): responseTimesOverTime produced 0 samples
2026-04-08 17:41:20,172 INFO o.a.j.r.p.AbstractSampleConsumer: class org.apache.jmeter.report.processor.graph.impl.ConnectTimeOverTimeGraphConsumer#stopProducing(): connectTimeOverTime produced 0 samples
2026-04-08 17:41:20,172 INFO o.a.j.r.p.AbstractSampleConsumer: class org.apache.jmeter.report.processor.graph.impl.LatencyOverTimeGraphConsumer#stopProducing(): latenciesOverTime produced 0 samples
2026-04-08 17:41:20,172 INFO o.a.j.r.p.AbstractSampleConsumer: class org.apache.jmeter.report.processor.FilterConsumer#stopProducing(): nameFilter produced 570 samples
2026-04-08 17:41:20,173 INFO o.a.j.r.p.AbstractSampleConsumer: class org.apache.jmeter.report.processor.FilterConsumer#stopProducing(): dateRangeFilter produced 114 samples
2026-04-08 17:41:20,173 INFO o.a.j.r.p.AbstractSampleConsumer: class org.apache.jmeter.report.processor.NormalizerSampleConsumer#stopProducing(): normalizer produced 38 samples
2026-04-08 17:41:20,173 INFO o.a.j.r.p.CsvFileSampleSource: produce(): 38 samples produced in 87ms on channel 0
2026-04-08 17:41:20,173 INFO o.a.j.r.d.ReportGenerator: Exporting data using exporter:'json' of className:'org.apache.jmeter.report.dashboard.JsonExporter'
2026-04-08 17:41:20,248 INFO o.a.j.r.d.JsonExporter: Found data for consumer statisticsSummary in context
2026-04-08 17:41:20,248 INFO o.a.j.r.d.JsonExporter: Creating statistics for overall
2026-04-08 17:41:20,249 INFO o.a.j.r.d.JsonExporter: Creating statistics for other transactions
2026-04-08 17:41:20,249 INFO o.a.j.r.d.JsonExporter: Checking output folder
2026-04-08 17:41:20,252 INFO o.a.j.r.d.JsonExporter: Writing statistics JSON to C:\Users\suppo\Desktop\國衛院-兒童web\stress\results\Basic_5u_5m_manager\html-report\statistics.json
2026-04-08 17:41:20,306 INFO o.a.j.r.d.ReportGenerator: Exporting data using exporter:'html' of className:'org.apache.jmeter.report.dashboard.HtmlTemplateExporter'
2026-04-08 17:41:20,311 INFO o.a.j.r.d.HtmlTemplateExporter: Will generate dashboard in folder: C:\Users\suppo\Desktop\國衛院-兒童web\stress\results\Basic_5u_5m_manager\html-report
2026-04-08 17:41:20,544 INFO o.a.j.r.d.HtmlTemplateExporter: Report will be generated in: C:\Users\suppo\Desktop\國衛院-兒童web\stress\results\Basic_5u_5m_manager\html-report, creating folder structure
2026-04-08 17:41:20,547 INFO o.a.j.r.d.TemplateVisitor: Copying folder from 'C:\Users\suppo\Desktop\apache-jmeter-5.6.3\apache-jmeter-5.6.3\bin\report-template' to 'C:\Users\suppo\Desktop\國衛院-兒童web\stress\results\Basic_5u_5m_manager\html-report', got message: C:\Users\suppo\Desktop\國衛院-兒童web\stress\results\Basic_5u_5m_manager\html-report, found non empty folder with following content [C:\Users\suppo\Desktop\國衛院-兒童web\stress\results\Basic_5u_5m_manager\html-report\statistics.json], will be ignored
2026-04-08 17:41:21,053 INFO o.a.j.JMeter: Dashboard generated
