2026-04-09 10:50:16,562 INFO o.a.j.u.JMeterUtils: Setting Locale to en_EN
2026-04-09 10:50:16,583 INFO o.a.j.JMeter: Loading user properties from: C:\Users\suppo\Desktop\apache-jmeter-5.6.3\apache-jmeter-5.6.3\bin\user.properties
2026-04-09 10:50:16,584 INFO o.a.j.JMeter: Loading system properties from: C:\Users\suppo\Desktop\apache-jmeter-5.6.3\apache-jmeter-5.6.3\bin\system.properties
2026-04-09 10:50:16,584 INFO o.a.j.JMeter: Setting System property: java.awt.headless=true
2026-04-09 10:50:16,595 INFO o.a.j.JMeter: Copyright (c) 1998-2024 The Apache Software Foundation
2026-04-09 10:50:16,595 INFO o.a.j.JMeter: Version 5.6.3
2026-04-09 10:50:16,595 INFO o.a.j.JMeter: java.version=25.0.1
2026-04-09 10:50:16,595 INFO o.a.j.JMeter: java.vm.name=Java HotSpot(TM) 64-Bit Server VM
2026-04-09 10:50:16,596 INFO o.a.j.JMeter: os.name=Windows 11
2026-04-09 10:50:16,596 INFO o.a.j.JMeter: os.arch=amd64
2026-04-09 10:50:16,596 INFO o.a.j.JMeter: os.version=10.0
2026-04-09 10:50:16,596 INFO o.a.j.JMeter: file.encoding=UTF-8
2026-04-09 10:50:16,596 INFO o.a.j.JMeter: java.awt.headless=true
2026-04-09 10:50:16,596 INFO o.a.j.JMeter: Max memory     =2147483648
2026-04-09 10:50:16,596 INFO o.a.j.JMeter: Available Processors =16
2026-04-09 10:50:16,619 INFO o.a.j.JMeter: Default Locale=English (EN)
2026-04-09 10:50:16,619 INFO o.a.j.JMeter: JMeter  Locale=English (EN)
2026-04-09 10:50:16,619 INFO o.a.j.JMeter: JMeterHome=C:\Users\suppo\Desktop\apache-jmeter-5.6.3\apache-jmeter-5.6.3
2026-04-09 10:50:16,619 INFO o.a.j.JMeter: user.dir  =C:\Users\suppo\Desktop\國衛院-兒童web\stress
2026-04-09 10:50:16,621 INFO o.a.j.JMeter: PWD       =C:\Users\suppo\Desktop\國衛院-兒童web\stress
2026-04-09 10:50:21,593 INFO o.a.j.JMeter: IP: 192.168.0.176 Name: Ruenxin FullName: Ruenxin
2026-04-09 10:50:21,610 INFO o.a.j.JMeter: Setting property 'jmeter.reportgenerator.outputdir' to:'C:\Users\suppo\Desktop\國衛院-兒童web\stress\results\User_100u_10m\html-report'
2026-04-09 10:50:21,614 INFO o.a.j.s.FileServer: Default base='C:\Users\suppo\Desktop\國衛院-兒童web\stress'
2026-04-09 10:50:21,615 INFO o.a.j.s.FileServer: Set new base='C:\Users\suppo\Desktop\國衛院-兒童web\stress\results\User_100u_10m'
2026-04-09 10:50:22,026 INFO o.a.j.s.SaveService: Testplan (JMX) version: 2.2. Testlog (JTL) version: 2.2
2026-04-09 10:50:22,046 INFO o.a.j.s.SaveService: Using SaveService properties version 5.0
2026-04-09 10:50:22,049 INFO o.a.j.s.SaveService: Using SaveService properties file encoding UTF-8
2026-04-09 10:50:22,054 INFO o.a.j.s.SaveService: Loading file: C:\Users\suppo\Desktop\國衛院-兒童web\stress\results\User_100u_10m\generated-test-plan.jmx
2026-04-09 10:50:22,093 INFO o.a.j.p.h.c.CookieManager: Settings: Delete null: true Check: true Allow variable: true Save: false Prefix: COOKIE_
2026-04-09 10:50:22,097 INFO o.a.j.p.h.c.CacheManager: Will only cache the following methods: [GET]
2026-04-09 10:50:22,458 INFO o.a.j.e.KeyToolUtils: keytool found at 'keytool'
2026-04-09 10:50:22,459 INFO o.a.j.p.h.p.ProxyControl: HTTP(S) Test Script Recorder SSL Proxy will use keys that support embedded 3rd party resources in file C:\Users\suppo\Desktop\apache-jmeter-5.6.3\apache-jmeter-5.6.3\bin\proxyserver.jks
2026-04-09 10:50:22,483 INFO o.a.j.p.h.s.HTTPSamplerBase: Parser for text/html is org.apache.jmeter.protocol.http.parser.LagartoBasedHtmlParser
2026-04-09 10:50:22,483 INFO o.a.j.p.h.s.HTTPSamplerBase: Parser for application/xhtml+xml is org.apache.jmeter.protocol.http.parser.LagartoBasedHtmlParser
2026-04-09 10:50:22,483 INFO o.a.j.p.h.s.HTTPSamplerBase: Parser for application/xml is org.apache.jmeter.protocol.http.parser.LagartoBasedHtmlParser
2026-04-09 10:50:22,483 INFO o.a.j.p.h.s.HTTPSamplerBase: Parser for text/xml is org.apache.jmeter.protocol.http.parser.LagartoBasedHtmlParser
2026-04-09 10:50:22,483 INFO o.a.j.p.h.s.HTTPSamplerBase: Parser for text/vnd.wap.wml is org.apache.jmeter.protocol.http.parser.RegexpHTMLParser
2026-04-09 10:50:22,483 INFO o.a.j.p.h.s.HTTPSamplerBase: Parser for text/css is org.apache.jmeter.protocol.http.parser.CssParser
2026-04-09 10:50:22,895 INFO o.a.j.JMeter: Creating summariser <summary>
2026-04-09 10:50:22,899 INFO o.a.j.r.d.ReportGenerator: ReportGenerator will use for Parsing the separator: ','
2026-04-09 10:50:22,901 INFO o.a.j.r.d.ReportGenerator: Will generate report at end of test from  results file: C:\Users\suppo\Desktop\國衛院-兒童web\stress\results\User_100u_10m\results.jtl
2026-04-09 10:50:22,901 INFO o.a.j.r.d.ReportGenerator: Reading report generator properties from: C:\Users\suppo\Desktop\apache-jmeter-5.6.3\apache-jmeter-5.6.3\bin\reportgenerator.properties
2026-04-09 10:50:22,902 INFO o.a.j.r.d.ReportGenerator: Merging with JMeter properties
2026-04-09 10:50:22,908 INFO o.a.j.r.c.ReportGeneratorConfiguration: Property 'jmeter.reportgenerator.temp_dir' not found, using default value 'temp' instead.
2026-04-09 10:50:22,910 INFO o.a.j.r.c.ReportGeneratorConfiguration: Property 'jmeter.reportgenerator.apdex_per_transaction' not found, using default value 'null' instead.
2026-04-09 10:50:22,910 INFO o.a.j.r.c.ReportGeneratorConfiguration: apdex_per_transaction is empty, not APDEX per transaction customization
2026-04-09 10:50:22,910 INFO o.a.j.r.c.ReportGeneratorConfiguration: Property 'jmeter.reportgenerator.sample_filter' not found, using default value 'null' instead.
2026-04-09 10:50:22,910 INFO o.a.j.r.c.ReportGeneratorConfiguration: Property 'jmeter.reportgenerator.report_title' not found, using default value 'null' instead.
2026-04-09 10:50:22,910 INFO o.a.j.r.c.ReportGeneratorConfiguration: Property 'jmeter.reportgenerator.start_date' not found, using default value 'null' instead.
2026-04-09 10:50:22,910 INFO o.a.j.r.c.ReportGeneratorConfiguration: Property 'jmeter.reportgenerator.end_date' not found, using default value 'null' instead.
2026-04-09 10:50:22,910 INFO o.a.j.r.c.ReportGeneratorConfiguration: Property 'jmeter.reportgenerator.date_format' not found, using default value 'null' instead.
2026-04-09 10:50:22,911 INFO o.a.j.r.c.ReportGeneratorConfiguration: Will use date range start date: null, end date: null
2026-04-09 10:50:22,913 INFO o.a.j.r.c.ReportGeneratorConfiguration: Property 'jmeter.reportgenerator.graph.totalTPS.exclude_controllers' not found, using default value 'false' instead.
2026-04-09 10:50:22,914 INFO o.a.j.r.c.ReportGeneratorConfiguration: Property 'jmeter.reportgenerator.graph.activeThreadsOverTime.exclude_controllers' not found, using default value 'false' instead.
2026-04-09 10:50:22,914 INFO o.a.j.r.c.ReportGeneratorConfiguration: Property 'jmeter.reportgenerator.graph.timeVsThreads.exclude_controllers' not found, using default value 'false' instead.
2026-04-09 10:50:22,914 INFO o.a.j.r.c.ReportGeneratorConfiguration: Property 'jmeter.reportgenerator.graph.responseTimeDistribution.exclude_controllers' not found, using default value 'false' instead.
2026-04-09 10:50:22,914 INFO o.a.j.r.c.ReportGeneratorConfiguration: Property 'jmeter.reportgenerator.graph.transactionsPerSecond.exclude_controllers' not found, using default value 'false' instead.
2026-04-09 10:50:22,914 INFO o.a.j.r.c.ReportGeneratorConfiguration: Property 'jmeter.reportgenerator.graph.responseTimePercentiles.exclude_controllers' not found, using default value 'false' instead.
2026-04-09 10:50:22,914 INFO o.a.j.r.c.ReportGeneratorConfiguration: Property 'jmeter.reportgenerator.graph.responseTimePercentilesOverTime.exclude_controllers' not found, using default value 'false' instead.
2026-04-09 10:50:22,914 INFO o.a.j.r.c.ReportGeneratorConfiguration: Property 'jmeter.reportgenerator.graph.responseTimesOverTime.exclude_controllers' not found, using default value 'false' instead.
2026-04-09 10:50:22,915 INFO o.a.j.r.c.ReportGeneratorConfiguration: Property 'jmeter.reportgenerator.graph.connectTimeOverTime.exclude_controllers' not found, using default value 'false' instead.
2026-04-09 10:50:22,915 INFO o.a.j.r.c.ReportGeneratorConfiguration: Property 'jmeter.reportgenerator.graph.latenciesOverTime.exclude_controllers' not found, using default value 'false' instead.
2026-04-09 10:50:22,916 INFO o.a.j.r.c.ReportGeneratorConfiguration: Property 'jmeter.reportgenerator.exporter.json.filters_only_sample_series' not found, using default value 'true' instead.
2026-04-09 10:50:22,916 INFO o.a.j.r.c.ReportGeneratorConfiguration: Property 'jmeter.reportgenerator.exporter.json.series_filter' not found, using default value '' instead.
2026-04-09 10:50:22,916 INFO o.a.j.r.c.ReportGeneratorConfiguration: Property 'jmeter.reportgenerator.exporter.json.show_controllers_only' not found, using default value 'false' instead.
2026-04-09 10:50:22,916 INFO o.a.j.r.c.ReportGeneratorConfiguration: Property 'jmeter.reportgenerator.exporter.html.filters_only_sample_series' not found, using default value 'true' instead.
2026-04-09 10:50:22,917 INFO o.a.j.r.c.ReportGeneratorConfiguration: Property 'jmeter.reportgenerator.exporter.html.series_filter' not found, using default value '' instead.
2026-04-09 10:50:22,917 INFO o.a.j.r.c.ReportGeneratorConfiguration: Property 'jmeter.reportgenerator.exporter.html.show_controllers_only' not found, using default value 'false' instead.
2026-04-09 10:50:22,942 INFO o.a.j.e.StandardJMeterEngine: Running the test!
2026-04-09 10:50:22,943 INFO o.a.j.s.SampleEvent: List of sample_variables: []
2026-04-09 10:50:22,943 INFO o.a.j.s.SampleEvent: List of sample_variables: []
2026-04-09 10:50:22,948 INFO o.a.j.e.u.CompoundVariable: Note: Function class names must contain the string: '.functions.'
2026-04-09 10:50:22,948 INFO o.a.j.e.u.CompoundVariable: Note: Function class names must not contain the string: '.gui.'
2026-04-09 10:50:23,089 INFO o.a.j.JMeter: Running test (1775703023089)
2026-04-09 10:50:23,110 INFO o.a.j.e.StandardJMeterEngine: Starting ThreadGroup: 1 : WETPAINT Group
2026-04-09 10:50:23,110 INFO o.a.j.e.StandardJMeterEngine: Starting 100 threads for group WETPAINT Group.
2026-04-09 10:50:23,110 INFO o.a.j.e.StandardJMeterEngine: Thread will continue on error
2026-04-09 10:50:23,111 INFO o.a.j.t.ThreadGroup: Starting thread group... number=1 threads=100 ramp-up=300 delayedStart=false
2026-04-09 10:50:23,213 INFO o.a.j.t.JMeterThread: Thread started: WETPAINT Group 1-1
2026-04-09 10:50:23,216 INFO o.a.j.s.FileServer: Stored: C:\Users\suppo\Desktop\國衛院-兒童web\stress\users.csv
2026-04-09 10:50:23,262 INFO o.a.j.t.p.ConstantPoissonProcessGenerator: Generated 10000 timings (Precise Throughput Timer 10000 required, rate 16.666666666666668, duration 600) in 14 ms. First 15 events will be fired at: 0.009078834859232998 (+0.009078834859232998), 0.009351603746576842 (+2.7276888734384386E-4), 0.009475782879353467 (+1.2417913277662507E-4), 0.025217520131670668 (+0.0157417372523172), 0.06497743807296619 (+0.03975991794129552), 0.17512841182332206 (+0.11015097375035587), 0.1753673822033397 (+2.389703800176335E-4), 0.1773381227762716 (+0.001970740572931895), 0.20101414365003567 (+0.02367602087376408), 0.2760894129490543 (+0.07507526929901864), 0.375225704900628 (+0.0991362919515737), 0.42759843384381213 (+0.05237272894318412), 0.43791403571304954 (+0.010315601869237412), 0.45739756796820963 (+0.019483532255160085), 0.5515339987674839 (+0.09413643079927425)
2026-04-09 10:50:23,281 INFO o.a.j.p.h.s.HTTPHCAbstractImpl: Local host = Ruenxin
2026-04-09 10:50:23,289 INFO o.a.j.p.h.s.HTTPHC4Impl: HTTP request retry count = 0
2026-04-09 10:50:23,290 INFO o.a.j.s.SampleResult: Note: Sample TimeStamps are START times
2026-04-09 10:50:23,290 INFO o.a.j.s.SampleResult: sampleresult.default.encoding is set to UTF-8
2026-04-09 10:50:23,291 INFO o.a.j.s.SampleResult: sampleresult.useNanoTime=true
2026-04-09 10:50:23,291 INFO o.a.j.s.SampleResult: sampleresult.nanoThreadSleep=5000
2026-04-09 10:50:23,419 INFO o.a.j.t.ThreadGroup: Started thread group number 1
2026-04-09 10:50:23,420 INFO o.a.j.e.StandardJMeterEngine: All thread groups have been started
2026-04-09 10:50:23,436 INFO o.a.j.p.h.s.h.LazyLayeredConnectionSocketFactory: Setting up HTTPS TrustAll Socket Factory
2026-04-09 10:50:23,444 INFO o.a.j.u.JsseSSLManager: Using default SSL protocol: TLS
2026-04-09 10:50:23,444 INFO o.a.j.u.JsseSSLManager: SSL session context: per-thread
2026-04-09 10:50:23,535 INFO o.a.j.u.SSLManager: JmeterKeyStore Location:  type JKS
2026-04-09 10:50:23,539 INFO o.a.j.u.SSLManager: KeyStore created OK
2026-04-09 10:50:23,539 WARN o.a.j.u.SSLManager: Keystore file not found, loading empty keystore
2026-04-09 10:50:24,678 INFO o.a.j.s.FileServer: Stored: file-1775701915616.jpeg
2026-04-09 10:50:25,070 INFO o.a.j.s.FileServer: Stored: file-1775701933696.jpeg
2026-04-09 10:50:26,205 INFO o.a.j.t.JMeterThread: Thread started: WETPAINT Group 1-2
2026-04-09 10:50:29,200 INFO o.a.j.t.JMeterThread: Thread started: WETPAINT Group 1-3
2026-04-09 10:50:30,043 INFO o.a.j.r.Summariser: summary +    112 in 00:00:07 =   16.1/s Avg:    33 Min:     3 Max:   641 Err:    12 (10.71%) Active: 3 Started: 3 Finished: 0
2026-04-09 10:50:32,196 INFO o.a.j.t.JMeterThread: Thread started: WETPAINT Group 1-4
2026-04-09 10:50:35,189 INFO o.a.j.t.JMeterThread: Thread started: WETPAINT Group 1-5
2026-04-09 10:50:38,186 INFO o.a.j.t.JMeterThread: Thread started: WETPAINT Group 1-6
2026-04-09 10:50:41,182 INFO o.a.j.t.JMeterThread: Thread started: WETPAINT Group 1-7
2026-04-09 10:50:44,178 INFO o.a.j.t.JMeterThread: Thread started: WETPAINT Group 1-8
2026-04-09 10:50:47,178 INFO o.a.j.t.JMeterThread: Thread started: WETPAINT Group 1-9
2026-04-09 10:50:50,168 INFO o.a.j.t.JMeterThread: Thread started: WETPAINT Group 1-10
2026-04-09 10:50:53,165 INFO o.a.j.t.JMeterThread: Thread started: WETPAINT Group 1-11
2026-04-09 10:50:56,159 INFO o.a.j.t.JMeterThread: Thread started: WETPAINT Group 1-12
2026-04-09 10:50:59,155 INFO o.a.j.t.JMeterThread: Thread started: WETPAINT Group 1-13
2026-04-09 10:51:00,021 INFO o.a.j.r.Summariser: summary +    503 in 00:00:30 =   16.8/s Avg:    23 Min:     1 Max:   564 Err:    50 (9.94%) Active: 13 Started: 13 Finished: 0
2026-04-09 10:51:00,023 INFO o.a.j.r.Summariser: summary =    615 in 00:00:37 =   16.7/s Avg:    25 Min:     1 Max:   641 Err:    62 (10.08%)
2026-04-09 10:51:02,151 INFO o.a.j.t.JMeterThread: Thread started: WETPAINT Group 1-14
2026-04-09 10:51:05,146 INFO o.a.j.t.JMeterThread: Thread started: WETPAINT Group 1-15
2026-04-09 10:51:08,142 INFO o.a.j.t.JMeterThread: Thread started: WETPAINT Group 1-16
2026-04-09 10:51:11,138 INFO o.a.j.t.JMeterThread: Thread started: WETPAINT Group 1-17
2026-04-09 10:51:14,138 INFO o.a.j.t.JMeterThread: Thread started: WETPAINT Group 1-18
2026-04-09 10:51:17,132 INFO o.a.j.t.JMeterThread: Thread started: WETPAINT Group 1-19
2026-04-09 10:51:20,127 INFO o.a.j.t.JMeterThread: Thread started: WETPAINT Group 1-20
2026-04-09 10:51:23,124 INFO o.a.j.t.JMeterThread: Thread started: WETPAINT Group 1-21
2026-04-09 10:51:26,120 INFO o.a.j.t.JMeterThread: Thread started: WETPAINT Group 1-22
2026-04-09 10:51:29,119 INFO o.a.j.t.JMeterThread: Thread started: WETPAINT Group 1-23
2026-04-09 10:51:30,131 INFO o.a.j.r.Summariser: summary +    506 in 00:00:30 =   16.8/s Avg:    28 Min:     1 Max:  1060 Err:    53 (10.47%) Active: 23 Started: 23 Finished: 0
2026-04-09 10:51:30,141 INFO o.a.j.r.Summariser: summary =   1121 in 00:01:07 =   16.7/s Avg:    27 Min:     1 Max:  1060 Err:   115 (10.26%)
2026-04-09 10:51:32,116 INFO o.a.j.t.JMeterThread: Thread started: WETPAINT Group 1-24
2026-04-09 10:51:35,117 INFO o.a.j.t.JMeterThread: Thread started: WETPAINT Group 1-25
2026-04-09 10:51:38,116 INFO o.a.j.t.JMeterThread: Thread started: WETPAINT Group 1-26
2026-04-09 10:51:41,153 INFO o.a.j.t.JMeterThread: Thread started: WETPAINT Group 1-27
2026-04-09 10:51:44,118 INFO o.a.j.t.JMeterThread: Thread started: WETPAINT Group 1-28
2026-04-09 10:51:47,133 INFO o.a.j.t.JMeterThread: Thread started: WETPAINT Group 1-29
2026-04-09 10:51:50,117 INFO o.a.j.t.JMeterThread: Thread started: WETPAINT Group 1-30
2026-04-09 10:51:53,117 INFO o.a.j.t.JMeterThread: Thread started: WETPAINT Group 1-31
2026-04-09 10:51:56,121 INFO o.a.j.t.JMeterThread: Thread started: WETPAINT Group 1-32
2026-04-09 10:51:59,124 INFO o.a.j.t.JMeterThread: Thread started: WETPAINT Group 1-33
2026-04-09 10:52:00,022 INFO o.a.j.r.Summariser: summary +    522 in 00:00:30 =   17.5/s Avg:    27 Min:     1 Max:   561 Err:    53 (10.15%) Active: 33 Started: 33 Finished: 0
2026-04-09 10:52:00,023 INFO o.a.j.r.Summariser: summary =   1643 in 00:01:37 =   16.9/s Avg:    27 Min:     1 Max:  1060 Err:   168 (10.23%)
2026-04-09 10:52:02,120 INFO o.a.j.t.JMeterThread: Thread started: WETPAINT Group 1-34
2026-04-09 10:52:05,117 INFO o.a.j.t.JMeterThread: Thread started: WETPAINT Group 1-35
2026-04-09 10:52:08,115 INFO o.a.j.t.JMeterThread: Thread started: WETPAINT Group 1-36
2026-04-09 10:52:11,118 INFO o.a.j.t.JMeterThread: Thread started: WETPAINT Group 1-37
2026-04-09 10:52:14,150 INFO o.a.j.t.JMeterThread: Thread started: WETPAINT Group 1-38
2026-04-09 10:52:17,117 INFO o.a.j.t.JMeterThread: Thread started: WETPAINT Group 1-39
2026-04-09 10:52:20,118 INFO o.a.j.t.JMeterThread: Thread started: WETPAINT Group 1-40
2026-04-09 10:52:23,117 INFO o.a.j.t.JMeterThread: Thread started: WETPAINT Group 1-41
2026-04-09 10:52:26,117 INFO o.a.j.t.JMeterThread: Thread started: WETPAINT Group 1-42
2026-04-09 10:52:29,116 INFO o.a.j.t.JMeterThread: Thread started: WETPAINT Group 1-43
2026-04-09 10:52:30,020 INFO o.a.j.r.Summariser: summary +    524 in 00:00:30 =   17.5/s Avg:    27 Min:     1 Max:   557 Err:    51 (9.73%) Active: 43 Started: 43 Finished: 0
2026-04-09 10:52:30,021 INFO o.a.j.r.Summariser: summary =   2167 in 00:02:07 =   17.1/s Avg:    27 Min:     1 Max:  1060 Err:   219 (10.11%)
2026-04-09 10:52:32,118 INFO o.a.j.t.JMeterThread: Thread started: WETPAINT Group 1-44
2026-04-09 10:52:35,115 INFO o.a.j.t.JMeterThread: Thread started: WETPAINT Group 1-45
2026-04-09 10:52:38,114 INFO o.a.j.t.JMeterThread: Thread started: WETPAINT Group 1-46
2026-04-09 10:52:41,118 INFO o.a.j.t.JMeterThread: Thread started: WETPAINT Group 1-47
2026-04-09 10:52:44,137 INFO o.a.j.t.JMeterThread: Thread started: WETPAINT Group 1-48
2026-04-09 10:52:47,114 INFO o.a.j.t.JMeterThread: Thread started: WETPAINT Group 1-49
2026-04-09 10:52:50,115 INFO o.a.j.t.JMeterThread: Thread started: WETPAINT Group 1-50
2026-04-09 10:52:53,115 INFO o.a.j.t.JMeterThread: Thread started: WETPAINT Group 1-51
2026-04-09 10:52:56,121 INFO o.a.j.t.JMeterThread: Thread started: WETPAINT Group 1-52
2026-04-09 10:52:59,117 INFO o.a.j.t.JMeterThread: Thread started: WETPAINT Group 1-53
2026-04-09 10:53:00,127 INFO o.a.j.r.Summariser: summary +    471 in 00:00:30 =   15.6/s Avg:    28 Min:     1 Max:  1171 Err:    44 (9.34%) Active: 53 Started: 53 Finished: 0
2026-04-09 10:53:00,127 INFO o.a.j.r.Summariser: summary =   2638 in 00:02:37 =   16.8/s Avg:    27 Min:     1 Max:  1171 Err:   263 (9.97%)
2026-04-09 10:53:02,115 INFO o.a.j.t.JMeterThread: Thread started: WETPAINT Group 1-54
2026-04-09 10:53:05,116 INFO o.a.j.t.JMeterThread: Thread started: WETPAINT Group 1-55
2026-04-09 10:53:08,116 INFO o.a.j.t.JMeterThread: Thread started: WETPAINT Group 1-56
2026-04-09 10:53:11,116 INFO o.a.j.t.JMeterThread: Thread started: WETPAINT Group 1-57
2026-04-09 10:53:14,122 INFO o.a.j.t.JMeterThread: Thread started: WETPAINT Group 1-58
2026-04-09 10:53:17,121 INFO o.a.j.t.JMeterThread: Thread started: WETPAINT Group 1-59
2026-04-09 10:53:20,118 INFO o.a.j.t.JMeterThread: Thread started: WETPAINT Group 1-60
2026-04-09 10:53:23,117 INFO o.a.j.t.JMeterThread: Thread started: WETPAINT Group 1-61
2026-04-09 10:53:26,117 INFO o.a.j.t.JMeterThread: Thread started: WETPAINT Group 1-62
2026-04-09 10:53:29,117 INFO o.a.j.t.JMeterThread: Thread started: WETPAINT Group 1-63
2026-04-09 10:53:30,125 INFO o.a.j.r.Summariser: summary +    506 in 00:00:30 =   16.9/s Avg:    32 Min:     0 Max:   556 Err:    53 (10.47%) Active: 63 Started: 63 Finished: 0
2026-04-09 10:53:30,125 INFO o.a.j.r.Summariser: summary =   3144 in 00:03:07 =   16.8/s Avg:    28 Min:     0 Max:  1171 Err:   316 (10.05%)
2026-04-09 10:53:32,117 INFO o.a.j.t.JMeterThread: Thread started: WETPAINT Group 1-64
2026-04-09 10:53:35,116 INFO o.a.j.t.JMeterThread: Thread started: WETPAINT Group 1-65
2026-04-09 10:53:38,116 INFO o.a.j.t.JMeterThread: Thread started: WETPAINT Group 1-66
2026-04-09 10:53:41,117 INFO o.a.j.t.JMeterThread: Thread started: WETPAINT Group 1-67
2026-04-09 10:53:44,117 INFO o.a.j.t.JMeterThread: Thread started: WETPAINT Group 1-68
2026-04-09 10:53:47,117 INFO o.a.j.t.JMeterThread: Thread started: WETPAINT Group 1-69
2026-04-09 10:53:50,118 INFO o.a.j.t.JMeterThread: Thread started: WETPAINT Group 1-70
2026-04-09 10:53:53,117 INFO o.a.j.t.JMeterThread: Thread started: WETPAINT Group 1-71
2026-04-09 10:53:56,116 INFO o.a.j.t.JMeterThread: Thread started: WETPAINT Group 1-72
2026-04-09 10:53:59,115 INFO o.a.j.t.JMeterThread: Thread started: WETPAINT Group 1-73
2026-04-09 10:54:00,086 INFO o.a.j.r.Summariser: summary +    471 in 00:00:30 =   15.7/s Avg:    25 Min:     1 Max:   287 Err:    48 (10.19%) Active: 73 Started: 73 Finished: 0
2026-04-09 10:54:00,086 INFO o.a.j.r.Summariser: summary =   3615 in 00:03:37 =   16.7/s Avg:    27 Min:     0 Max:  1171 Err:   364 (10.07%)
2026-04-09 10:54:02,115 INFO o.a.j.t.JMeterThread: Thread started: WETPAINT Group 1-74
2026-04-09 10:54:05,116 INFO o.a.j.t.JMeterThread: Thread started: WETPAINT Group 1-75
2026-04-09 10:54:08,116 INFO o.a.j.t.JMeterThread: Thread started: WETPAINT Group 1-76
2026-04-09 10:54:11,117 INFO o.a.j.t.JMeterThread: Thread started: WETPAINT Group 1-77
2026-04-09 10:54:14,117 INFO o.a.j.t.JMeterThread: Thread started: WETPAINT Group 1-78
2026-04-09 10:54:17,115 INFO o.a.j.t.JMeterThread: Thread started: WETPAINT Group 1-79
2026-04-09 10:54:20,115 INFO o.a.j.t.JMeterThread: Thread started: WETPAINT Group 1-80
2026-04-09 10:54:23,115 INFO o.a.j.t.JMeterThread: Thread started: WETPAINT Group 1-81
2026-04-09 10:54:26,115 INFO o.a.j.t.JMeterThread: Thread started: WETPAINT Group 1-82
2026-04-09 10:54:29,114 INFO o.a.j.t.JMeterThread: Thread started: WETPAINT Group 1-83
2026-04-09 10:54:30,020 INFO o.a.j.r.Summariser: summary +    533 in 00:00:30 =   17.8/s Avg:    27 Min:     1 Max:  1470 Err:    50 (9.38%) Active: 83 Started: 83 Finished: 0
2026-04-09 10:54:30,020 INFO o.a.j.r.Summariser: summary =   4148 in 00:04:07 =   16.8/s Avg:    27 Min:     0 Max:  1470 Err:   414 (9.98%)
2026-04-09 10:54:32,115 INFO o.a.j.t.JMeterThread: Thread started: WETPAINT Group 1-84
2026-04-09 10:54:35,116 INFO o.a.j.t.JMeterThread: Thread started: WETPAINT Group 1-85
2026-04-09 10:54:38,116 INFO o.a.j.t.JMeterThread: Thread started: WETPAINT Group 1-86
2026-04-09 10:54:41,115 INFO o.a.j.t.JMeterThread: Thread started: WETPAINT Group 1-87
2026-04-09 10:54:44,114 INFO o.a.j.t.JMeterThread: Thread started: WETPAINT Group 1-88
2026-04-09 10:54:47,118 INFO o.a.j.t.JMeterThread: Thread started: WETPAINT Group 1-89
2026-04-09 10:54:50,115 INFO o.a.j.t.JMeterThread: Thread started: WETPAINT Group 1-90
2026-04-09 10:54:53,114 INFO o.a.j.t.JMeterThread: Thread started: WETPAINT Group 1-91
2026-04-09 10:54:56,115 INFO o.a.j.t.JMeterThread: Thread started: WETPAINT Group 1-92
2026-04-09 10:54:59,116 INFO o.a.j.t.JMeterThread: Thread started: WETPAINT Group 1-93
2026-04-09 10:55:00,010 INFO o.a.j.r.Summariser: summary +    479 in 00:00:30 =   16.0/s Avg:    33 Min:     1 Max:  2114 Err:    49 (10.23%) Active: 93 Started: 93 Finished: 0
2026-04-09 10:55:00,013 INFO o.a.j.r.Summariser: summary =   4627 in 00:04:37 =   16.7/s Avg:    28 Min:     0 Max:  2114 Err:   463 (10.01%)
2026-04-09 10:55:02,116 INFO o.a.j.t.JMeterThread: Thread started: WETPAINT Group 1-94
2026-04-09 10:55:05,116 INFO o.a.j.t.JMeterThread: Thread started: WETPAINT Group 1-95
2026-04-09 10:55:08,116 INFO o.a.j.t.JMeterThread: Thread started: WETPAINT Group 1-96
2026-04-09 10:55:11,115 INFO o.a.j.t.JMeterThread: Thread started: WETPAINT Group 1-97
2026-04-09 10:55:14,114 INFO o.a.j.t.JMeterThread: Thread started: WETPAINT Group 1-98
2026-04-09 10:55:17,118 INFO o.a.j.t.JMeterThread: Thread started: WETPAINT Group 1-99
2026-04-09 10:55:20,114 INFO o.a.j.t.JMeterThread: Thread started: WETPAINT Group 1-100
2026-04-09 10:55:30,000 INFO o.a.j.r.Summariser: summary +    510 in 00:00:30 =   17.0/s Avg:    30 Min:     2 Max:  1189 Err:    54 (10.59%) Active: 100 Started: 100 Finished: 0
2026-04-09 10:55:30,004 INFO o.a.j.r.Summariser: summary =   5137 in 00:05:07 =   16.7/s Avg:    28 Min:     0 Max:  2114 Err:   517 (10.06%)
2026-04-09 10:56:00,037 INFO o.a.j.r.Summariser: summary +    495 in 00:00:30 =   16.5/s Avg:    27 Min:     2 Max:   253 Err:    53 (10.71%) Active: 100 Started: 100 Finished: 0
2026-04-09 10:56:00,037 INFO o.a.j.r.Summariser: summary =   5632 in 00:05:37 =   16.7/s Avg:    28 Min:     0 Max:  2114 Err:   570 (10.12%)
2026-04-09 10:56:30,125 INFO o.a.j.r.Summariser: summary +    522 in 00:00:30 =   17.3/s Avg:    27 Min:     2 Max:   359 Err:    64 (12.26%) Active: 100 Started: 100 Finished: 0
2026-04-09 10:56:30,128 INFO o.a.j.r.Summariser: summary =   6154 in 00:06:07 =   16.8/s Avg:    28 Min:     0 Max:  2114 Err:   634 (10.30%)
2026-04-09 10:57:00,451 INFO o.a.j.r.Summariser: summary +    521 in 00:00:30 =   17.2/s Avg:    24 Min:     2 Max:   262 Err:    69 (13.24%) Active: 100 Started: 100 Finished: 0
2026-04-09 10:57:00,453 INFO o.a.j.r.Summariser: summary =   6675 in 00:06:37 =   16.8/s Avg:    28 Min:     0 Max:  2114 Err:   703 (10.53%)
2026-04-09 10:57:30,024 INFO o.a.j.r.Summariser: summary +    505 in 00:00:30 =   17.1/s Avg:    27 Min:     1 Max:   298 Err:    50 (9.90%) Active: 100 Started: 100 Finished: 0
2026-04-09 10:57:30,026 INFO o.a.j.r.Summariser: summary =   7180 in 00:07:07 =   16.8/s Avg:    28 Min:     0 Max:  2114 Err:   753 (10.49%)
2026-04-09 10:58:00,035 INFO o.a.j.r.Summariser: summary +    469 in 00:00:30 =   15.6/s Avg:    30 Min:     2 Max:   293 Err:    44 (9.38%) Active: 100 Started: 100 Finished: 0
2026-04-09 10:58:00,036 INFO o.a.j.r.Summariser: summary =   7649 in 00:07:37 =   16.7/s Avg:    28 Min:     0 Max:  2114 Err:   797 (10.42%)
2026-04-09 10:58:30,009 INFO o.a.j.r.Summariser: summary +    497 in 00:00:30 =   16.6/s Avg:    38 Min:     3 Max:  1654 Err:    33 (6.64%) Active: 100 Started: 100 Finished: 0
2026-04-09 10:58:30,009 INFO o.a.j.r.Summariser: summary =   8146 in 00:08:07 =   16.7/s Avg:    28 Min:     0 Max:  2114 Err:   830 (10.19%)
2026-04-09 10:59:00,059 INFO o.a.j.r.Summariser: summary +    499 in 00:00:30 =   16.6/s Avg:    28 Min:     2 Max:   327 Err:    22 (4.41%) Active: 100 Started: 100 Finished: 0
2026-04-09 10:59:00,059 INFO o.a.j.r.Summariser: summary =   8645 in 00:08:37 =   16.7/s Avg:    28 Min:     0 Max:  2114 Err:   852 (9.86%)
2026-04-09 10:59:30,090 INFO o.a.j.r.Summariser: summary +    477 in 00:00:30 =   15.9/s Avg:    49 Min:     2 Max:  2931 Err:    26 (5.45%) Active: 100 Started: 100 Finished: 0
2026-04-09 10:59:30,102 INFO o.a.j.r.Summariser: summary =   9122 in 00:09:07 =   16.7/s Avg:    29 Min:     0 Max:  2931 Err:   878 (9.63%)
2026-04-09 11:00:00,055 INFO o.a.j.r.Summariser: summary +    467 in 00:00:30 =   15.6/s Avg:    25 Min:     2 Max:   249 Err:    23 (4.93%) Active: 100 Started: 100 Finished: 0
2026-04-09 11:00:00,056 INFO o.a.j.r.Summariser: summary =   9589 in 00:09:37 =   16.6/s Avg:    29 Min:     0 Max:  2931 Err:   901 (9.40%)
2026-04-09 11:00:16,141 INFO o.a.j.t.p.ConstantPoissonProcessGenerator: Generated 10000 timings (Precise Throughput Timer 10000 required, rate 16.666666666666668, duration 600) in 3 ms. First 15 events will be fired at: 600.0005199115826 (+600.0005199115826), 600.0559082533589 (+0.05538834177627905), 600.2317307672066 (+0.17582251384772007), 600.3915662806894 (+0.1598355134827898), 600.4887071123072 (+0.09714083161782128), 600.5700481710522 (+0.08134105874501074), 600.6114021641525 (+0.04135399310030152), 600.6841566805199 (+0.07275451636735397), 600.726974774319 (+0.04281809379915558), 600.728130080889 (+0.0011553065698990395), 600.7529321282339 (+0.024802047344905986), 600.809684519584 (+0.05675239135018728), 600.8626349843445 (+0.05295046476044263), 600.9427913676816 (+0.08015638333711195), 600.9568650848322 (+0.0140737171506089)
2026-04-09 11:00:16,360 INFO o.a.j.t.JMeterThread: Stopping Thread: org.apache.jorphan.util.JMeterStopThreadException: The thread is scheduled to stop in 6963 ms and the throughput timer generates a delay of 6978. Terminating the thread manually.
2026-04-09 11:00:16,360 INFO o.a.j.t.JMeterThread: Stop Thread detected by thread: WETPAINT Group 1-59
2026-04-09 11:00:16,360 INFO o.a.j.t.JMeterThread: Thread finished: WETPAINT Group 1-59
2026-04-09 11:00:16,407 INFO o.a.j.t.JMeterThread: Stopping Thread: org.apache.jorphan.util.JMeterStopThreadException: The thread is scheduled to stop in 6795 ms and the throughput timer generates a delay of 7027. Terminating the thread manually.
2026-04-09 11:00:16,407 INFO o.a.j.t.JMeterThread: Stop Thread detected by thread: WETPAINT Group 1-21
2026-04-09 11:00:16,407 INFO o.a.j.t.JMeterThread: Thread finished: WETPAINT Group 1-21
2026-04-09 11:00:16,447 INFO o.a.j.t.JMeterThread: Stopping Thread: org.apache.jorphan.util.JMeterStopThreadException: The thread is scheduled to stop in 6692 ms and the throughput timer generates a delay of 7068. Terminating the thread manually.
2026-04-09 11:00:16,447 INFO o.a.j.t.JMeterThread: Stop Thread detected by thread: WETPAINT Group 1-6
2026-04-09 11:00:16,447 INFO o.a.j.t.JMeterThread: Thread finished: WETPAINT Group 1-6
2026-04-09 11:00:16,490 INFO o.a.j.t.JMeterThread: Stopping Thread: org.apache.jorphan.util.JMeterStopThreadException: The thread is scheduled to stop in 6826 ms and the throughput timer generates a delay of 7066. Terminating the thread manually.
2026-04-09 11:00:16,490 INFO o.a.j.t.JMeterThread: Stop Thread detected by thread: WETPAINT Group 1-57
2026-04-09 11:00:16,491 INFO o.a.j.t.JMeterThread: Thread finished: WETPAINT Group 1-57
2026-04-09 11:00:16,510 INFO o.a.j.t.JMeterThread: Stopping Thread: org.apache.jorphan.util.JMeterStopThreadException: The thread is scheduled to stop in 6748 ms and the throughput timer generates a delay of 7119. Terminating the thread manually.
2026-04-09 11:00:16,510 INFO o.a.j.t.JMeterThread: Stop Thread detected by thread: WETPAINT Group 1-35
2026-04-09 11:00:16,510 INFO o.a.j.t.JMeterThread: Thread finished: WETPAINT Group 1-35
2026-04-09 11:00:16,543 INFO o.a.j.t.JMeterThread: Stopping Thread: org.apache.jorphan.util.JMeterStopThreadException: The thread is scheduled to stop in 6855 ms and the throughput timer generates a delay of 7128. Terminating the thread manually.
2026-04-09 11:00:16,543 INFO o.a.j.t.JMeterThread: Stop Thread detected by thread: WETPAINT Group 1-90
2026-04-09 11:00:16,543 INFO o.a.j.t.JMeterThread: Thread finished: WETPAINT Group 1-90
2026-04-09 11:00:16,879 INFO o.a.j.t.JMeterThread: Stopping Thread: org.apache.jorphan.util.JMeterStopThreadException: The thread is scheduled to stop in 6479 ms and the throughput timer generates a delay of 6794. Terminating the thread manually.
2026-04-09 11:00:16,879 INFO o.a.j.t.JMeterThread: Stop Thread detected by thread: WETPAINT Group 1-71
2026-04-09 11:00:16,880 INFO o.a.j.t.JMeterThread: Thread finished: WETPAINT Group 1-71
2026-04-09 11:00:16,934 INFO o.a.j.t.JMeterThread: Stopping Thread: org.apache.jorphan.util.JMeterStopThreadException: The thread is scheduled to stop in 6461 ms and the throughput timer generates a delay of 6763. Terminating the thread manually.
2026-04-09 11:00:16,936 INFO o.a.j.t.JMeterThread: Stop Thread detected by thread: WETPAINT Group 1-88
2026-04-09 11:00:16,936 INFO o.a.j.t.JMeterThread: Thread finished: WETPAINT Group 1-88
2026-04-09 11:00:17,105 INFO o.a.j.t.JMeterThread: Stopping Thread: org.apache.jorphan.util.JMeterStopThreadException: The thread is scheduled to stop in 6109 ms and the throughput timer generates a delay of 6649. Terminating the thread manually.
2026-04-09 11:00:17,105 INFO o.a.j.t.JMeterThread: Stop Thread detected by thread: WETPAINT Group 1-24
2026-04-09 11:00:17,105 INFO o.a.j.t.JMeterThread: Thread finished: WETPAINT Group 1-24
2026-04-09 11:00:17,422 INFO o.a.j.t.JMeterThread: Stopping Thread: org.apache.jorphan.util.JMeterStopThreadException: The thread is scheduled to stop in 5979 ms and the throughput timer generates a delay of 6385. Terminating the thread manually.
2026-04-09 11:00:17,422 INFO o.a.j.t.JMeterThread: Stop Thread detected by thread: WETPAINT Group 1-92
2026-04-09 11:00:17,422 INFO o.a.j.t.JMeterThread: Thread finished: WETPAINT Group 1-92
2026-04-09 11:00:17,499 INFO o.a.j.t.JMeterThread: Stopping Thread: org.apache.jorphan.util.JMeterStopThreadException: The thread is scheduled to stop in 5644 ms and the throughput timer generates a delay of 6388. Terminating the thread manually.
2026-04-09 11:00:17,499 INFO o.a.j.t.JMeterThread: Stop Thread detected by thread: WETPAINT Group 1-7
2026-04-09 11:00:17,499 INFO o.a.j.t.JMeterThread: Thread finished: WETPAINT Group 1-7
2026-04-09 11:00:17,512 INFO o.a.j.t.JMeterThread: Stopping Thread: org.apache.jorphan.util.JMeterStopThreadException: The thread is scheduled to stop in 5696 ms and the throughput timer generates a delay of 6389. Terminating the thread manually.
2026-04-09 11:00:17,513 INFO o.a.j.t.JMeterThread: Stop Thread detected by thread: WETPAINT Group 1-23
2026-04-09 11:00:17,513 INFO o.a.j.t.JMeterThread: Thread finished: WETPAINT Group 1-23
2026-04-09 11:00:17,557 INFO o.a.j.t.JMeterThread: Stopping Thread: org.apache.jorphan.util.JMeterStopThreadException: The thread is scheduled to stop in 5632 ms and the throughput timer generates a delay of 6382. Terminating the thread manually.
2026-04-09 11:00:17,557 INFO o.a.j.t.JMeterThread: Stop Thread detected by thread: WETPAINT Group 1-18
2026-04-09 11:00:17,557 INFO o.a.j.t.JMeterThread: Thread finished: WETPAINT Group 1-18
2026-04-09 11:00:17,631 INFO o.a.j.t.JMeterThread: Stopping Thread: org.apache.jorphan.util.JMeterStopThreadException: The thread is scheduled to stop in 5781 ms and the throughput timer generates a delay of 6320. Terminating the thread manually.
2026-04-09 11:00:17,631 INFO o.a.j.t.JMeterThread: Stop Thread detected by thread: WETPAINT Group 1-97
2026-04-09 11:00:17,631 INFO o.a.j.t.JMeterThread: Thread finished: WETPAINT Group 1-97
2026-04-09 11:00:17,702 INFO o.a.j.t.JMeterThread: Stopping Thread: org.apache.jorphan.util.JMeterStopThreadException: The thread is scheduled to stop in 5671 ms and the throughput timer generates a delay of 6286. Terminating the thread manually.
2026-04-09 11:00:17,702 INFO o.a.j.t.JMeterThread: Stop Thread detected by thread: WETPAINT Group 1-77
2026-04-09 11:00:17,702 INFO o.a.j.t.JMeterThread: Thread finished: WETPAINT Group 1-77
2026-04-09 11:00:17,729 INFO o.a.j.t.JMeterThread: Stopping Thread: org.apache.jorphan.util.JMeterStopThreadException: The thread is scheduled to stop in 5495 ms and the throughput timer generates a delay of 6261. Terminating the thread manually.
2026-04-09 11:00:17,729 INFO o.a.j.t.JMeterThread: Stop Thread detected by thread: WETPAINT Group 1-27
2026-04-09 11:00:17,729 INFO o.a.j.t.JMeterThread: Thread finished: WETPAINT Group 1-27
2026-04-09 11:00:17,749 INFO o.a.j.t.JMeterThread: Stopping Thread: org.apache.jorphan.util.JMeterStopThreadException: The thread is scheduled to stop in 5591 ms and the throughput timer generates a delay of 6383. Terminating the thread manually.
2026-04-09 11:00:17,749 INFO o.a.j.t.JMeterThread: Stop Thread detected by thread: WETPAINT Group 1-64
2026-04-09 11:00:17,749 INFO o.a.j.t.JMeterThread: Thread finished: WETPAINT Group 1-64
2026-04-09 11:00:17,752 INFO o.a.j.t.JMeterThread: Stopping Thread: org.apache.jorphan.util.JMeterStopThreadException: The thread is scheduled to stop in 5600 ms and the throughput timer generates a delay of 6424. Terminating the thread manually.
2026-04-09 11:00:17,752 INFO o.a.j.t.JMeterThread: Stop Thread detected by thread: WETPAINT Group 1-68
2026-04-09 11:00:17,752 INFO o.a.j.t.JMeterThread: Thread finished: WETPAINT Group 1-68
2026-04-09 11:00:17,756 INFO o.a.j.t.JMeterThread: Stopping Thread: org.apache.jorphan.util.JMeterStopThreadException: The thread is scheduled to stop in 5413 ms and the throughput timer generates a delay of 6548. Terminating the thread manually.
2026-04-09 11:00:17,756 INFO o.a.j.t.JMeterThread: Stop Thread detected by thread: WETPAINT Group 1-13
2026-04-09 11:00:17,756 INFO o.a.j.t.JMeterThread: Thread finished: WETPAINT Group 1-13
2026-04-09 11:00:17,772 INFO o.a.j.t.JMeterThread: Stopping Thread: org.apache.jorphan.util.JMeterStopThreadException: The thread is scheduled to stop in 5491 ms and the throughput timer generates a delay of 6591. Terminating the thread manually.
2026-04-09 11:00:17,772 INFO o.a.j.t.JMeterThread: Stop Thread detected by thread: WETPAINT Group 1-36
2026-04-09 11:00:17,772 INFO o.a.j.t.JMeterThread: Thread finished: WETPAINT Group 1-36
2026-04-09 11:00:17,830 INFO o.a.j.t.JMeterThread: Stopping Thread: org.apache.jorphan.util.JMeterStopThreadException: The thread is scheduled to stop in 5550 ms and the throughput timer generates a delay of 6644. Terminating the thread manually.
2026-04-09 11:00:17,830 INFO o.a.j.t.JMeterThread: Stop Thread detected by thread: WETPAINT Group 1-80
2026-04-09 11:00:17,831 INFO o.a.j.t.JMeterThread: Thread finished: WETPAINT Group 1-80
2026-04-09 11:00:17,877 INFO o.a.j.t.JMeterThread: Stopping Thread: org.apache.jorphan.util.JMeterStopThreadException: The thread is scheduled to stop in 5357 ms and the throughput timer generates a delay of 6659. Terminating the thread manually.
2026-04-09 11:00:17,877 INFO o.a.j.t.JMeterThread: Stop Thread detected by thread: WETPAINT Group 1-30
2026-04-09 11:00:17,877 INFO o.a.j.t.JMeterThread: Thread finished: WETPAINT Group 1-30
2026-04-09 11:00:17,887 INFO o.a.j.t.JMeterThread: Stopping Thread: org.apache.jorphan.util.JMeterStopThreadException: The thread is scheduled to stop in 5260 ms and the throughput timer generates a delay of 6731. Terminating the thread manually.
2026-04-09 11:00:17,887 INFO o.a.j.t.JMeterThread: Stop Thread detected by thread: WETPAINT Group 1-8
2026-04-09 11:00:17,887 INFO o.a.j.t.JMeterThread: Thread finished: WETPAINT Group 1-8
2026-04-09 11:00:17,916 INFO o.a.j.t.JMeterThread: Stopping Thread: org.apache.jorphan.util.JMeterStopThreadException: The thread is scheduled to stop in 5470 ms and the throughput timer generates a delay of 6749. Terminating the thread manually.
2026-04-09 11:00:17,917 INFO o.a.j.t.JMeterThread: Stop Thread detected by thread: WETPAINT Group 1-83
2026-04-09 11:00:17,917 INFO o.a.j.t.JMeterThread: Thread finished: WETPAINT Group 1-83
2026-04-09 11:00:17,943 INFO o.a.j.t.JMeterThread: Stopping Thread: org.apache.jorphan.util.JMeterStopThreadException: The thread is scheduled to stop in 5328 ms and the throughput timer generates a delay of 6800. Terminating the thread manually.
2026-04-09 11:00:17,943 INFO o.a.j.t.JMeterThread: Stop Thread detected by thread: WETPAINT Group 1-39
2026-04-09 11:00:17,943 INFO o.a.j.t.JMeterThread: Thread finished: WETPAINT Group 1-39
2026-04-09 11:00:17,964 INFO o.a.j.t.JMeterThread: Stopping Thread: org.apache.jorphan.util.JMeterStopThreadException: The thread is scheduled to stop in 5319 ms and the throughput timer generates a delay of 6791. Terminating the thread manually.
2026-04-09 11:00:17,964 INFO o.a.j.t.JMeterThread: Stop Thread detected by thread: WETPAINT Group 1-43
2026-04-09 11:00:17,964 INFO o.a.j.t.JMeterThread: Thread finished: WETPAINT Group 1-43
2026-04-09 11:00:18,025 INFO o.a.j.t.JMeterThread: Stopping Thread: org.apache.jorphan.util.JMeterStopThreadException: The thread is scheduled to stop in 5346 ms and the throughput timer generates a delay of 6771. Terminating the thread manually.
2026-04-09 11:00:18,025 INFO o.a.j.t.JMeterThread: Stop Thread detected by thread: WETPAINT Group 1-76
2026-04-09 11:00:18,025 INFO o.a.j.t.JMeterThread: Thread finished: WETPAINT Group 1-76
2026-04-09 11:00:18,186 INFO o.a.j.t.JMeterThread: Stopping Thread: org.apache.jorphan.util.JMeterStopThreadException: The thread is scheduled to stop in 5162 ms and the throughput timer generates a delay of 6611. Terminating the thread manually.
2026-04-09 11:00:18,186 INFO o.a.j.t.JMeterThread: Stop Thread detected by thread: WETPAINT Group 1-67
2026-04-09 11:00:18,186 INFO o.a.j.t.JMeterThread: Thread finished: WETPAINT Group 1-67
2026-04-09 11:00:18,206 INFO o.a.j.t.JMeterThread: Stopping Thread: org.apache.jorphan.util.JMeterStopThreadException: The thread is scheduled to stop in 5108 ms and the throughput timer generates a delay of 6695. Terminating the thread manually.
2026-04-09 11:00:18,206 INFO o.a.j.t.JMeterThread: Stop Thread detected by thread: WETPAINT Group 1-56
2026-04-09 11:00:18,206 INFO o.a.j.t.JMeterThread: Thread finished: WETPAINT Group 1-56
2026-04-09 11:00:18,418 INFO o.a.j.t.JMeterThread: Stopping Thread: org.apache.jorphan.util.JMeterStopThreadException: The thread is scheduled to stop in 4743 ms and the throughput timer generates a delay of 6515. Terminating the thread manually.
2026-04-09 11:00:18,418 INFO o.a.j.t.JMeterThread: Stop Thread detected by thread: WETPAINT Group 1-11
2026-04-09 11:00:18,418 INFO o.a.j.t.JMeterThread: Thread finished: WETPAINT Group 1-11
2026-04-09 11:00:18,419 INFO o.a.j.t.JMeterThread: Stopping Thread: org.apache.jorphan.util.JMeterStopThreadException: The thread is scheduled to stop in 4959 ms and the throughput timer generates a delay of 6536. Terminating the thread manually.
2026-04-09 11:00:18,419 INFO o.a.j.t.JMeterThread: Stop Thread detected by thread: WETPAINT Group 1-79
2026-04-09 11:00:18,419 INFO o.a.j.t.JMeterThread: Thread finished: WETPAINT Group 1-79
2026-04-09 11:00:18,516 INFO o.a.j.t.JMeterThread: Stopping Thread: org.apache.jorphan.util.JMeterStopThreadException: The thread is scheduled to stop in 4822 ms and the throughput timer generates a delay of 6446. Terminating the thread manually.
2026-04-09 11:00:18,516 INFO o.a.j.t.JMeterThread: Stop Thread detected by thread: WETPAINT Group 1-63
2026-04-09 11:00:18,516 INFO o.a.j.t.JMeterThread: Stopping Thread: org.apache.jorphan.util.JMeterStopThreadException: The thread is scheduled to stop in 4793 ms and the throughput timer generates a delay of 6456. Terminating the thread manually.
2026-04-09 11:00:18,516 INFO o.a.j.t.JMeterThread: Thread finished: WETPAINT Group 1-63
2026-04-09 11:00:18,516 INFO o.a.j.t.JMeterThread: Stop Thread detected by thread: WETPAINT Group 1-54
2026-04-09 11:00:18,517 INFO o.a.j.t.JMeterThread: Thread finished: WETPAINT Group 1-54
2026-04-09 11:00:18,525 INFO o.a.j.t.JMeterThread: Stopping Thread: org.apache.jorphan.util.JMeterStopThreadException: The thread is scheduled to stop in 4781 ms and the throughput timer generates a delay of 6505. Terminating the thread manually.
2026-04-09 11:00:18,525 INFO o.a.j.t.JMeterThread: Stop Thread detected by thread: WETPAINT Group 1-53
2026-04-09 11:00:18,526 INFO o.a.j.t.JMeterThread: Thread finished: WETPAINT Group 1-53
2026-04-09 11:00:18,537 INFO o.a.j.t.JMeterThread: Stopping Thread: org.apache.jorphan.util.JMeterStopThreadException: The thread is scheduled to stop in 4827 ms and the throughput timer generates a delay of 6535. Terminating the thread manually.
2026-04-09 11:00:18,537 INFO o.a.j.t.JMeterThread: Stop Thread detected by thread: WETPAINT Group 1-73
2026-04-09 11:00:18,537 INFO o.a.j.t.JMeterThread: Thread finished: WETPAINT Group 1-73
2026-04-09 11:00:18,566 INFO o.a.j.t.JMeterThread: Stopping Thread: org.apache.jorphan.util.JMeterStopThreadException: The thread is scheduled to stop in 4823 ms and the throughput timer generates a delay of 6538. Terminating the thread manually.
2026-04-09 11:00:18,566 INFO o.a.j.t.JMeterThread: Stop Thread detected by thread: WETPAINT Group 1-85
2026-04-09 11:00:18,566 INFO o.a.j.t.JMeterThread: Thread finished: WETPAINT Group 1-85
2026-04-09 11:00:18,616 INFO o.a.j.t.JMeterThread: Stopping Thread: org.apache.jorphan.util.JMeterStopThreadException: The thread is scheduled to stop in 4669 ms and the throughput timer generates a delay of 6517. Terminating the thread manually.
2026-04-09 11:00:18,616 INFO o.a.j.t.JMeterThread: Stop Thread detected by thread: WETPAINT Group 1-44
2026-04-09 11:00:18,616 INFO o.a.j.t.JMeterThread: Thread finished: WETPAINT Group 1-44
2026-04-09 11:00:18,661 INFO o.a.j.t.JMeterThread: Stopping Thread: org.apache.jorphan.util.JMeterStopThreadException: The thread is scheduled to stop in 4705 ms and the throughput timer generates a delay of 6493. Terminating the thread manually.
2026-04-09 11:00:18,661 INFO o.a.j.t.JMeterThread: Stop Thread detected by thread: WETPAINT Group 1-74
2026-04-09 11:00:18,661 INFO o.a.j.t.JMeterThread: Thread finished: WETPAINT Group 1-74
2026-04-09 11:00:18,669 INFO o.a.j.t.JMeterThread: Stopping Thread: org.apache.jorphan.util.JMeterStopThreadException: The thread is scheduled to stop in 4561 ms and the throughput timer generates a delay of 6510. Terminating the thread manually.
2026-04-09 11:00:18,669 INFO o.a.j.t.JMeterThread: Stop Thread detected by thread: WETPAINT Group 1-29
2026-04-09 11:00:18,669 INFO o.a.j.t.JMeterThread: Thread finished: WETPAINT Group 1-29
2026-04-09 11:00:18,809 INFO o.a.j.t.JMeterThread: Stopping Thread: org.apache.jorphan.util.JMeterStopThreadException: The thread is scheduled to stop in 4598 ms and the throughput timer generates a delay of 6398. Terminating the thread manually.
2026-04-09 11:00:18,809 INFO o.a.j.t.JMeterThread: Stop Thread detected by thread: WETPAINT Group 1-94
2026-04-09 11:00:18,809 INFO o.a.j.t.JMeterThread: Thread finished: WETPAINT Group 1-94
2026-04-09 11:00:18,862 INFO o.a.j.t.JMeterThread: Stopping Thread: org.apache.jorphan.util.JMeterStopThreadException: The thread is scheduled to stop in 4291 ms and the throughput timer generates a delay of 6503. Terminating the thread manually.
2026-04-09 11:00:18,862 INFO o.a.j.t.JMeterThread: Stop Thread detected by thread: WETPAINT Group 1-9
2026-04-09 11:00:18,862 INFO o.a.j.t.JMeterThread: Thread finished: WETPAINT Group 1-9
2026-04-09 11:00:18,912 INFO o.a.j.t.JMeterThread: Stopping Thread: org.apache.jorphan.util.JMeterStopThreadException: The thread is scheduled to stop in 4503 ms and the throughput timer generates a delay of 6486. Terminating the thread manually.
2026-04-09 11:00:18,912 INFO o.a.j.t.JMeterThread: Stop Thread detected by thread: WETPAINT Group 1-99
2026-04-09 11:00:18,912 INFO o.a.j.t.JMeterThread: Thread finished: WETPAINT Group 1-99
2026-04-09 11:00:18,920 INFO o.a.j.t.JMeterThread: Stopping Thread: org.apache.jorphan.util.JMeterStopThreadException: The thread is scheduled to stop in 4473 ms and the throughput timer generates a delay of 6487. Terminating the thread manually.
2026-04-09 11:00:18,921 INFO o.a.j.t.JMeterThread: Stop Thread detected by thread: WETPAINT Group 1-87
2026-04-09 11:00:18,921 INFO o.a.j.t.JMeterThread: Thread finished: WETPAINT Group 1-87
2026-04-09 11:00:19,028 INFO o.a.j.t.JMeterThread: Stopping Thread: org.apache.jorphan.util.JMeterStopThreadException: The thread is scheduled to stop in 4199 ms and the throughput timer generates a delay of 6380. Terminating the thread manually.
2026-04-09 11:00:19,028 INFO o.a.j.t.JMeterThread: Stop Thread detected by thread: WETPAINT Group 1-28
2026-04-09 11:00:19,028 INFO o.a.j.t.JMeterThread: Thread finished: WETPAINT Group 1-28
2026-04-09 11:00:19,076 INFO o.a.j.t.JMeterThread: Stopping Thread: org.apache.jorphan.util.JMeterStopThreadException: The thread is scheduled to stop in 4201 ms and the throughput timer generates a delay of 6375. Terminating the thread manually.
2026-04-09 11:00:19,076 INFO o.a.j.t.JMeterThread: Stop Thread detected by thread: WETPAINT Group 1-41
2026-04-09 11:00:19,076 INFO o.a.j.t.JMeterThread: Thread finished: WETPAINT Group 1-41
2026-04-09 11:00:19,161 INFO o.a.j.t.JMeterThread: Stopping Thread: org.apache.jorphan.util.JMeterStopThreadException: The thread is scheduled to stop in 3963 ms and the throughput timer generates a delay of 6447. Terminating the thread manually.
2026-04-09 11:00:19,161 INFO o.a.j.t.JMeterThread: Stop Thread detected by thread: WETPAINT Group 1-3
2026-04-09 11:00:19,161 INFO o.a.j.t.JMeterThread: Thread finished: WETPAINT Group 1-3
2026-04-09 11:00:19,180 INFO o.a.j.t.JMeterThread: Stopping Thread: org.apache.jorphan.util.JMeterStopThreadException: The thread is scheduled to stop in 4109 ms and the throughput timer generates a delay of 6549. Terminating the thread manually.
2026-04-09 11:00:19,180 INFO o.a.j.t.JMeterThread: Stopping Thread: org.apache.jorphan.util.JMeterStopThreadException: The thread is scheduled to stop in 3977 ms and the throughput timer generates a delay of 6583. Terminating the thread manually.
2026-04-09 11:00:19,180 INFO o.a.j.t.JMeterThread: Stop Thread detected by thread: WETPAINT Group 1-45
2026-04-09 11:00:19,180 INFO o.a.j.t.JMeterThread: Stop Thread detected by thread: WETPAINT Group 1-10
2026-04-09 11:00:19,180 INFO o.a.j.t.JMeterThread: Thread finished: WETPAINT Group 1-45
2026-04-09 11:00:19,180 INFO o.a.j.t.JMeterThread: Thread finished: WETPAINT Group 1-10
2026-04-09 11:00:19,198 INFO o.a.j.t.JMeterThread: Stopping Thread: org.apache.jorphan.util.JMeterStopThreadException: The thread is scheduled to stop in 3913 ms and the throughput timer generates a delay of 6626. Terminating the thread manually.
2026-04-09 11:00:19,198 INFO o.a.j.t.JMeterThread: Stop Thread detected by thread: WETPAINT Group 1-1
2026-04-09 11:00:19,198 INFO o.a.j.t.JMeterThread: Thread finished: WETPAINT Group 1-1
2026-04-09 11:00:19,213 INFO o.a.j.t.JMeterThread: Stopping Thread: org.apache.jorphan.util.JMeterStopThreadException: The thread is scheduled to stop in 4083 ms and the throughput timer generates a delay of 6612. Terminating the thread manually.
2026-04-09 11:00:19,213 INFO o.a.j.t.JMeterThread: Stop Thread detected by thread: WETPAINT Group 1-48
2026-04-09 11:00:19,213 INFO o.a.j.t.JMeterThread: Thread finished: WETPAINT Group 1-48
2026-04-09 11:00:19,317 INFO o.a.j.t.JMeterThread: Stopping Thread: org.apache.jorphan.util.JMeterStopThreadException: The thread is scheduled to stop in 3920 ms and the throughput timer generates a delay of 6666. Terminating the thread manually.
2026-04-09 11:00:19,317 INFO o.a.j.t.JMeterThread: Stop Thread detected by thread: WETPAINT Group 1-31
2026-04-09 11:00:19,317 INFO o.a.j.t.JMeterThread: Thread finished: WETPAINT Group 1-31
2026-04-09 11:00:19,323 INFO o.a.j.t.JMeterThread: Stopping Thread: org.apache.jorphan.util.JMeterStopThreadException: The thread is scheduled to stop in 3977 ms and the throughput timer generates a delay of 6682. Terminating the thread manually.
2026-04-09 11:00:19,323 INFO o.a.j.t.JMeterThread: Stop Thread detected by thread: WETPAINT Group 1-50
2026-04-09 11:00:19,323 INFO o.a.j.t.JMeterThread: Thread finished: WETPAINT Group 1-50
2026-04-09 11:00:19,361 INFO o.a.j.t.JMeterThread: Stopping Thread: org.apache.jorphan.util.JMeterStopThreadException: The thread is scheduled to stop in 3804 ms and the throughput timer generates a delay of 6774. Terminating the thread manually.
2026-04-09 11:00:19,361 INFO o.a.j.t.JMeterThread: Stop Thread detected by thread: WETPAINT Group 1-12
2026-04-09 11:00:19,361 INFO o.a.j.t.JMeterThread: Thread finished: WETPAINT Group 1-12
2026-04-09 11:00:19,400 INFO o.a.j.t.JMeterThread: Stopping Thread: org.apache.jorphan.util.JMeterStopThreadException: The thread is scheduled to stop in 3996 ms and the throughput timer generates a delay of 6819. Terminating the thread manually.
2026-04-09 11:00:19,400 INFO o.a.j.t.JMeterThread: Stop Thread detected by thread: WETPAINT Group 1-89
2026-04-09 11:00:19,400 INFO o.a.j.t.JMeterThread: Thread finished: WETPAINT Group 1-89
2026-04-09 11:00:19,537 INFO o.a.j.t.JMeterThread: Stopping Thread: org.apache.jorphan.util.JMeterStopThreadException: The thread is scheduled to stop in 3765 ms and the throughput timer generates a delay of 6720. Terminating the thread manually.
2026-04-09 11:00:19,537 INFO o.a.j.t.JMeterThread: Stop Thread detected by thread: WETPAINT Group 1-51
2026-04-09 11:00:19,537 INFO o.a.j.t.JMeterThread: Thread finished: WETPAINT Group 1-51
2026-04-09 11:00:19,571 INFO o.a.j.t.JMeterThread: Stopping Thread: org.apache.jorphan.util.JMeterStopThreadException: The thread is scheduled to stop in 3763 ms and the throughput timer generates a delay of 6689. Terminating the thread manually.
2026-04-09 11:00:19,571 INFO o.a.j.t.JMeterThread: Stop Thread detected by thread: WETPAINT Group 1-62
2026-04-09 11:00:19,571 INFO o.a.j.t.JMeterThread: Thread finished: WETPAINT Group 1-62
2026-04-09 11:00:19,951 INFO o.a.j.t.JMeterThread: Stopping Thread: org.apache.jorphan.util.JMeterStopThreadException: The thread is scheduled to stop in 3395 ms and the throughput timer generates a delay of 6349. Terminating the thread manually.
2026-04-09 11:00:19,951 INFO o.a.j.t.JMeterThread: Stop Thread detected by thread: WETPAINT Group 1-66
2026-04-09 11:00:19,951 INFO o.a.j.t.JMeterThread: Thread finished: WETPAINT Group 1-66
2026-04-09 11:00:19,962 INFO o.a.j.t.JMeterThread: Stopping Thread: org.apache.jorphan.util.JMeterStopThreadException: The thread is scheduled to stop in 3259 ms and the throughput timer generates a delay of 6340. Terminating the thread manually.
2026-04-09 11:00:19,962 INFO o.a.j.t.JMeterThread: Stop Thread detected by thread: WETPAINT Group 1-26
2026-04-09 11:00:19,963 INFO o.a.j.t.JMeterThread: Thread finished: WETPAINT Group 1-26
2026-04-09 11:00:20,197 INFO o.a.j.t.JMeterThread: Stopping Thread: org.apache.jorphan.util.JMeterStopThreadException: The thread is scheduled to stop in 3213 ms and the throughput timer generates a delay of 6116. Terminating the thread manually.
2026-04-09 11:00:20,198 INFO o.a.j.t.JMeterThread: Stop Thread detected by thread: WETPAINT Group 1-96
2026-04-09 11:00:20,198 INFO o.a.j.t.JMeterThread: Thread finished: WETPAINT Group 1-96
2026-04-09 11:00:20,237 INFO o.a.j.t.JMeterThread: Stopping Thread: org.apache.jorphan.util.JMeterStopThreadException: The thread is scheduled to stop in 3163 ms and the throughput timer generates a delay of 6087. Terminating the thread manually.
2026-04-09 11:00:20,237 INFO o.a.j.t.JMeterThread: Stop Thread detected by thread: WETPAINT Group 1-91
2026-04-09 11:00:20,237 INFO o.a.j.t.JMeterThread: Thread finished: WETPAINT Group 1-91
2026-04-09 11:00:20,486 INFO o.a.j.t.JMeterThread: Stopping Thread: org.apache.jorphan.util.JMeterStopThreadException: The thread is scheduled to stop in 2898 ms and the throughput timer generates a delay of 5918. Terminating the thread manually.
2026-04-09 11:00:20,487 INFO o.a.j.t.JMeterThread: Stop Thread detected by thread: WETPAINT Group 1-82
2026-04-09 11:00:20,487 INFO o.a.j.t.JMeterThread: Thread finished: WETPAINT Group 1-82
2026-04-09 11:00:20,573 INFO o.a.j.t.JMeterThread: Stopping Thread: org.apache.jorphan.util.JMeterStopThreadException: The thread is scheduled to stop in 2718 ms and the throughput timer generates a delay of 5834. Terminating the thread manually.
2026-04-09 11:00:20,574 INFO o.a.j.t.JMeterThread: Stop Thread detected by thread: WETPAINT Group 1-46
2026-04-09 11:00:20,574 INFO o.a.j.t.JMeterThread: Thread finished: WETPAINT Group 1-46
2026-04-09 11:00:20,763 INFO o.a.j.t.JMeterThread: Stopping Thread: org.apache.jorphan.util.JMeterStopThreadException: The thread is scheduled to stop in 2481 ms and the throughput timer generates a delay of 5692. Terminating the thread manually.
2026-04-09 11:00:20,763 INFO o.a.j.t.JMeterThread: Stop Thread detected by thread: WETPAINT Group 1-33
2026-04-09 11:00:20,763 INFO o.a.j.t.JMeterThread: Thread finished: WETPAINT Group 1-33
2026-04-09 11:00:20,779 INFO o.a.j.t.JMeterThread: Stopping Thread: org.apache.jorphan.util.JMeterStopThreadException: The thread is scheduled to stop in 2519 ms and the throughput timer generates a delay of 5728. Terminating the thread manually.
2026-04-09 11:00:20,780 INFO o.a.j.t.JMeterThread: Stop Thread detected by thread: WETPAINT Group 1-49
2026-04-09 11:00:20,780 INFO o.a.j.t.JMeterThread: Thread finished: WETPAINT Group 1-49
2026-04-09 11:00:20,828 INFO o.a.j.t.JMeterThread: Stopping Thread: org.apache.jorphan.util.JMeterStopThreadException: The thread is scheduled to stop in 2528 ms and the throughput timer generates a delay of 5848. Terminating the thread manually.
2026-04-09 11:00:20,828 INFO o.a.j.t.JMeterThread: Stop Thread detected by thread: WETPAINT Group 1-70
2026-04-09 11:00:20,828 INFO o.a.j.t.JMeterThread: Thread finished: WETPAINT Group 1-70
2026-04-09 11:00:21,041 INFO o.a.j.t.JMeterThread: Stopping Thread: org.apache.jorphan.util.JMeterStopThreadException: The thread is scheduled to stop in 2132 ms and the throughput timer generates a delay of 5708. Terminating the thread manually.
2026-04-09 11:00:21,041 INFO o.a.j.t.JMeterThread: Stop Thread detected by thread: WETPAINT Group 1-14
2026-04-09 11:00:21,041 INFO o.a.j.t.JMeterThread: Thread finished: WETPAINT Group 1-14
2026-04-09 11:00:21,380 INFO o.a.j.t.JMeterThread: Stopping Thread: org.apache.jorphan.util.JMeterStopThreadException: The thread is scheduled to stop in 1988 ms and the throughput timer generates a delay of 5496. Terminating the thread manually.
2026-04-09 11:00:21,380 INFO o.a.j.t.JMeterThread: Stop Thread detected by thread: WETPAINT Group 1-75
2026-04-09 11:00:21,380 INFO o.a.j.t.JMeterThread: Thread finished: WETPAINT Group 1-75
2026-04-09 11:00:21,401 INFO o.a.j.t.JMeterThread: Stopping Thread: org.apache.jorphan.util.JMeterStopThreadException: The thread is scheduled to stop in 1804 ms and the throughput timer generates a delay of 5507. Terminating the thread manually.
2026-04-09 11:00:21,401 INFO o.a.j.t.JMeterThread: Stop Thread detected by thread: WETPAINT Group 1-22
2026-04-09 11:00:21,401 INFO o.a.j.t.JMeterThread: Thread finished: WETPAINT Group 1-22
2026-04-09 11:00:21,428 INFO o.a.j.t.JMeterThread: Stopping Thread: org.apache.jorphan.util.JMeterStopThreadException: The thread is scheduled to stop in 1986 ms and the throughput timer generates a delay of 5512. Terminating the thread manually.
2026-04-09 11:00:21,428 INFO o.a.j.t.JMeterThread: Stop Thread detected by thread: WETPAINT Group 1-98
2026-04-09 11:00:21,428 INFO o.a.j.t.JMeterThread: Thread finished: WETPAINT Group 1-98
2026-04-09 11:00:21,492 INFO o.a.j.t.JMeterThread: Stopping Thread: org.apache.jorphan.util.JMeterStopThreadException: The thread is scheduled to stop in 1839 ms and the throughput timer generates a delay of 5501. Terminating the thread manually.
2026-04-09 11:00:21,492 INFO o.a.j.t.JMeterThread: Stop Thread detected by thread: WETPAINT Group 1-61
2026-04-09 11:00:21,492 INFO o.a.j.t.JMeterThread: Thread finished: WETPAINT Group 1-61
2026-04-09 11:00:21,499 INFO o.a.j.t.JMeterThread: Stopping Thread: org.apache.jorphan.util.JMeterStopThreadException: The thread is scheduled to stop in 1695 ms and the throughput timer generates a delay of 5494. Terminating the thread manually.
2026-04-09 11:00:21,499 INFO o.a.j.t.JMeterThread: Stop Thread detected by thread: WETPAINT Group 1-19
2026-04-09 11:00:21,499 INFO o.a.j.t.JMeterThread: Thread finished: WETPAINT Group 1-19
2026-04-09 11:00:21,525 INFO o.a.j.t.JMeterThread: Stopping Thread: org.apache.jorphan.util.JMeterStopThreadException: The thread is scheduled to stop in 1610 ms and the throughput timer generates a delay of 5482. Terminating the thread manually.
2026-04-09 11:00:21,525 INFO o.a.j.t.JMeterThread: Stop Thread detected by thread: WETPAINT Group 1-5
2026-04-09 11:00:21,525 INFO o.a.j.t.JMeterThread: Thread finished: WETPAINT Group 1-5
2026-04-09 11:00:21,559 INFO o.a.j.t.JMeterThread: Stopping Thread: org.apache.jorphan.util.JMeterStopThreadException: The thread is scheduled to stop in 1561 ms and the throughput timer generates a delay of 5636. Terminating the thread manually.
2026-04-09 11:00:21,559 INFO o.a.j.t.JMeterThread: Stop Thread detected by thread: WETPAINT Group 1-2
2026-04-09 11:00:21,559 INFO o.a.j.t.JMeterThread: Thread finished: WETPAINT Group 1-2
2026-04-09 11:00:21,567 INFO o.a.j.t.JMeterThread: Stopping Thread: org.apache.jorphan.util.JMeterStopThreadException: The thread is scheduled to stop in 1751 ms and the throughput timer generates a delay of 5671. Terminating the thread manually.
2026-04-09 11:00:21,568 INFO o.a.j.t.JMeterThread: Stop Thread detected by thread: WETPAINT Group 1-58
2026-04-09 11:00:21,568 INFO o.a.j.t.JMeterThread: Thread finished: WETPAINT Group 1-58
2026-04-09 11:00:21,605 INFO o.a.j.t.JMeterThread: Stopping Thread: org.apache.jorphan.util.JMeterStopThreadException: The thread is scheduled to stop in 1659 ms and the throughput timer generates a delay of 5678. Terminating the thread manually.
2026-04-09 11:00:21,606 INFO o.a.j.t.JMeterThread: Stop Thread detected by thread: WETPAINT Group 1-37
2026-04-09 11:00:21,606 INFO o.a.j.t.JMeterThread: Thread finished: WETPAINT Group 1-37
2026-04-09 11:00:21,687 INFO o.a.j.t.JMeterThread: Stopping Thread: org.apache.jorphan.util.JMeterStopThreadException: The thread is scheduled to stop in 1531 ms and the throughput timer generates a delay of 5643. Terminating the thread manually.
2026-04-09 11:00:21,687 INFO o.a.j.t.JMeterThread: Stop Thread detected by thread: WETPAINT Group 1-25
2026-04-09 11:00:21,687 INFO o.a.j.t.JMeterThread: Thread finished: WETPAINT Group 1-25
2026-04-09 11:00:21,822 INFO o.a.j.t.JMeterThread: Stopping Thread: org.apache.jorphan.util.JMeterStopThreadException: The thread is scheduled to stop in 1505 ms and the throughput timer generates a delay of 5509. Terminating the thread manually.
2026-04-09 11:00:21,822 INFO o.a.j.t.JMeterThread: Stop Thread detected by thread: WETPAINT Group 1-60
2026-04-09 11:00:21,822 INFO o.a.j.t.JMeterThread: Thread finished: WETPAINT Group 1-60
2026-04-09 11:00:21,869 INFO o.a.j.t.JMeterThread: Stopping Thread: org.apache.jorphan.util.JMeterStopThreadException: The thread is scheduled to stop in 1442 ms and the throughput timer generates a delay of 5472. Terminating the thread manually.
2026-04-09 11:00:21,869 INFO o.a.j.t.JMeterThread: Stop Thread detected by thread: WETPAINT Group 1-55
2026-04-09 11:00:21,869 INFO o.a.j.t.JMeterThread: Thread finished: WETPAINT Group 1-55
2026-04-09 11:00:21,879 INFO o.a.j.t.JMeterThread: Stopping Thread: org.apache.jorphan.util.JMeterStopThreadException: The thread is scheduled to stop in 1362 ms and the throughput timer generates a delay of 5497. Terminating the thread manually.
2026-04-09 11:00:21,879 INFO o.a.j.t.JMeterThread: Stop Thread detected by thread: WETPAINT Group 1-32
2026-04-09 11:00:21,879 INFO o.a.j.t.JMeterThread: Thread finished: WETPAINT Group 1-32
2026-04-09 11:00:22,066 INFO o.a.j.t.JMeterThread: Stopping Thread: org.apache.jorphan.util.JMeterStopThreadException: The thread is scheduled to stop in 1351 ms and the throughput timer generates a delay of 5328. Terminating the thread manually.
2026-04-09 11:00:22,066 INFO o.a.j.t.JMeterThread: Stop Thread detected by thread: WETPAINT Group 1-100
2026-04-09 11:00:22,066 INFO o.a.j.t.JMeterThread: Thread finished: WETPAINT Group 1-100
2026-04-09 11:00:22,098 INFO o.a.j.t.JMeterThread: Stopping Thread: org.apache.jorphan.util.JMeterStopThreadException: The thread is scheduled to stop in 1195 ms and the throughput timer generates a delay of 5305. Terminating the thread manually.
2026-04-09 11:00:22,098 INFO o.a.j.t.JMeterThread: Stop Thread detected by thread: WETPAINT Group 1-47
2026-04-09 11:00:22,098 INFO o.a.j.t.JMeterThread: Thread finished: WETPAINT Group 1-47
2026-04-09 11:00:22,111 INFO o.a.j.t.JMeterThread: Stopping Thread: org.apache.jorphan.util.JMeterStopThreadException: The thread is scheduled to stop in 1071 ms and the throughput timer generates a delay of 5487. Terminating the thread manually.
2026-04-09 11:00:22,111 INFO o.a.j.t.JMeterThread: Stop Thread detected by thread: WETPAINT Group 1-16
2026-04-09 11:00:22,111 INFO o.a.j.t.JMeterThread: Thread finished: WETPAINT Group 1-16
2026-04-09 11:00:22,179 INFO o.a.j.t.JMeterThread: Stopping Thread: org.apache.jorphan.util.JMeterStopThreadException: The thread is scheduled to stop in 1196 ms and the throughput timer generates a delay of 5507. Terminating the thread manually.
2026-04-09 11:00:22,179 INFO o.a.j.t.JMeterThread: Stop Thread detected by thread: WETPAINT Group 1-78
2026-04-09 11:00:22,179 INFO o.a.j.t.JMeterThread: Thread finished: WETPAINT Group 1-78
2026-04-09 11:00:22,365 INFO o.a.j.t.JMeterThread: Stopping Thread: org.apache.jorphan.util.JMeterStopThreadException: The thread is scheduled to stop in 988 ms and the throughput timer generates a delay of 5483. Terminating the thread manually.
2026-04-09 11:00:22,365 INFO o.a.j.t.JMeterThread: Stopping Thread: org.apache.jorphan.util.JMeterStopThreadException: The thread is scheduled to stop in 904 ms and the throughput timer generates a delay of 5338. Terminating the thread manually.
2026-04-09 11:00:22,365 INFO o.a.j.t.JMeterThread: Stop Thread detected by thread: WETPAINT Group 1-69
2026-04-09 11:00:22,365 INFO o.a.j.t.JMeterThread: Stop Thread detected by thread: WETPAINT Group 1-38
2026-04-09 11:00:22,365 INFO o.a.j.t.JMeterThread: Thread finished: WETPAINT Group 1-69
2026-04-09 11:00:22,365 INFO o.a.j.t.JMeterThread: Thread finished: WETPAINT Group 1-38
2026-04-09 11:00:22,388 INFO o.a.j.t.JMeterThread: Stopping Thread: org.apache.jorphan.util.JMeterStopThreadException: The thread is scheduled to stop in 1015 ms and the throughput timer generates a delay of 5569. Terminating the thread manually.
2026-04-09 11:00:22,388 INFO o.a.j.t.JMeterThread: Stop Thread detected by thread: WETPAINT Group 1-93
2026-04-09 11:00:22,388 INFO o.a.j.t.JMeterThread: Thread finished: WETPAINT Group 1-93
2026-04-09 11:00:22,451 INFO o.a.j.t.JMeterThread: Stopping Thread: org.apache.jorphan.util.JMeterStopThreadException: The thread is scheduled to stop in 940 ms and the throughput timer generates a delay of 5521. Terminating the thread manually.
2026-04-09 11:00:22,451 INFO o.a.j.t.JMeterThread: Stop Thread detected by thread: WETPAINT Group 1-86
2026-04-09 11:00:22,451 INFO o.a.j.t.JMeterThread: Thread finished: WETPAINT Group 1-86
2026-04-09 11:00:22,464 INFO o.a.j.t.JMeterThread: Stopping Thread: org.apache.jorphan.util.JMeterStopThreadException: The thread is scheduled to stop in 918 ms and the throughput timer generates a delay of 5528. Terminating the thread manually.
2026-04-09 11:00:22,464 INFO o.a.j.t.JMeterThread: Stop Thread detected by thread: WETPAINT Group 1-81
2026-04-09 11:00:22,464 INFO o.a.j.t.JMeterThread: Thread finished: WETPAINT Group 1-81
2026-04-09 11:00:22,567 INFO o.a.j.t.JMeterThread: Stopping Thread: org.apache.jorphan.util.JMeterStopThreadException: The thread is scheduled to stop in 795 ms and the throughput timer generates a delay of 5448. Terminating the thread manually.
2026-04-09 11:00:22,567 INFO o.a.j.t.JMeterThread: Stop Thread detected by thread: WETPAINT Group 1-72
2026-04-09 11:00:22,567 INFO o.a.j.t.JMeterThread: Thread finished: WETPAINT Group 1-72
2026-04-09 11:00:22,577 INFO o.a.j.t.JMeterThread: Stopping Thread: org.apache.jorphan.util.JMeterStopThreadException: The thread is scheduled to stop in 811 ms and the throughput timer generates a delay of 5500. Terminating the thread manually.
2026-04-09 11:00:22,577 INFO o.a.j.t.JMeterThread: Stop Thread detected by thread: WETPAINT Group 1-84
2026-04-09 11:00:22,577 INFO o.a.j.t.JMeterThread: Thread finished: WETPAINT Group 1-84
2026-04-09 11:00:22,678 INFO o.a.j.t.JMeterThread: Stopping Thread: org.apache.jorphan.util.JMeterStopThreadException: The thread is scheduled to stop in 575 ms and the throughput timer generates a delay of 5426. Terminating the thread manually.
2026-04-09 11:00:22,678 INFO o.a.j.t.JMeterThread: Stop Thread detected by thread: WETPAINT Group 1-34
2026-04-09 11:00:22,678 INFO o.a.j.t.JMeterThread: Thread finished: WETPAINT Group 1-34
2026-04-09 11:00:22,793 INFO o.a.j.t.JMeterThread: Stopping Thread: org.apache.jorphan.util.JMeterStopThreadException: The thread is scheduled to stop in 615 ms and the throughput timer generates a delay of 5344. Terminating the thread manually.
2026-04-09 11:00:22,794 INFO o.a.j.t.JMeterThread: Stop Thread detected by thread: WETPAINT Group 1-95
2026-04-09 11:00:22,794 INFO o.a.j.t.JMeterThread: Thread finished: WETPAINT Group 1-95
2026-04-09 11:00:22,857 INFO o.a.j.t.JMeterThread: Stopping Thread: org.apache.jorphan.util.JMeterStopThreadException: The thread is scheduled to stop in 423 ms and the throughput timer generates a delay of 5326. Terminating the thread manually.
2026-04-09 11:00:22,857 INFO o.a.j.t.JMeterThread: Stop Thread detected by thread: WETPAINT Group 1-42
2026-04-09 11:00:22,857 INFO o.a.j.t.JMeterThread: Thread finished: WETPAINT Group 1-42
2026-04-09 11:00:22,884 INFO o.a.j.t.JMeterThread: Stopping Thread: org.apache.jorphan.util.JMeterStopThreadException: The thread is scheduled to stop in 459 ms and the throughput timer generates a delay of 5422. Terminating the thread manually.
2026-04-09 11:00:22,884 INFO o.a.j.t.JMeterThread: Stop Thread detected by thread: WETPAINT Group 1-65
2026-04-09 11:00:22,884 INFO o.a.j.t.JMeterThread: Thread finished: WETPAINT Group 1-65
2026-04-09 11:00:22,916 INFO o.a.j.t.JMeterThread: Stopping Thread: org.apache.jorphan.util.JMeterStopThreadException: The thread is scheduled to stop in 281 ms and the throughput timer generates a delay of 5458. Terminating the thread manually.
2026-04-09 11:00:22,916 INFO o.a.j.t.JMeterThread: Stop Thread detected by thread: WETPAINT Group 1-20
2026-04-09 11:00:22,916 INFO o.a.j.t.JMeterThread: Thread finished: WETPAINT Group 1-20
2026-04-09 11:00:22,921 INFO o.a.j.t.JMeterThread: Stopping Thread: org.apache.jorphan.util.JMeterStopThreadException: The thread is scheduled to stop in 353 ms and the throughput timer generates a delay of 5455. Terminating the thread manually.
2026-04-09 11:00:22,921 INFO o.a.j.t.JMeterThread: Stop Thread detected by thread: WETPAINT Group 1-40
2026-04-09 11:00:22,921 INFO o.a.j.t.JMeterThread: Thread finished: WETPAINT Group 1-40
2026-04-09 11:00:22,955 INFO o.a.j.t.JMeterThread: Stopping Thread: org.apache.jorphan.util.JMeterStopThreadException: The thread is scheduled to stop in 174 ms and the throughput timer generates a delay of 5513. Terminating the thread manually.
2026-04-09 11:00:22,956 INFO o.a.j.t.JMeterThread: Stop Thread detected by thread: WETPAINT Group 1-4
2026-04-09 11:00:22,956 INFO o.a.j.t.JMeterThread: Thread finished: WETPAINT Group 1-4
2026-04-09 11:00:23,004 INFO o.a.j.t.JMeterThread: Stopping Thread: org.apache.jorphan.util.JMeterStopThreadException: The thread is scheduled to stop in 182 ms and the throughput timer generates a delay of 5521. Terminating the thread manually.
2026-04-09 11:00:23,004 INFO o.a.j.t.JMeterThread: Stop Thread detected by thread: WETPAINT Group 1-17
2026-04-09 11:00:23,004 INFO o.a.j.t.JMeterThread: Thread finished: WETPAINT Group 1-17
2026-04-09 11:00:23,021 INFO o.a.j.t.JMeterThread: Stopping Thread: org.apache.jorphan.util.JMeterStopThreadException: The thread is scheduled to stop in 283 ms and the throughput timer generates a delay of 5513. Terminating the thread manually.
2026-04-09 11:00:23,021 INFO o.a.j.t.JMeterThread: Stop Thread detected by thread: WETPAINT Group 1-52
2026-04-09 11:00:23,021 INFO o.a.j.t.JMeterThread: Thread finished: WETPAINT Group 1-52
2026-04-09 11:00:23,197 INFO o.a.j.t.JMeterThread: Stopping because end time detected by thread: WETPAINT Group 1-15
2026-04-09 11:00:23,197 INFO o.a.j.t.JMeterThread: Thread finished: WETPAINT Group 1-15
2026-04-09 11:00:23,197 INFO o.a.j.e.StandardJMeterEngine: Notifying test listeners of end of test
2026-04-09 11:00:23,198 INFO o.a.j.s.FileServer: Close: C:\Users\suppo\Desktop\國衛院-兒童web\stress\users.csv
2026-04-09 11:00:23,199 INFO o.a.j.r.Summariser: summary +    414 in 00:00:23 =   17.9/s Avg:    28 Min:     1 Max:   322 Err:    28 (6.76%) Active: 0 Started: 100 Finished: 100
2026-04-09 11:00:23,199 INFO o.a.j.r.Summariser: summary =  10003 in 00:10:00 =   16.7/s Avg:    29 Min:     0 Max:  2931 Err:   929 (9.29%)
2026-04-09 11:00:23,199 INFO o.a.j.JMeter: Generating Dashboard
2026-04-09 11:00:23,199 INFO o.a.j.r.d.ReportGenerator: Flushing result collector before report Generation
2026-04-09 11:00:23,215 INFO o.a.j.r.p.NormalizerSampleConsumer: Using format, 'ms', to parse timeStamp field
2026-04-09 11:00:23,721 INFO o.a.j.r.p.AbstractSampleConsumer: class org.apache.jmeter.report.processor.AggregateConsumer#stopProducing(): beginDate produced 0 samples
2026-04-09 11:00:23,721 INFO o.a.j.r.p.AbstractSampleConsumer: class org.apache.jmeter.report.processor.AggregateConsumer#stopProducing(): endDate produced 0 samples
2026-04-09 11:00:23,723 INFO o.a.j.r.p.AbstractSampleConsumer: class org.apache.jmeter.report.processor.ApdexSummaryConsumer#stopProducing(): apdexSummary produced 0 samples
2026-04-09 11:00:23,723 INFO o.a.j.r.p.AbstractSampleConsumer: class org.apache.jmeter.report.processor.RequestsSummaryConsumer#stopProducing(): requestsSummary produced 0 samples
2026-04-09 11:00:23,745 INFO o.a.j.r.p.AbstractSampleConsumer: class org.apache.jmeter.report.processor.StatisticsSummaryConsumer#stopProducing(): statisticsSummary produced 0 samples
2026-04-09 11:00:23,748 INFO o.a.j.r.p.AbstractSampleConsumer: class org.apache.jmeter.report.processor.Top5ErrorsBySamplerConsumer#stopProducing(): top5ErrorsBySampler produced 0 samples
2026-04-09 11:00:23,749 INFO o.a.j.r.p.AbstractSampleConsumer: class org.apache.jmeter.report.processor.ErrorsSummaryConsumer#stopProducing(): errorsSummary produced 0 samples
2026-04-09 11:00:23,749 INFO o.a.j.r.p.AbstractSampleConsumer: class org.apache.jmeter.report.processor.graph.impl.HitsPerSecondGraphConsumer#stopProducing(): hitsPerSecond produced 0 samples
2026-04-09 11:00:23,862 INFO o.a.j.r.p.AbstractSampleConsumer: class org.apache.jmeter.report.processor.graph.impl.LatencyVSRequestGraphConsumer#stopProducing(): latencyVsRequest produced 0 samples
2026-04-09 11:00:23,863 INFO o.a.j.r.p.AbstractSampleConsumer: class org.apache.jmeter.report.processor.graph.impl.SyntheticResponseTimeDistributionGraphConsumer#stopProducing(): syntheticResponseTimeDistribution produced 0 samples
2026-04-09 11:00:23,864 INFO o.a.j.r.p.AbstractSampleConsumer: class org.apache.jmeter.report.processor.graph.impl.BytesThroughputGraphConsumer#stopProducing(): bytesThroughputOverTime produced 0 samples
2026-04-09 11:00:23,864 INFO o.a.j.r.p.AbstractSampleConsumer: class org.apache.jmeter.report.processor.graph.impl.CodesPerSecondGraphConsumer#stopProducing(): codesPerSecond produced 0 samples
2026-04-09 11:00:23,930 INFO o.a.j.r.p.AbstractSampleConsumer: class org.apache.jmeter.report.processor.graph.impl.ResponseTimeVSRequestGraphConsumer#stopProducing(): responseTimeVsRequest produced 0 samples
2026-04-09 11:00:23,931 INFO o.a.j.r.p.AbstractSampleConsumer: class org.apache.jmeter.report.processor.FilterConsumer#stopProducing(): startIntervalControlerFilter produced 70021 samples
2026-04-09 11:00:23,931 INFO o.a.j.r.p.AbstractSampleConsumer: class org.apache.jmeter.report.processor.graph.impl.TotalTPSGraphConsumer#stopProducing(): totalTPS produced 0 samples
2026-04-09 11:00:23,931 INFO o.a.j.r.p.AbstractSampleConsumer: class org.apache.jmeter.report.processor.graph.impl.ActiveThreadsGraphConsumer#stopProducing(): activeThreadsOverTime produced 0 samples
2026-04-09 11:00:23,931 INFO o.a.j.r.p.AbstractSampleConsumer: class org.apache.jmeter.report.processor.graph.impl.TimeVSThreadGraphConsumer#stopProducing(): timeVsThreads produced 0 samples
2026-04-09 11:00:23,940 INFO o.a.j.r.p.AbstractSampleConsumer: class org.apache.jmeter.report.processor.graph.impl.ResponseTimeDistributionGraphConsumer#stopProducing(): responseTimeDistribution produced 0 samples
2026-04-09 11:00:23,941 INFO o.a.j.r.p.AbstractSampleConsumer: class org.apache.jmeter.report.processor.graph.impl.TransactionsPerSecondGraphConsumer#stopProducing(): transactionsPerSecond produced 0 samples
2026-04-09 11:00:23,942 INFO o.a.j.r.p.AbstractSampleConsumer: class org.apache.jmeter.report.processor.graph.impl.ResponseTimePercentilesGraphConsumer#stopProducing(): responseTimePercentiles produced 0 samples
2026-04-09 11:00:23,950 INFO o.a.j.r.p.AbstractSampleConsumer: class org.apache.jmeter.report.processor.graph.impl.ResponseTimePercentilesOverTimeGraphConsumer#stopProducing(): responseTimePercentilesOverTime produced 0 samples
2026-04-09 11:00:23,953 INFO o.a.j.r.p.AbstractSampleConsumer: class org.apache.jmeter.report.processor.graph.impl.ResponseTimeOverTimeGraphConsumer#stopProducing(): responseTimesOverTime produced 0 samples
2026-04-09 11:00:23,954 INFO o.a.j.r.p.AbstractSampleConsumer: class org.apache.jmeter.report.processor.graph.impl.ConnectTimeOverTimeGraphConsumer#stopProducing(): connectTimeOverTime produced 0 samples
2026-04-09 11:00:23,954 INFO o.a.j.r.p.AbstractSampleConsumer: class org.apache.jmeter.report.processor.graph.impl.LatencyOverTimeGraphConsumer#stopProducing(): latenciesOverTime produced 0 samples
2026-04-09 11:00:23,955 INFO o.a.j.r.p.AbstractSampleConsumer: class org.apache.jmeter.report.processor.FilterConsumer#stopProducing(): nameFilter produced 150045 samples
2026-04-09 11:00:23,955 INFO o.a.j.r.p.AbstractSampleConsumer: class org.apache.jmeter.report.processor.FilterConsumer#stopProducing(): dateRangeFilter produced 30009 samples
2026-04-09 11:00:23,955 INFO o.a.j.r.p.AbstractSampleConsumer: class org.apache.jmeter.report.processor.NormalizerSampleConsumer#stopProducing(): normalizer produced 10003 samples
2026-04-09 11:00:23,955 INFO o.a.j.r.p.CsvFileSampleSource: produce(): 10003 samples produced in 704ms on channel 0
2026-04-09 11:00:23,955 INFO o.a.j.r.d.ReportGenerator: Exporting data using exporter:'json' of className:'org.apache.jmeter.report.dashboard.JsonExporter'
2026-04-09 11:00:24,041 INFO o.a.j.r.d.JsonExporter: Found data for consumer statisticsSummary in context
2026-04-09 11:00:24,041 INFO o.a.j.r.d.JsonExporter: Creating statistics for overall
2026-04-09 11:00:24,042 INFO o.a.j.r.d.JsonExporter: Creating statistics for other transactions
2026-04-09 11:00:24,043 INFO o.a.j.r.d.JsonExporter: Checking output folder
2026-04-09 11:00:24,046 INFO o.a.j.r.d.JsonExporter: Writing statistics JSON to C:\Users\suppo\Desktop\國衛院-兒童web\stress\results\User_100u_10m\html-report\statistics.json
2026-04-09 11:00:24,106 INFO o.a.j.r.d.ReportGenerator: Exporting data using exporter:'html' of className:'org.apache.jmeter.report.dashboard.HtmlTemplateExporter'
2026-04-09 11:00:24,110 INFO o.a.j.r.d.HtmlTemplateExporter: Will generate dashboard in folder: C:\Users\suppo\Desktop\國衛院-兒童web\stress\results\User_100u_10m\html-report
2026-04-09 11:00:24,367 INFO o.a.j.r.d.HtmlTemplateExporter: Report will be generated in: C:\Users\suppo\Desktop\國衛院-兒童web\stress\results\User_100u_10m\html-report, creating folder structure
2026-04-09 11:00:24,373 INFO o.a.j.r.d.TemplateVisitor: Copying folder from 'C:\Users\suppo\Desktop\apache-jmeter-5.6.3\apache-jmeter-5.6.3\bin\report-template' to 'C:\Users\suppo\Desktop\國衛院-兒童web\stress\results\User_100u_10m\html-report', got message: C:\Users\suppo\Desktop\國衛院-兒童web\stress\results\User_100u_10m\html-report, found non empty folder with following content [C:\Users\suppo\Desktop\國衛院-兒童web\stress\results\User_100u_10m\html-report\statistics.json], will be ignored
2026-04-09 11:00:24,905 INFO o.a.j.JMeter: Dashboard generated
