2026-04-09 18:33:19,805 INFO o.a.j.u.JMeterUtils: Setting Locale to en_EN
2026-04-09 18:33:19,821 INFO o.a.j.JMeter: Loading user properties from: C:\Users\suppo\Desktop\apache-jmeter-5.6.3\apache-jmeter-5.6.3\bin\user.properties
2026-04-09 18:33:19,822 INFO o.a.j.JMeter: Loading system properties from: C:\Users\suppo\Desktop\apache-jmeter-5.6.3\apache-jmeter-5.6.3\bin\system.properties
2026-04-09 18:33:19,822 INFO o.a.j.JMeter: Setting System property: java.awt.headless=true
2026-04-09 18:33:19,829 INFO o.a.j.JMeter: Copyright (c) 1998-2024 The Apache Software Foundation
2026-04-09 18:33:19,829 INFO o.a.j.JMeter: Version 5.6.3
2026-04-09 18:33:19,829 INFO o.a.j.JMeter: java.version=25.0.1
2026-04-09 18:33:19,829 INFO o.a.j.JMeter: java.vm.name=Java HotSpot(TM) 64-Bit Server VM
2026-04-09 18:33:19,829 INFO o.a.j.JMeter: os.name=Windows 11
2026-04-09 18:33:19,829 INFO o.a.j.JMeter: os.arch=amd64
2026-04-09 18:33:19,829 INFO o.a.j.JMeter: os.version=10.0
2026-04-09 18:33:19,829 INFO o.a.j.JMeter: file.encoding=UTF-8
2026-04-09 18:33:19,829 INFO o.a.j.JMeter: java.awt.headless=true
2026-04-09 18:33:19,829 INFO o.a.j.JMeter: Max memory     =2147483648
2026-04-09 18:33:19,830 INFO o.a.j.JMeter: Available Processors =16
2026-04-09 18:33:19,847 INFO o.a.j.JMeter: Default Locale=English (EN)
2026-04-09 18:33:19,847 INFO o.a.j.JMeter: JMeter  Locale=English (EN)
2026-04-09 18:33:19,847 INFO o.a.j.JMeter: JMeterHome=C:\Users\suppo\Desktop\apache-jmeter-5.6.3\apache-jmeter-5.6.3
2026-04-09 18:33:19,847 INFO o.a.j.JMeter: user.dir  =C:\Users\suppo\Desktop\國衛院-兒童web\stress
2026-04-09 18:33:19,848 INFO o.a.j.JMeter: PWD       =C:\Users\suppo\Desktop\國衛院-兒童web\stress
2026-04-09 18:33:24,804 INFO o.a.j.JMeter: IP: 192.168.0.176 Name: Ruenxin FullName: Ruenxin
2026-04-09 18:33:24,817 INFO o.a.j.JMeter: Setting property 'jmeter.reportgenerator.outputdir' to:'C:\Users\suppo\Desktop\國衛院-兒童web\stress\results\pressure_100u_20m_v4\html-report'
2026-04-09 18:33:24,821 INFO o.a.j.s.FileServer: Default base='C:\Users\suppo\Desktop\國衛院-兒童web\stress'
2026-04-09 18:33:24,823 INFO o.a.j.s.FileServer: Set new base='C:\Users\suppo\Desktop\國衛院-兒童web\stress\results\pressure_100u_20m_v4'
2026-04-09 18:33:25,106 INFO o.a.j.s.SaveService: Testplan (JMX) version: 2.2. Testlog (JTL) version: 2.2
2026-04-09 18:33:25,138 INFO o.a.j.s.SaveService: Using SaveService properties version 5.0
2026-04-09 18:33:25,141 INFO o.a.j.s.SaveService: Using SaveService properties file encoding UTF-8
2026-04-09 18:33:25,146 INFO o.a.j.s.SaveService: Loading file: C:\Users\suppo\Desktop\國衛院-兒童web\stress\results\pressure_100u_20m_v4\generated-test-plan.jmx
2026-04-09 18:33:25,185 INFO o.a.j.p.h.c.CookieManager: Settings: Delete null: true Check: true Allow variable: true Save: false Prefix: COOKIE_
2026-04-09 18:33:25,188 INFO o.a.j.p.h.c.CacheManager: Will only cache the following methods: [GET]
2026-04-09 18:33:25,529 INFO o.a.j.e.KeyToolUtils: keytool found at 'keytool'
2026-04-09 18:33:25,529 INFO o.a.j.p.h.p.ProxyControl: HTTP(S) Test Script Recorder SSL Proxy will use keys that support embedded 3rd party resources in file C:\Users\suppo\Desktop\apache-jmeter-5.6.3\apache-jmeter-5.6.3\bin\proxyserver.jks
2026-04-09 18:33:25,559 INFO o.a.j.p.h.s.HTTPSamplerBase: Parser for text/html is org.apache.jmeter.protocol.http.parser.LagartoBasedHtmlParser
2026-04-09 18:33:25,559 INFO o.a.j.p.h.s.HTTPSamplerBase: Parser for application/xhtml+xml is org.apache.jmeter.protocol.http.parser.LagartoBasedHtmlParser
2026-04-09 18:33:25,559 INFO o.a.j.p.h.s.HTTPSamplerBase: Parser for application/xml is org.apache.jmeter.protocol.http.parser.LagartoBasedHtmlParser
2026-04-09 18:33:25,559 INFO o.a.j.p.h.s.HTTPSamplerBase: Parser for text/xml is org.apache.jmeter.protocol.http.parser.LagartoBasedHtmlParser
2026-04-09 18:33:25,559 INFO o.a.j.p.h.s.HTTPSamplerBase: Parser for text/vnd.wap.wml is org.apache.jmeter.protocol.http.parser.RegexpHTMLParser
2026-04-09 18:33:25,559 INFO o.a.j.p.h.s.HTTPSamplerBase: Parser for text/css is org.apache.jmeter.protocol.http.parser.CssParser
2026-04-09 18:33:26,088 INFO o.a.j.JMeter: Creating summariser <summary>
2026-04-09 18:33:26,095 INFO o.a.j.r.d.ReportGenerator: ReportGenerator will use for Parsing the separator: ','
2026-04-09 18:33:26,095 INFO o.a.j.r.d.ReportGenerator: Will generate report at end of test from  results file: C:\Users\suppo\Desktop\國衛院-兒童web\stress\results\pressure_100u_20m_v4\results.jtl
2026-04-09 18:33:26,095 INFO o.a.j.r.d.ReportGenerator: Reading report generator properties from: C:\Users\suppo\Desktop\apache-jmeter-5.6.3\apache-jmeter-5.6.3\bin\reportgenerator.properties
2026-04-09 18:33:26,096 INFO o.a.j.r.d.ReportGenerator: Merging with JMeter properties
2026-04-09 18:33:26,100 INFO o.a.j.r.c.ReportGeneratorConfiguration: Property 'jmeter.reportgenerator.temp_dir' not found, using default value 'temp' instead.
2026-04-09 18:33:26,102 INFO o.a.j.r.c.ReportGeneratorConfiguration: Property 'jmeter.reportgenerator.apdex_per_transaction' not found, using default value 'null' instead.
2026-04-09 18:33:26,103 INFO o.a.j.r.c.ReportGeneratorConfiguration: apdex_per_transaction is empty, not APDEX per transaction customization
2026-04-09 18:33:26,103 INFO o.a.j.r.c.ReportGeneratorConfiguration: Property 'jmeter.reportgenerator.sample_filter' not found, using default value 'null' instead.
2026-04-09 18:33:26,103 INFO o.a.j.r.c.ReportGeneratorConfiguration: Property 'jmeter.reportgenerator.report_title' not found, using default value 'null' instead.
2026-04-09 18:33:26,103 INFO o.a.j.r.c.ReportGeneratorConfiguration: Property 'jmeter.reportgenerator.start_date' not found, using default value 'null' instead.
2026-04-09 18:33:26,103 INFO o.a.j.r.c.ReportGeneratorConfiguration: Property 'jmeter.reportgenerator.end_date' not found, using default value 'null' instead.
2026-04-09 18:33:26,103 INFO o.a.j.r.c.ReportGeneratorConfiguration: Property 'jmeter.reportgenerator.date_format' not found, using default value 'null' instead.
2026-04-09 18:33:26,104 INFO o.a.j.r.c.ReportGeneratorConfiguration: Will use date range start date: null, end date: null
2026-04-09 18:33:26,107 INFO o.a.j.r.c.ReportGeneratorConfiguration: Property 'jmeter.reportgenerator.graph.totalTPS.exclude_controllers' not found, using default value 'false' instead.
2026-04-09 18:33:26,108 INFO o.a.j.r.c.ReportGeneratorConfiguration: Property 'jmeter.reportgenerator.graph.activeThreadsOverTime.exclude_controllers' not found, using default value 'false' instead.
2026-04-09 18:33:26,108 INFO o.a.j.r.c.ReportGeneratorConfiguration: Property 'jmeter.reportgenerator.graph.timeVsThreads.exclude_controllers' not found, using default value 'false' instead.
2026-04-09 18:33:26,108 INFO o.a.j.r.c.ReportGeneratorConfiguration: Property 'jmeter.reportgenerator.graph.responseTimeDistribution.exclude_controllers' not found, using default value 'false' instead.
2026-04-09 18:33:26,108 INFO o.a.j.r.c.ReportGeneratorConfiguration: Property 'jmeter.reportgenerator.graph.transactionsPerSecond.exclude_controllers' not found, using default value 'false' instead.
2026-04-09 18:33:26,108 INFO o.a.j.r.c.ReportGeneratorConfiguration: Property 'jmeter.reportgenerator.graph.responseTimePercentiles.exclude_controllers' not found, using default value 'false' instead.
2026-04-09 18:33:26,109 INFO o.a.j.r.c.ReportGeneratorConfiguration: Property 'jmeter.reportgenerator.graph.responseTimePercentilesOverTime.exclude_controllers' not found, using default value 'false' instead.
2026-04-09 18:33:26,109 INFO o.a.j.r.c.ReportGeneratorConfiguration: Property 'jmeter.reportgenerator.graph.responseTimesOverTime.exclude_controllers' not found, using default value 'false' instead.
2026-04-09 18:33:26,109 INFO o.a.j.r.c.ReportGeneratorConfiguration: Property 'jmeter.reportgenerator.graph.connectTimeOverTime.exclude_controllers' not found, using default value 'false' instead.
2026-04-09 18:33:26,109 INFO o.a.j.r.c.ReportGeneratorConfiguration: Property 'jmeter.reportgenerator.graph.latenciesOverTime.exclude_controllers' not found, using default value 'false' instead.
2026-04-09 18:33:26,110 INFO o.a.j.r.c.ReportGeneratorConfiguration: Property 'jmeter.reportgenerator.exporter.json.filters_only_sample_series' not found, using default value 'true' instead.
2026-04-09 18:33:26,110 INFO o.a.j.r.c.ReportGeneratorConfiguration: Property 'jmeter.reportgenerator.exporter.json.series_filter' not found, using default value '' instead.
2026-04-09 18:33:26,110 INFO o.a.j.r.c.ReportGeneratorConfiguration: Property 'jmeter.reportgenerator.exporter.json.show_controllers_only' not found, using default value 'false' instead.
2026-04-09 18:33:26,111 INFO o.a.j.r.c.ReportGeneratorConfiguration: Property 'jmeter.reportgenerator.exporter.html.filters_only_sample_series' not found, using default value 'true' instead.
2026-04-09 18:33:26,111 INFO o.a.j.r.c.ReportGeneratorConfiguration: Property 'jmeter.reportgenerator.exporter.html.series_filter' not found, using default value '' instead.
2026-04-09 18:33:26,111 INFO o.a.j.r.c.ReportGeneratorConfiguration: Property 'jmeter.reportgenerator.exporter.html.show_controllers_only' not found, using default value 'false' instead.
2026-04-09 18:33:26,129 INFO o.a.j.e.StandardJMeterEngine: Running the test!
2026-04-09 18:33:26,130 INFO o.a.j.s.SampleEvent: List of sample_variables: []
2026-04-09 18:33:26,130 INFO o.a.j.s.SampleEvent: List of sample_variables: []
2026-04-09 18:33:26,136 INFO o.a.j.e.u.CompoundVariable: Note: Function class names must contain the string: '.functions.'
2026-04-09 18:33:26,136 INFO o.a.j.e.u.CompoundVariable: Note: Function class names must not contain the string: '.gui.'
2026-04-09 18:33:26,316 INFO o.a.j.JMeter: Running test (1775730806316)
2026-04-09 18:33:26,342 INFO o.a.j.e.StandardJMeterEngine: Starting ThreadGroup: 1 : WETPAINT Group
2026-04-09 18:33:26,343 INFO o.a.j.e.StandardJMeterEngine: Starting 100 threads for group WETPAINT Group.
2026-04-09 18:33:26,343 INFO o.a.j.e.StandardJMeterEngine: Thread will continue on error
2026-04-09 18:33:26,344 INFO o.a.j.t.ThreadGroup: Starting thread group... number=1 threads=100 ramp-up=60 delayedStart=false
2026-04-09 18:33:26,372 INFO o.a.j.s.SampleResult: Note: Sample TimeStamps are START times
2026-04-09 18:33:26,373 INFO o.a.j.s.SampleResult: sampleresult.default.encoding is set to UTF-8
2026-04-09 18:33:26,375 INFO o.a.j.s.SampleResult: sampleresult.useNanoTime=true
2026-04-09 18:33:26,375 INFO o.a.j.s.SampleResult: sampleresult.nanoThreadSleep=5000
2026-04-09 18:33:26,471 INFO o.a.j.t.JMeterThread: Thread started: WETPAINT Group 1-1
2026-04-09 18:33:26,479 INFO o.a.j.s.FileServer: Stored: C:\Users\suppo\Desktop\國衛院-兒童web\stress\users.csv
2026-04-09 18:33:26,523 INFO o.a.j.t.p.ConstantPoissonProcessGenerator: Generated 20000 timings (Precise Throughput Timer 20000 required, rate 16.666666666666668, duration 1200) in 14 ms. First 15 events will be fired at: 0.12198663339431093 (+0.12198663339431093), 0.1506364545752259 (+0.02864982118091497), 0.18303173496212466 (+0.03239528038689876), 0.1896707692327304 (+0.006639034270605748), 0.21489381569779198 (+0.02522304646506157), 0.29431066104201875 (+0.07941684534422677), 0.3778154572788406 (+0.08350479623682183), 0.49473172881611127 (+0.11691627153727069), 0.5915827012378028 (+0.0968509724216915), 0.6917384563863038 (+0.10015575514850106), 0.7227003134908649 (+0.03096185710456112), 0.9003779474323181 (+0.1776776339414532), 0.9343760921510125 (+0.033998144718694334), 1.0036450720823265 (+0.06926897993131398), 1.0106441357303098 (+0.006999063647983306)
2026-04-09 18:33:26,547 INFO o.a.j.p.h.s.HTTPHCAbstractImpl: Local host = Ruenxin
2026-04-09 18:33:26,555 INFO o.a.j.p.h.s.HTTPHC4Impl: HTTP request retry count = 0
2026-04-09 18:33:26,700 INFO o.a.j.p.h.s.h.LazyLayeredConnectionSocketFactory: Setting up HTTPS TrustAll Socket Factory
2026-04-09 18:33:26,706 INFO o.a.j.u.JsseSSLManager: Using default SSL protocol: TLS
2026-04-09 18:33:26,706 INFO o.a.j.u.JsseSSLManager: SSL session context: per-thread
2026-04-09 18:33:26,800 INFO o.a.j.u.SSLManager: JmeterKeyStore Location:  type JKS
2026-04-09 18:33:26,895 INFO o.a.j.u.SSLManager: KeyStore created OK
2026-04-09 18:33:26,896 WARN o.a.j.u.SSLManager: Keystore file not found, loading empty keystore
2026-04-09 18:33:27,057 INFO o.a.j.t.JMeterThread: Thread started: WETPAINT Group 1-2
2026-04-09 18:33:27,169 INFO o.a.j.t.ThreadGroup: Started thread group number 1
2026-04-09 18:33:27,169 INFO o.a.j.e.StandardJMeterEngine: All thread groups have been started
2026-04-09 18:33:27,645 INFO o.a.j.t.JMeterThread: Thread started: WETPAINT Group 1-3
2026-04-09 18:33:28,230 INFO o.a.j.t.JMeterThread: Thread started: WETPAINT Group 1-4
2026-04-09 18:33:28,819 INFO o.a.j.t.JMeterThread: Thread started: WETPAINT Group 1-5
2026-04-09 18:33:29,399 INFO o.a.j.t.JMeterThread: Thread started: WETPAINT Group 1-6
2026-04-09 18:33:29,988 INFO o.a.j.t.JMeterThread: Thread started: WETPAINT Group 1-7
2026-04-09 18:33:30,011 INFO o.a.j.r.Summariser: summary +     58 in 00:00:04 =   15.7/s Avg:    59 Min:    13 Max:   642 Err:     0 (0.00%) Active: 7 Started: 7 Finished: 0
2026-04-09 18:33:30,591 INFO o.a.j.t.JMeterThread: Thread started: WETPAINT Group 1-8
2026-04-09 18:33:31,165 INFO o.a.j.t.JMeterThread: Thread started: WETPAINT Group 1-9
2026-04-09 18:33:31,757 INFO o.a.j.t.JMeterThread: Thread started: WETPAINT Group 1-10
2026-04-09 18:33:32,359 INFO o.a.j.t.JMeterThread: Thread started: WETPAINT Group 1-11
2026-04-09 18:33:32,959 INFO o.a.j.t.JMeterThread: Thread started: WETPAINT Group 1-12
2026-04-09 18:33:33,560 INFO o.a.j.t.JMeterThread: Thread started: WETPAINT Group 1-13
2026-04-09 18:33:34,161 INFO o.a.j.t.JMeterThread: Thread started: WETPAINT Group 1-14
2026-04-09 18:33:34,759 INFO o.a.j.t.JMeterThread: Thread started: WETPAINT Group 1-15
2026-04-09 18:33:35,355 INFO o.a.j.t.JMeterThread: Thread started: WETPAINT Group 1-16
2026-04-09 18:33:35,961 INFO o.a.j.t.JMeterThread: Thread started: WETPAINT Group 1-17
2026-04-09 18:33:36,560 INFO o.a.j.t.JMeterThread: Thread started: WETPAINT Group 1-18
2026-04-09 18:33:37,154 INFO o.a.j.t.JMeterThread: Thread started: WETPAINT Group 1-19
2026-04-09 18:33:37,753 INFO o.a.j.t.JMeterThread: Thread started: WETPAINT Group 1-20
2026-04-09 18:33:38,357 INFO o.a.j.t.JMeterThread: Thread started: WETPAINT Group 1-21
2026-04-09 18:33:38,958 INFO o.a.j.t.JMeterThread: Thread started: WETPAINT Group 1-22
2026-04-09 18:33:39,555 INFO o.a.j.t.JMeterThread: Thread started: WETPAINT Group 1-23
2026-04-09 18:33:40,156 INFO o.a.j.t.JMeterThread: Thread started: WETPAINT Group 1-24
2026-04-09 18:33:40,757 INFO o.a.j.t.JMeterThread: Thread started: WETPAINT Group 1-25
2026-04-09 18:33:41,356 INFO o.a.j.t.JMeterThread: Thread started: WETPAINT Group 1-26
2026-04-09 18:33:41,957 INFO o.a.j.t.JMeterThread: Thread started: WETPAINT Group 1-27
2026-04-09 18:33:42,558 INFO o.a.j.t.JMeterThread: Thread started: WETPAINT Group 1-28
2026-04-09 18:33:43,157 INFO o.a.j.t.JMeterThread: Thread started: WETPAINT Group 1-29
2026-04-09 18:33:43,763 INFO o.a.j.t.JMeterThread: Thread started: WETPAINT Group 1-30
2026-04-09 18:33:44,419 INFO o.a.j.t.JMeterThread: Thread started: WETPAINT Group 1-31
2026-04-09 18:33:44,955 INFO o.a.j.t.JMeterThread: Thread started: WETPAINT Group 1-32
2026-04-09 18:33:45,555 INFO o.a.j.t.JMeterThread: Thread started: WETPAINT Group 1-33
2026-04-09 18:33:46,156 INFO o.a.j.t.JMeterThread: Thread started: WETPAINT Group 1-34
2026-04-09 18:33:46,754 INFO o.a.j.t.JMeterThread: Thread started: WETPAINT Group 1-35
2026-04-09 18:33:47,356 INFO o.a.j.t.JMeterThread: Thread started: WETPAINT Group 1-36
2026-04-09 18:33:47,955 INFO o.a.j.t.JMeterThread: Thread started: WETPAINT Group 1-37
2026-04-09 18:33:48,556 INFO o.a.j.t.JMeterThread: Thread started: WETPAINT Group 1-38
2026-04-09 18:33:49,157 INFO o.a.j.t.JMeterThread: Thread started: WETPAINT Group 1-39
2026-04-09 18:33:49,756 INFO o.a.j.t.JMeterThread: Thread started: WETPAINT Group 1-40
2026-04-09 18:33:50,355 INFO o.a.j.t.JMeterThread: Thread started: WETPAINT Group 1-41
2026-04-09 18:33:50,956 INFO o.a.j.t.JMeterThread: Thread started: WETPAINT Group 1-42
2026-04-09 18:33:51,557 INFO o.a.j.t.JMeterThread: Thread started: WETPAINT Group 1-43
2026-04-09 18:33:52,156 INFO o.a.j.t.JMeterThread: Thread started: WETPAINT Group 1-44
2026-04-09 18:33:52,757 INFO o.a.j.t.JMeterThread: Thread started: WETPAINT Group 1-45
2026-04-09 18:33:53,358 INFO o.a.j.t.JMeterThread: Thread started: WETPAINT Group 1-46
2026-04-09 18:33:53,959 INFO o.a.j.t.JMeterThread: Thread started: WETPAINT Group 1-47
2026-04-09 18:33:54,558 INFO o.a.j.t.JMeterThread: Thread started: WETPAINT Group 1-48
2026-04-09 18:33:55,167 INFO o.a.j.t.JMeterThread: Thread started: WETPAINT Group 1-49
2026-04-09 18:33:55,762 INFO o.a.j.t.JMeterThread: Thread started: WETPAINT Group 1-50
2026-04-09 18:33:56,361 INFO o.a.j.t.JMeterThread: Thread started: WETPAINT Group 1-51
2026-04-09 18:33:56,962 INFO o.a.j.t.JMeterThread: Thread started: WETPAINT Group 1-52
2026-04-09 18:33:57,563 INFO o.a.j.t.JMeterThread: Thread started: WETPAINT Group 1-53
2026-04-09 18:33:58,256 INFO o.a.j.t.JMeterThread: Thread started: WETPAINT Group 1-54
2026-04-09 18:33:58,850 INFO o.a.j.t.JMeterThread: Thread started: WETPAINT Group 1-55
2026-04-09 18:33:59,355 INFO o.a.j.t.JMeterThread: Thread started: WETPAINT Group 1-56
2026-04-09 18:33:59,957 INFO o.a.j.t.JMeterThread: Thread started: WETPAINT Group 1-57
2026-04-09 18:34:00,016 INFO o.a.j.r.Summariser: summary +    492 in 00:00:30 =   16.4/s Avg:    25 Min:    11 Max:   294 Err:     0 (0.00%) Active: 57 Started: 57 Finished: 0
2026-04-09 18:34:00,016 INFO o.a.j.r.Summariser: summary =    550 in 00:00:34 =   16.3/s Avg:    29 Min:    11 Max:   642 Err:     0 (0.00%)
2026-04-09 18:34:00,556 INFO o.a.j.t.JMeterThread: Thread started: WETPAINT Group 1-58
2026-04-09 18:34:01,156 INFO o.a.j.t.JMeterThread: Thread started: WETPAINT Group 1-59
2026-04-09 18:34:01,758 INFO o.a.j.t.JMeterThread: Thread started: WETPAINT Group 1-60
2026-04-09 18:34:02,355 INFO o.a.j.t.JMeterThread: Thread started: WETPAINT Group 1-61
2026-04-09 18:34:02,956 INFO o.a.j.t.JMeterThread: Thread started: WETPAINT Group 1-62
2026-04-09 18:34:03,557 INFO o.a.j.t.JMeterThread: Thread started: WETPAINT Group 1-63
2026-04-09 18:34:04,154 INFO o.a.j.t.JMeterThread: Thread started: WETPAINT Group 1-64
2026-04-09 18:34:04,755 INFO o.a.j.t.JMeterThread: Thread started: WETPAINT Group 1-65
2026-04-09 18:34:05,361 INFO o.a.j.t.JMeterThread: Thread started: WETPAINT Group 1-66
2026-04-09 18:34:05,954 INFO o.a.j.t.JMeterThread: Thread started: WETPAINT Group 1-67
2026-04-09 18:34:06,555 INFO o.a.j.t.JMeterThread: Thread started: WETPAINT Group 1-68
2026-04-09 18:34:07,156 INFO o.a.j.t.JMeterThread: Thread started: WETPAINT Group 1-69
2026-04-09 18:34:07,754 INFO o.a.j.t.JMeterThread: Thread started: WETPAINT Group 1-70
2026-04-09 18:34:08,354 INFO o.a.j.t.JMeterThread: Thread started: WETPAINT Group 1-71
2026-04-09 18:34:08,956 INFO o.a.j.t.JMeterThread: Thread started: WETPAINT Group 1-72
2026-04-09 18:34:09,554 INFO o.a.j.t.JMeterThread: Thread started: WETPAINT Group 1-73
2026-04-09 18:34:10,157 INFO o.a.j.t.JMeterThread: Thread started: WETPAINT Group 1-74
2026-04-09 18:34:10,759 INFO o.a.j.t.JMeterThread: Thread started: WETPAINT Group 1-75
2026-04-09 18:34:11,370 INFO o.a.j.t.JMeterThread: Thread started: WETPAINT Group 1-76
2026-04-09 18:34:11,955 INFO o.a.j.t.JMeterThread: Thread started: WETPAINT Group 1-77
2026-04-09 18:34:12,554 INFO o.a.j.t.JMeterThread: Thread started: WETPAINT Group 1-78
2026-04-09 18:34:13,155 INFO o.a.j.t.JMeterThread: Thread started: WETPAINT Group 1-79
2026-04-09 18:34:13,753 INFO o.a.j.t.JMeterThread: Thread started: WETPAINT Group 1-80
2026-04-09 18:34:14,354 INFO o.a.j.t.JMeterThread: Thread started: WETPAINT Group 1-81
2026-04-09 18:34:14,954 INFO o.a.j.t.JMeterThread: Thread started: WETPAINT Group 1-82
2026-04-09 18:34:15,555 INFO o.a.j.t.JMeterThread: Thread started: WETPAINT Group 1-83
2026-04-09 18:34:16,156 INFO o.a.j.t.JMeterThread: Thread started: WETPAINT Group 1-84
2026-04-09 18:34:16,755 INFO o.a.j.t.JMeterThread: Thread started: WETPAINT Group 1-85
2026-04-09 18:34:17,354 INFO o.a.j.t.JMeterThread: Thread started: WETPAINT Group 1-86
2026-04-09 18:34:17,954 INFO o.a.j.t.JMeterThread: Thread started: WETPAINT Group 1-87
2026-04-09 18:34:18,554 INFO o.a.j.t.JMeterThread: Thread started: WETPAINT Group 1-88
2026-04-09 18:34:19,154 INFO o.a.j.t.JMeterThread: Thread started: WETPAINT Group 1-89
2026-04-09 18:34:19,766 INFO o.a.j.t.JMeterThread: Thread started: WETPAINT Group 1-90
2026-04-09 18:34:20,353 INFO o.a.j.t.JMeterThread: Thread started: WETPAINT Group 1-91
2026-04-09 18:34:20,954 INFO o.a.j.t.JMeterThread: Thread started: WETPAINT Group 1-92
2026-04-09 18:34:21,553 INFO o.a.j.t.JMeterThread: Thread started: WETPAINT Group 1-93
2026-04-09 18:34:22,172 INFO o.a.j.t.JMeterThread: Thread started: WETPAINT Group 1-94
2026-04-09 18:34:22,799 INFO o.a.j.t.JMeterThread: Thread started: WETPAINT Group 1-95
2026-04-09 18:34:23,396 INFO o.a.j.t.JMeterThread: Thread started: WETPAINT Group 1-96
2026-04-09 18:34:23,957 INFO o.a.j.t.JMeterThread: Thread started: WETPAINT Group 1-97
2026-04-09 18:34:24,555 INFO o.a.j.t.JMeterThread: Thread started: WETPAINT Group 1-98
2026-04-09 18:34:25,153 INFO o.a.j.t.JMeterThread: Thread started: WETPAINT Group 1-99
2026-04-09 18:34:25,751 INFO o.a.j.t.JMeterThread: Thread started: WETPAINT Group 1-100
2026-04-09 18:34:30,055 INFO o.a.j.r.Summariser: summary +    510 in 00:00:30 =   17.0/s Avg:    28 Min:    10 Max:   549 Err:     0 (0.00%) Active: 100 Started: 100 Finished: 0
2026-04-09 18:34:30,055 INFO o.a.j.r.Summariser: summary =   1060 in 00:01:04 =   16.6/s Avg:    28 Min:    10 Max:   642 Err:     0 (0.00%)
2026-04-09 18:35:00,067 INFO o.a.j.r.Summariser: summary +    480 in 00:00:30 =   16.0/s Avg:    26 Min:    11 Max:   286 Err:     0 (0.00%) Active: 100 Started: 100 Finished: 0
2026-04-09 18:35:00,068 INFO o.a.j.r.Summariser: summary =   1540 in 00:01:34 =   16.4/s Avg:    28 Min:    10 Max:   642 Err:     0 (0.00%)
2026-04-09 18:35:30,075 INFO o.a.j.r.Summariser: summary +    484 in 00:00:30 =   16.1/s Avg:    28 Min:    12 Max:   250 Err:     0 (0.00%) Active: 100 Started: 100 Finished: 0
2026-04-09 18:35:30,076 INFO o.a.j.r.Summariser: summary =   2024 in 00:02:04 =   16.4/s Avg:    28 Min:    10 Max:   642 Err:     0 (0.00%)
2026-04-09 18:36:00,028 INFO o.a.j.r.Summariser: summary +    476 in 00:00:30 =   15.9/s Avg:    25 Min:    10 Max:   558 Err:   415 (87.18%) Active: 100 Started: 100 Finished: 0
2026-04-09 18:36:00,029 INFO o.a.j.r.Summariser: summary =   2500 in 00:02:34 =   16.3/s Avg:    27 Min:    10 Max:   642 Err:   415 (16.60%)
2026-04-09 18:36:30,007 INFO o.a.j.r.Summariser: summary +    498 in 00:00:30 =   16.6/s Avg:    22 Min:    11 Max:   272 Err:   493 (99.00%) Active: 100 Started: 100 Finished: 0
2026-04-09 18:36:30,007 INFO o.a.j.r.Summariser: summary =   2998 in 00:03:04 =   16.3/s Avg:    26 Min:    10 Max:   642 Err:   908 (30.29%)
2026-04-09 18:36:35,115 INFO o.a.j.r.ResultCollector: Shutdown hook started
2026-04-09 18:36:35,115 INFO o.a.j.r.ResultCollector: Shutdown hook ended
