2026-04-08 18:36:53,869 INFO o.a.j.u.JMeterUtils: Setting Locale to en_EN
2026-04-08 18:36:53,889 INFO o.a.j.JMeter: Loading user properties from: C:\Users\suppo\Desktop\apache-jmeter-5.6.3\apache-jmeter-5.6.3\bin\user.properties
2026-04-08 18:36:53,890 INFO o.a.j.JMeter: Loading system properties from: C:\Users\suppo\Desktop\apache-jmeter-5.6.3\apache-jmeter-5.6.3\bin\system.properties
2026-04-08 18:36:53,890 INFO o.a.j.JMeter: Setting System property: java.awt.headless=true
2026-04-08 18:36:53,899 INFO o.a.j.JMeter: Copyright (c) 1998-2024 The Apache Software Foundation
2026-04-08 18:36:53,900 INFO o.a.j.JMeter: Version 5.6.3
2026-04-08 18:36:53,900 INFO o.a.j.JMeter: java.version=25.0.1
2026-04-08 18:36:53,900 INFO o.a.j.JMeter: java.vm.name=Java HotSpot(TM) 64-Bit Server VM
2026-04-08 18:36:53,901 INFO o.a.j.JMeter: os.name=Windows 11
2026-04-08 18:36:53,901 INFO o.a.j.JMeter: os.arch=amd64
2026-04-08 18:36:53,901 INFO o.a.j.JMeter: os.version=10.0
2026-04-08 18:36:53,901 INFO o.a.j.JMeter: file.encoding=UTF-8
2026-04-08 18:36:53,901 INFO o.a.j.JMeter: java.awt.headless=true
2026-04-08 18:36:53,901 INFO o.a.j.JMeter: Max memory     =2147483648
2026-04-08 18:36:53,901 INFO o.a.j.JMeter: Available Processors =16
2026-04-08 18:36:53,920 INFO o.a.j.JMeter: Default Locale=English (EN)
2026-04-08 18:36:53,920 INFO o.a.j.JMeter: JMeter  Locale=English (EN)
2026-04-08 18:36:53,920 INFO o.a.j.JMeter: JMeterHome=C:\Users\suppo\Desktop\apache-jmeter-5.6.3\apache-jmeter-5.6.3
2026-04-08 18:36:53,921 INFO o.a.j.JMeter: user.dir  =C:\Users\suppo\Desktop\國衛院-兒童web\stress
2026-04-08 18:36:53,921 INFO o.a.j.JMeter: PWD       =C:\Users\suppo\Desktop\國衛院-兒童web\stress
2026-04-08 18:36:58,889 INFO o.a.j.JMeter: IP: 192.168.0.176 Name: Ruenxin FullName: Ruenxin
2026-04-08 18:36:58,902 INFO o.a.j.JMeter: Setting property 'jmeter.reportgenerator.outputdir' to:'C:\Users\suppo\Desktop\國衛院-兒童web\stress\results\User_20u_10m\html-report'
2026-04-08 18:36:58,906 INFO o.a.j.s.FileServer: Default base='C:\Users\suppo\Desktop\國衛院-兒童web\stress'
2026-04-08 18:36:58,907 INFO o.a.j.s.FileServer: Set new base='C:\Users\suppo\Desktop\國衛院-兒童web\stress\results\User_20u_10m'
2026-04-08 18:36:59,168 INFO o.a.j.s.SaveService: Testplan (JMX) version: 2.2. Testlog (JTL) version: 2.2
2026-04-08 18:36:59,193 INFO o.a.j.s.SaveService: Using SaveService properties version 5.0
2026-04-08 18:36:59,197 INFO o.a.j.s.SaveService: Using SaveService properties file encoding UTF-8
2026-04-08 18:36:59,200 INFO o.a.j.s.SaveService: Loading file: C:\Users\suppo\Desktop\國衛院-兒童web\stress\results\User_20u_10m\generated-test-plan.jmx
2026-04-08 18:36:59,238 INFO o.a.j.p.h.c.CookieManager: Settings: Delete null: true Check: true Allow variable: true Save: false Prefix: COOKIE_
2026-04-08 18:36:59,241 INFO o.a.j.p.h.c.CacheManager: Will only cache the following methods: [GET]
2026-04-08 18:36:59,529 INFO o.a.j.e.KeyToolUtils: keytool found at 'keytool'
2026-04-08 18:36:59,529 INFO o.a.j.p.h.p.ProxyControl: HTTP(S) Test Script Recorder SSL Proxy will use keys that support embedded 3rd party resources in file C:\Users\suppo\Desktop\apache-jmeter-5.6.3\apache-jmeter-5.6.3\bin\proxyserver.jks
2026-04-08 18:36:59,553 INFO o.a.j.p.h.s.HTTPSamplerBase: Parser for text/html is org.apache.jmeter.protocol.http.parser.LagartoBasedHtmlParser
2026-04-08 18:36:59,553 INFO o.a.j.p.h.s.HTTPSamplerBase: Parser for application/xhtml+xml is org.apache.jmeter.protocol.http.parser.LagartoBasedHtmlParser
2026-04-08 18:36:59,553 INFO o.a.j.p.h.s.HTTPSamplerBase: Parser for application/xml is org.apache.jmeter.protocol.http.parser.LagartoBasedHtmlParser
2026-04-08 18:36:59,553 INFO o.a.j.p.h.s.HTTPSamplerBase: Parser for text/xml is org.apache.jmeter.protocol.http.parser.LagartoBasedHtmlParser
2026-04-08 18:36:59,553 INFO o.a.j.p.h.s.HTTPSamplerBase: Parser for text/vnd.wap.wml is org.apache.jmeter.protocol.http.parser.RegexpHTMLParser
2026-04-08 18:36:59,553 INFO o.a.j.p.h.s.HTTPSamplerBase: Parser for text/css is org.apache.jmeter.protocol.http.parser.CssParser
2026-04-08 18:36:59,712 INFO o.a.j.JMeter: Creating summariser <summary>
2026-04-08 18:36:59,716 INFO o.a.j.r.d.ReportGenerator: ReportGenerator will use for Parsing the separator: ','
2026-04-08 18:36:59,717 INFO o.a.j.r.d.ReportGenerator: Will generate report at end of test from  results file: C:\Users\suppo\Desktop\國衛院-兒童web\stress\results\User_20u_10m\results.jtl
2026-04-08 18:36:59,717 INFO o.a.j.r.d.ReportGenerator: Reading report generator properties from: C:\Users\suppo\Desktop\apache-jmeter-5.6.3\apache-jmeter-5.6.3\bin\reportgenerator.properties
2026-04-08 18:36:59,718 INFO o.a.j.r.d.ReportGenerator: Merging with JMeter properties
2026-04-08 18:36:59,721 INFO o.a.j.r.c.ReportGeneratorConfiguration: Property 'jmeter.reportgenerator.temp_dir' not found, using default value 'temp' instead.
2026-04-08 18:36:59,724 INFO o.a.j.r.c.ReportGeneratorConfiguration: Property 'jmeter.reportgenerator.apdex_per_transaction' not found, using default value 'null' instead.
2026-04-08 18:36:59,724 INFO o.a.j.r.c.ReportGeneratorConfiguration: apdex_per_transaction is empty, not APDEX per transaction customization
2026-04-08 18:36:59,724 INFO o.a.j.r.c.ReportGeneratorConfiguration: Property 'jmeter.reportgenerator.sample_filter' not found, using default value 'null' instead.
2026-04-08 18:36:59,724 INFO o.a.j.r.c.ReportGeneratorConfiguration: Property 'jmeter.reportgenerator.report_title' not found, using default value 'null' instead.
2026-04-08 18:36:59,724 INFO o.a.j.r.c.ReportGeneratorConfiguration: Property 'jmeter.reportgenerator.start_date' not found, using default value 'null' instead.
2026-04-08 18:36:59,724 INFO o.a.j.r.c.ReportGeneratorConfiguration: Property 'jmeter.reportgenerator.end_date' not found, using default value 'null' instead.
2026-04-08 18:36:59,724 INFO o.a.j.r.c.ReportGeneratorConfiguration: Property 'jmeter.reportgenerator.date_format' not found, using default value 'null' instead.
2026-04-08 18:36:59,725 INFO o.a.j.r.c.ReportGeneratorConfiguration: Will use date range start date: null, end date: null
2026-04-08 18:36:59,727 INFO o.a.j.r.c.ReportGeneratorConfiguration: Property 'jmeter.reportgenerator.graph.totalTPS.exclude_controllers' not found, using default value 'false' instead.
2026-04-08 18:36:59,728 INFO o.a.j.r.c.ReportGeneratorConfiguration: Property 'jmeter.reportgenerator.graph.activeThreadsOverTime.exclude_controllers' not found, using default value 'false' instead.
2026-04-08 18:36:59,728 INFO o.a.j.r.c.ReportGeneratorConfiguration: Property 'jmeter.reportgenerator.graph.timeVsThreads.exclude_controllers' not found, using default value 'false' instead.
2026-04-08 18:36:59,728 INFO o.a.j.r.c.ReportGeneratorConfiguration: Property 'jmeter.reportgenerator.graph.responseTimeDistribution.exclude_controllers' not found, using default value 'false' instead.
2026-04-08 18:36:59,728 INFO o.a.j.r.c.ReportGeneratorConfiguration: Property 'jmeter.reportgenerator.graph.transactionsPerSecond.exclude_controllers' not found, using default value 'false' instead.
2026-04-08 18:36:59,728 INFO o.a.j.r.c.ReportGeneratorConfiguration: Property 'jmeter.reportgenerator.graph.responseTimePercentiles.exclude_controllers' not found, using default value 'false' instead.
2026-04-08 18:36:59,728 INFO o.a.j.r.c.ReportGeneratorConfiguration: Property 'jmeter.reportgenerator.graph.responseTimePercentilesOverTime.exclude_controllers' not found, using default value 'false' instead.
2026-04-08 18:36:59,728 INFO o.a.j.r.c.ReportGeneratorConfiguration: Property 'jmeter.reportgenerator.graph.responseTimesOverTime.exclude_controllers' not found, using default value 'false' instead.
2026-04-08 18:36:59,728 INFO o.a.j.r.c.ReportGeneratorConfiguration: Property 'jmeter.reportgenerator.graph.connectTimeOverTime.exclude_controllers' not found, using default value 'false' instead.
2026-04-08 18:36:59,728 INFO o.a.j.r.c.ReportGeneratorConfiguration: Property 'jmeter.reportgenerator.graph.latenciesOverTime.exclude_controllers' not found, using default value 'false' instead.
2026-04-08 18:36:59,729 INFO o.a.j.r.c.ReportGeneratorConfiguration: Property 'jmeter.reportgenerator.exporter.json.filters_only_sample_series' not found, using default value 'true' instead.
2026-04-08 18:36:59,729 INFO o.a.j.r.c.ReportGeneratorConfiguration: Property 'jmeter.reportgenerator.exporter.json.series_filter' not found, using default value '' instead.
2026-04-08 18:36:59,729 INFO o.a.j.r.c.ReportGeneratorConfiguration: Property 'jmeter.reportgenerator.exporter.json.show_controllers_only' not found, using default value 'false' instead.
2026-04-08 18:36:59,729 INFO o.a.j.r.c.ReportGeneratorConfiguration: Property 'jmeter.reportgenerator.exporter.html.filters_only_sample_series' not found, using default value 'true' instead.
2026-04-08 18:36:59,731 INFO o.a.j.r.c.ReportGeneratorConfiguration: Property 'jmeter.reportgenerator.exporter.html.series_filter' not found, using default value '' instead.
2026-04-08 18:36:59,731 INFO o.a.j.r.c.ReportGeneratorConfiguration: Property 'jmeter.reportgenerator.exporter.html.show_controllers_only' not found, using default value 'false' instead.
2026-04-08 18:36:59,753 INFO o.a.j.e.StandardJMeterEngine: Running the test!
2026-04-08 18:36:59,757 INFO o.a.j.s.SampleEvent: List of sample_variables: []
2026-04-08 18:36:59,757 INFO o.a.j.s.SampleEvent: List of sample_variables: []
2026-04-08 18:36:59,762 INFO o.a.j.e.u.CompoundVariable: Note: Function class names must contain the string: '.functions.'
2026-04-08 18:36:59,762 INFO o.a.j.e.u.CompoundVariable: Note: Function class names must not contain the string: '.gui.'
2026-04-08 18:36:59,886 INFO o.a.j.JMeter: Running test (1775644619886)
2026-04-08 18:36:59,904 INFO o.a.j.e.StandardJMeterEngine: Starting ThreadGroup: 1 : WETPAINT Group
2026-04-08 18:36:59,905 INFO o.a.j.e.StandardJMeterEngine: Starting 20 threads for group WETPAINT Group.
2026-04-08 18:36:59,905 INFO o.a.j.e.StandardJMeterEngine: Thread will continue on error
2026-04-08 18:36:59,905 INFO o.a.j.t.ThreadGroup: Starting thread group... number=1 threads=20 ramp-up=120 delayedStart=false
2026-04-08 18:36:59,968 INFO o.a.j.t.ThreadGroup: Started thread group number 1
2026-04-08 18:36:59,969 INFO o.a.j.e.StandardJMeterEngine: All thread groups have been started
2026-04-08 18:36:59,975 INFO o.a.j.t.JMeterThread: Thread started: WETPAINT Group 1-1
2026-04-08 18:36:59,977 INFO o.a.j.s.FileServer: Stored: C:\Users\suppo\Desktop\國衛院-兒童web\stress\users.csv
2026-04-08 18:37:00,009 INFO o.a.j.t.p.ConstantPoissonProcessGenerator: Generated 2000 timings (Precise Throughput Timer 2000 required, rate 3.3333333333333335, duration 600) in 4 ms. First 15 events will be fired at: 0.18920954224193043 (+0.18920954224193043), 0.22454056460794458 (+0.03533102236601415), 0.35684687867238996 (+0.13230631406444537), 0.4703979446119444 (+0.11355106593955444), 1.3024765998611132 (+0.8320786552491688), 1.3778299834803054 (+0.0753533836191922), 1.529425170750831 (+0.15159518727052568), 1.8624927601797348 (+0.3330675894289037), 1.964940450640107 (+0.10244769046037216), 1.9946308302895455 (+0.029690379649438547), 2.0683311370426116 (+0.07370030675306616), 3.359746983031786 (+1.2914158459891745), 3.3713106842562235 (+0.011563701224437395), 3.6326653240997597 (+0.26135463984353624), 3.8869199341729166 (+0.25425461007315686)
2026-04-08 18:37:00,026 INFO o.a.j.p.h.s.HTTPHCAbstractImpl: Local host = Ruenxin
2026-04-08 18:37:00,030 INFO o.a.j.p.h.s.HTTPHC4Impl: HTTP request retry count = 0
2026-04-08 18:37:00,032 INFO o.a.j.s.SampleResult: Note: Sample TimeStamps are START times
2026-04-08 18:37:00,032 INFO o.a.j.s.SampleResult: sampleresult.default.encoding is set to UTF-8
2026-04-08 18:37:00,032 INFO o.a.j.s.SampleResult: sampleresult.useNanoTime=true
2026-04-08 18:37:00,032 INFO o.a.j.s.SampleResult: sampleresult.nanoThreadSleep=5000
2026-04-08 18:37:00,142 INFO o.a.j.p.h.s.h.LazyLayeredConnectionSocketFactory: Setting up HTTPS TrustAll Socket Factory
2026-04-08 18:37:00,148 INFO o.a.j.u.JsseSSLManager: Using default SSL protocol: TLS
2026-04-08 18:37:00,148 INFO o.a.j.u.JsseSSLManager: SSL session context: per-thread
2026-04-08 18:37:00,216 INFO o.a.j.u.SSLManager: JmeterKeyStore Location:  type JKS
2026-04-08 18:37:00,220 INFO o.a.j.u.SSLManager: KeyStore created OK
2026-04-08 18:37:00,220 WARN o.a.j.u.SSLManager: Keystore file not found, loading empty keystore
2026-04-08 18:37:00,611 INFO o.a.j.r.Summariser: summary +      1 in 00:00:01 =    1.4/s Avg:   532 Min:   532 Max:   532 Err:     0 (0.00%) Active: 1 Started: 1 Finished: 0
2026-04-08 18:37:05,969 INFO o.a.j.t.JMeterThread: Thread started: WETPAINT Group 1-2
2026-04-08 18:37:11,966 INFO o.a.j.t.JMeterThread: Thread started: WETPAINT Group 1-3
2026-04-08 18:37:17,961 INFO o.a.j.t.JMeterThread: Thread started: WETPAINT Group 1-4
2026-04-08 18:37:23,955 INFO o.a.j.t.JMeterThread: Thread started: WETPAINT Group 1-5
2026-04-08 18:37:29,952 INFO o.a.j.t.JMeterThread: Thread started: WETPAINT Group 1-6
2026-04-08 18:37:30,911 INFO o.a.j.r.Summariser: summary +    104 in 00:00:30 =    3.4/s Avg:    66 Min:    13 Max:   366 Err:     0 (0.00%) Active: 6 Started: 6 Finished: 0
2026-04-08 18:37:30,912 INFO o.a.j.r.Summariser: summary =    105 in 00:00:31 =    3.4/s Avg:    71 Min:    13 Max:   532 Err:     0 (0.00%)
2026-04-08 18:37:35,948 INFO o.a.j.t.JMeterThread: Thread started: WETPAINT Group 1-7
2026-04-08 18:37:41,952 INFO o.a.j.t.JMeterThread: Thread started: WETPAINT Group 1-8
2026-04-08 18:37:47,941 INFO o.a.j.t.JMeterThread: Thread started: WETPAINT Group 1-9
2026-04-08 18:37:53,940 INFO o.a.j.t.JMeterThread: Thread started: WETPAINT Group 1-10
2026-04-08 18:37:59,937 INFO o.a.j.t.JMeterThread: Thread started: WETPAINT Group 1-11
2026-04-08 18:38:00,389 INFO o.a.j.r.Summariser: summary +     90 in 00:00:29 =    3.1/s Avg:    69 Min:    14 Max:   490 Err:     0 (0.00%) Active: 11 Started: 11 Finished: 0
2026-04-08 18:38:00,392 INFO o.a.j.r.Summariser: summary =    195 in 00:01:01 =    3.2/s Avg:    70 Min:    13 Max:   532 Err:     0 (0.00%)
2026-04-08 18:38:05,934 INFO o.a.j.t.JMeterThread: Thread started: WETPAINT Group 1-12
2026-04-08 18:38:11,938 INFO o.a.j.t.JMeterThread: Thread started: WETPAINT Group 1-13
2026-04-08 18:38:17,931 INFO o.a.j.t.JMeterThread: Thread started: WETPAINT Group 1-14
2026-04-08 18:38:23,924 INFO o.a.j.t.JMeterThread: Thread started: WETPAINT Group 1-15
2026-04-08 18:38:29,922 INFO o.a.j.t.JMeterThread: Thread started: WETPAINT Group 1-16
2026-04-08 18:38:30,177 INFO o.a.j.r.Summariser: summary +     98 in 00:00:30 =    3.3/s Avg:    71 Min:    14 Max:   557 Err:     0 (0.00%) Active: 16 Started: 16 Finished: 0
2026-04-08 18:38:30,178 INFO o.a.j.r.Summariser: summary =    293 in 00:01:30 =    3.2/s Avg:    70 Min:    13 Max:   557 Err:     0 (0.00%)
2026-04-08 18:38:35,920 INFO o.a.j.t.JMeterThread: Thread started: WETPAINT Group 1-17
2026-04-08 18:38:41,917 INFO o.a.j.t.JMeterThread: Thread started: WETPAINT Group 1-18
2026-04-08 18:38:47,928 INFO o.a.j.t.JMeterThread: Thread started: WETPAINT Group 1-19
2026-04-08 18:38:53,915 INFO o.a.j.t.JMeterThread: Thread started: WETPAINT Group 1-20
2026-04-08 18:39:00,106 INFO o.a.j.r.Summariser: summary +    103 in 00:00:30 =    3.4/s Avg:    78 Min:    13 Max:   565 Err:     0 (0.00%) Active: 20 Started: 20 Finished: 0
2026-04-08 18:39:00,108 INFO o.a.j.r.Summariser: summary =    396 in 00:02:00 =    3.3/s Avg:    72 Min:    13 Max:   565 Err:     0 (0.00%)
2026-04-08 18:39:30,000 INFO o.a.j.r.Summariser: summary +     84 in 00:00:30 =    2.8/s Avg:    91 Min:    16 Max:   411 Err:     0 (0.00%) Active: 20 Started: 20 Finished: 0
2026-04-08 18:39:30,001 INFO o.a.j.r.Summariser: summary =    480 in 00:02:30 =    3.2/s Avg:    75 Min:    13 Max:   565 Err:     0 (0.00%)
2026-04-08 18:40:00,264 INFO o.a.j.r.Summariser: summary +    117 in 00:00:30 =    3.9/s Avg:    70 Min:    13 Max:   524 Err:     0 (0.00%) Active: 20 Started: 20 Finished: 0
2026-04-08 18:40:00,265 INFO o.a.j.r.Summariser: summary =    597 in 00:03:00 =    3.3/s Avg:    74 Min:    13 Max:   565 Err:     0 (0.00%)
2026-04-08 18:40:30,328 INFO o.a.j.r.Summariser: summary +     81 in 00:00:30 =    2.7/s Avg:    65 Min:    17 Max:   356 Err:     0 (0.00%) Active: 20 Started: 20 Finished: 0
2026-04-08 18:40:30,328 INFO o.a.j.r.Summariser: summary =    678 in 00:03:30 =    3.2/s Avg:    73 Min:    13 Max:   565 Err:     0 (0.00%)
2026-04-08 18:41:00,458 INFO o.a.j.r.Summariser: summary +     98 in 00:00:30 =    3.3/s Avg:    73 Min:    14 Max:   553 Err:     0 (0.00%) Active: 20 Started: 20 Finished: 0
2026-04-08 18:41:00,458 INFO o.a.j.r.Summariser: summary =    776 in 00:04:01 =    3.2/s Avg:    73 Min:    13 Max:   565 Err:     0 (0.00%)
2026-04-08 18:41:30,033 INFO o.a.j.r.Summariser: summary +    108 in 00:00:30 =    3.7/s Avg:    39 Min:    12 Max:   269 Err:     0 (0.00%) Active: 20 Started: 20 Finished: 0
2026-04-08 18:41:30,033 INFO o.a.j.r.Summariser: summary =    884 in 00:04:30 =    3.3/s Avg:    69 Min:    12 Max:   565 Err:     0 (0.00%)
2026-04-08 18:42:00,805 INFO o.a.j.r.Summariser: summary +     86 in 00:00:31 =    2.8/s Avg:    53 Min:    17 Max:   252 Err:     0 (0.00%) Active: 20 Started: 20 Finished: 0
2026-04-08 18:42:00,805 INFO o.a.j.r.Summariser: summary =    970 in 00:05:01 =    3.2/s Avg:    68 Min:    12 Max:   565 Err:     0 (0.00%)
2026-04-08 18:42:30,499 INFO o.a.j.r.Summariser: summary +    100 in 00:00:30 =    3.4/s Avg:    65 Min:    23 Max:   333 Err:     0 (0.00%) Active: 20 Started: 20 Finished: 0
2026-04-08 18:42:30,500 INFO o.a.j.r.Summariser: summary =   1070 in 00:05:31 =    3.2/s Avg:    67 Min:    12 Max:   565 Err:     0 (0.00%)
2026-04-08 18:43:00,685 INFO o.a.j.r.Summariser: summary +     91 in 00:00:30 =    3.0/s Avg:    71 Min:    20 Max:   525 Err:     0 (0.00%) Active: 20 Started: 20 Finished: 0
2026-04-08 18:43:00,686 INFO o.a.j.r.Summariser: summary =   1161 in 00:06:01 =    3.2/s Avg:    68 Min:    12 Max:   565 Err:     0 (0.00%)
2026-04-08 18:43:30,297 INFO o.a.j.r.Summariser: summary +    113 in 00:00:30 =    3.8/s Avg:    61 Min:    14 Max:   386 Err:     0 (0.00%) Active: 20 Started: 20 Finished: 0
2026-04-08 18:43:30,297 INFO o.a.j.r.Summariser: summary =   1274 in 00:06:30 =    3.3/s Avg:    67 Min:    12 Max:   565 Err:     0 (0.00%)
2026-04-08 18:44:00,033 INFO o.a.j.r.Summariser: summary +     99 in 00:00:30 =    3.3/s Avg:    69 Min:    14 Max:   401 Err:     0 (0.00%) Active: 20 Started: 20 Finished: 0
2026-04-08 18:44:00,034 INFO o.a.j.r.Summariser: summary =   1373 in 00:07:00 =    3.3/s Avg:    67 Min:    12 Max:   565 Err:     0 (0.00%)
2026-04-08 18:44:30,178 INFO o.a.j.r.Summariser: summary +     94 in 00:00:30 =    3.1/s Avg:    68 Min:    14 Max:   454 Err:     0 (0.00%) Active: 20 Started: 20 Finished: 0
2026-04-08 18:44:30,179 INFO o.a.j.r.Summariser: summary =   1467 in 00:07:30 =    3.3/s Avg:    67 Min:    12 Max:   565 Err:     0 (0.00%)
2026-04-08 18:45:00,401 INFO o.a.j.r.Summariser: summary +    112 in 00:00:30 =    3.7/s Avg:    73 Min:    12 Max:   470 Err:     0 (0.00%) Active: 20 Started: 20 Finished: 0
2026-04-08 18:45:00,402 INFO o.a.j.r.Summariser: summary =   1579 in 00:08:01 =    3.3/s Avg:    68 Min:    12 Max:   565 Err:     0 (0.00%)
2026-04-08 18:45:30,300 INFO o.a.j.r.Summariser: summary +    112 in 00:00:30 =    3.7/s Avg:    76 Min:    14 Max:   423 Err:     0 (0.00%) Active: 20 Started: 20 Finished: 0
2026-04-08 18:45:30,300 INFO o.a.j.r.Summariser: summary =   1691 in 00:08:30 =    3.3/s Avg:    68 Min:    12 Max:   565 Err:     0 (0.00%)
2026-04-08 18:46:01,479 INFO o.a.j.r.Summariser: summary +    103 in 00:00:31 =    3.3/s Avg:    94 Min:    13 Max:   517 Err:     0 (0.00%) Active: 20 Started: 20 Finished: 0
2026-04-08 18:46:01,481 INFO o.a.j.r.Summariser: summary =   1794 in 00:09:02 =    3.3/s Avg:    70 Min:    12 Max:   565 Err:     0 (0.00%)
2026-04-08 18:46:30,135 INFO o.a.j.r.Summariser: summary +    105 in 00:00:29 =    3.7/s Avg:    60 Min:    13 Max:   377 Err:     0 (0.00%) Active: 20 Started: 20 Finished: 0
2026-04-08 18:46:30,136 INFO o.a.j.r.Summariser: summary =   1899 in 00:09:30 =    3.3/s Avg:    69 Min:    12 Max:   565 Err:     0 (0.00%)
2026-04-08 18:46:52,265 INFO o.a.j.t.p.ConstantPoissonProcessGenerator: Generated 2000 timings (Precise Throughput Timer 2000 required, rate 3.3333333333333335, duration 600) in 2 ms. First 15 events will be fired at: 600.1890154148907 (+600.1890154148907), 600.8755921591371 (+0.6865767442463948), 600.9034596448766 (+0.02786748573953446), 601.5291933393963 (+0.6257336945196812), 601.9060951834341 (+0.37690184403777494), 601.9169368564951 (+0.010841673061008805), 602.10516049415 (+0.18822363765491446), 603.0781704401613 (+0.9730099460113024), 603.6383032307145 (+0.5601327905532116), 603.6902552762774 (+0.05195204556287081), 603.9298006864431 (+0.2395454101656469), 604.0461752432349 (+0.1163745567918113), 604.4126238760995 (+0.3664486328646035), 604.9397626076034 (+0.5271387315038965), 605.0957191022713 (+0.15595649466797568)
2026-04-08 18:46:52,265 INFO o.a.j.t.JMeterThread: Stopping Thread: org.apache.jorphan.util.JMeterStopThreadException: The thread is scheduled to stop in 7664 ms and the throughput timer generates a delay of 7683. Terminating the thread manually.
2026-04-08 18:46:52,265 INFO o.a.j.t.JMeterThread: Stop Thread detected by thread: WETPAINT Group 1-6
2026-04-08 18:46:52,266 INFO o.a.j.t.JMeterThread: Thread finished: WETPAINT Group 1-6
2026-04-08 18:46:52,679 INFO o.a.j.t.JMeterThread: Stopping Thread: org.apache.jorphan.util.JMeterStopThreadException: The thread is scheduled to stop in 7233 ms and the throughput timer generates a delay of 7955. Terminating the thread manually.
2026-04-08 18:46:52,680 INFO o.a.j.t.JMeterThread: Stop Thread detected by thread: WETPAINT Group 1-2
2026-04-08 18:46:52,680 INFO o.a.j.t.JMeterThread: Thread finished: WETPAINT Group 1-2
2026-04-08 18:46:53,001 INFO o.a.j.t.JMeterThread: Stopping Thread: org.apache.jorphan.util.JMeterStopThreadException: The thread is scheduled to stop in 6932 ms and the throughput timer generates a delay of 7661. Terminating the thread manually.
2026-04-08 18:46:53,002 INFO o.a.j.t.JMeterThread: Stop Thread detected by thread: WETPAINT Group 1-7
2026-04-08 18:46:53,002 INFO o.a.j.t.JMeterThread: Thread finished: WETPAINT Group 1-7
2026-04-08 18:46:53,258 INFO o.a.j.t.JMeterThread: Stopping Thread: org.apache.jorphan.util.JMeterStopThreadException: The thread is scheduled to stop in 6708 ms and the throughput timer generates a delay of 8030. Terminating the thread manually.
2026-04-08 18:46:53,259 INFO o.a.j.t.JMeterThread: Stop Thread detected by thread: WETPAINT Group 1-20
2026-04-08 18:46:53,259 INFO o.a.j.t.JMeterThread: Thread finished: WETPAINT Group 1-20
2026-04-08 18:46:53,339 INFO o.a.j.t.JMeterThread: Stopping Thread: org.apache.jorphan.util.JMeterStopThreadException: The thread is scheduled to stop in 6577 ms and the throughput timer generates a delay of 8327. Terminating the thread manually.
2026-04-08 18:46:53,339 INFO o.a.j.t.JMeterThread: Stop Thread detected by thread: WETPAINT Group 1-3
2026-04-08 18:46:53,339 INFO o.a.j.t.JMeterThread: Thread finished: WETPAINT Group 1-3
2026-04-08 18:46:53,348 INFO o.a.j.t.JMeterThread: Stopping Thread: org.apache.jorphan.util.JMeterStopThreadException: The thread is scheduled to stop in 6617 ms and the throughput timer generates a delay of 8327. Terminating the thread manually.
2026-04-08 18:46:53,348 INFO o.a.j.t.JMeterThread: Stop Thread detected by thread: WETPAINT Group 1-19
2026-04-08 18:46:53,348 INFO o.a.j.t.JMeterThread: Thread finished: WETPAINT Group 1-19
2026-04-08 18:46:53,497 INFO o.a.j.t.JMeterThread: Stopping Thread: org.apache.jorphan.util.JMeterStopThreadException: The thread is scheduled to stop in 6452 ms and the throughput timer generates a delay of 8367. Terminating the thread manually.
2026-04-08 18:46:53,497 INFO o.a.j.t.JMeterThread: Stop Thread detected by thread: WETPAINT Group 1-14
2026-04-08 18:46:53,497 INFO o.a.j.t.JMeterThread: Thread finished: WETPAINT Group 1-14
2026-04-08 18:46:53,571 INFO o.a.j.t.JMeterThread: Stopping Thread: org.apache.jorphan.util.JMeterStopThreadException: The thread is scheduled to stop in 6366 ms and the throughput timer generates a delay of 9266. Terminating the thread manually.
2026-04-08 18:46:53,571 INFO o.a.j.t.JMeterThread: Stop Thread detected by thread: WETPAINT Group 1-8
2026-04-08 18:46:53,571 INFO o.a.j.t.JMeterThread: Thread finished: WETPAINT Group 1-8
2026-04-08 18:46:53,772 INFO o.a.j.t.JMeterThread: Stopping Thread: org.apache.jorphan.util.JMeterStopThreadException: The thread is scheduled to stop in 6147 ms and the throughput timer generates a delay of 9625. Terminating the thread manually.
2026-04-08 18:46:53,772 INFO o.a.j.t.JMeterThread: Stop Thread detected by thread: WETPAINT Group 1-4
2026-04-08 18:46:53,772 INFO o.a.j.t.JMeterThread: Thread finished: WETPAINT Group 1-4
2026-04-08 18:46:54,444 INFO o.a.j.t.JMeterThread: Stopping Thread: org.apache.jorphan.util.JMeterStopThreadException: The thread is scheduled to stop in 5519 ms and the throughput timer generates a delay of 9005. Terminating the thread manually.
2026-04-08 18:46:54,444 INFO o.a.j.t.JMeterThread: Stop Thread detected by thread: WETPAINT Group 1-18
2026-04-08 18:46:54,444 INFO o.a.j.t.JMeterThread: Thread finished: WETPAINT Group 1-18
2026-04-08 18:46:55,498 INFO o.a.j.t.JMeterThread: Stopping Thread: org.apache.jorphan.util.JMeterStopThreadException: The thread is scheduled to stop in 4407 ms and the throughput timer generates a delay of 8190. Terminating the thread manually.
2026-04-08 18:46:55,498 INFO o.a.j.t.JMeterThread: Stop Thread detected by thread: WETPAINT Group 1-1
2026-04-08 18:46:55,499 INFO o.a.j.t.JMeterThread: Thread finished: WETPAINT Group 1-1
2026-04-08 18:46:56,160 INFO o.a.j.t.JMeterThread: Stopping Thread: org.apache.jorphan.util.JMeterStopThreadException: The thread is scheduled to stop in 3800 ms and the throughput timer generates a delay of 7645. Terminating the thread manually.
2026-04-08 18:46:56,160 INFO o.a.j.t.JMeterThread: Stop Thread detected by thread: WETPAINT Group 1-17
2026-04-08 18:46:56,160 INFO o.a.j.t.JMeterThread: Thread finished: WETPAINT Group 1-17
2026-04-08 18:46:56,467 INFO o.a.j.t.JMeterThread: Stopping Thread: org.apache.jorphan.util.JMeterStopThreadException: The thread is scheduled to stop in 3474 ms and the throughput timer generates a delay of 7704. Terminating the thread manually.
2026-04-08 18:46:56,467 INFO o.a.j.t.JMeterThread: Stop Thread detected by thread: WETPAINT Group 1-10
2026-04-08 18:46:56,467 INFO o.a.j.t.JMeterThread: Thread finished: WETPAINT Group 1-10
2026-04-08 18:46:57,389 INFO o.a.j.t.JMeterThread: Stopping Thread: org.apache.jorphan.util.JMeterStopThreadException: The thread is scheduled to stop in 2558 ms and the throughput timer generates a delay of 7309. Terminating the thread manually.
2026-04-08 18:46:57,390 INFO o.a.j.t.JMeterThread: Stop Thread detected by thread: WETPAINT Group 1-13
2026-04-08 18:46:57,390 INFO o.a.j.t.JMeterThread: Thread finished: WETPAINT Group 1-13
2026-04-08 18:46:58,003 INFO o.a.j.t.JMeterThread: Stopping Thread: org.apache.jorphan.util.JMeterStopThreadException: The thread is scheduled to stop in 1941 ms and the throughput timer generates a delay of 6851. Terminating the thread manually.
2026-04-08 18:46:58,003 INFO o.a.j.t.JMeterThread: Stop Thread detected by thread: WETPAINT Group 1-11
2026-04-08 18:46:58,003 INFO o.a.j.t.JMeterThread: Thread finished: WETPAINT Group 1-11
2026-04-08 18:46:58,416 INFO o.a.j.t.JMeterThread: Stopping Thread: org.apache.jorphan.util.JMeterStopThreadException: The thread is scheduled to stop in 1542 ms and the throughput timer generates a delay of 6735. Terminating the thread manually.
2026-04-08 18:46:58,416 INFO o.a.j.t.JMeterThread: Stop Thread detected by thread: WETPAINT Group 1-16
2026-04-08 18:46:58,416 INFO o.a.j.t.JMeterThread: Thread finished: WETPAINT Group 1-16
2026-04-08 18:46:58,603 INFO o.a.j.t.JMeterThread: Stopping Thread: org.apache.jorphan.util.JMeterStopThreadException: The thread is scheduled to stop in 1322 ms and the throughput timer generates a delay of 6793. Terminating the thread manually.
2026-04-08 18:46:58,603 INFO o.a.j.t.JMeterThread: Stop Thread detected by thread: WETPAINT Group 1-5
2026-04-08 18:46:58,603 INFO o.a.j.t.JMeterThread: Thread finished: WETPAINT Group 1-5
2026-04-08 18:46:58,722 INFO o.a.j.t.JMeterThread: Stopping Thread: org.apache.jorphan.util.JMeterStopThreadException: The thread is scheduled to stop in 1224 ms and the throughput timer generates a delay of 6739. Terminating the thread manually.
2026-04-08 18:46:58,722 INFO o.a.j.t.JMeterThread: Stop Thread detected by thread: WETPAINT Group 1-12
2026-04-08 18:46:58,722 INFO o.a.j.t.JMeterThread: Thread finished: WETPAINT Group 1-12
2026-04-08 18:46:59,130 INFO o.a.j.t.JMeterThread: Stopping Thread: org.apache.jorphan.util.JMeterStopThreadException: The thread is scheduled to stop in 809 ms and the throughput timer generates a delay of 6787. Terminating the thread manually.
2026-04-08 18:46:59,130 INFO o.a.j.t.JMeterThread: Stop Thread detected by thread: WETPAINT Group 1-9
2026-04-08 18:46:59,130 INFO o.a.j.t.JMeterThread: Thread finished: WETPAINT Group 1-9
2026-04-08 18:46:59,846 INFO o.a.j.t.JMeterThread: Stopping Thread: org.apache.jorphan.util.JMeterStopThreadException: The thread is scheduled to stop in 110 ms and the throughput timer generates a delay of 6081. Terminating the thread manually.
2026-04-08 18:46:59,846 INFO o.a.j.t.JMeterThread: Stop Thread detected by thread: WETPAINT Group 1-15
2026-04-08 18:46:59,846 INFO o.a.j.t.JMeterThread: Thread finished: WETPAINT Group 1-15
2026-04-08 18:46:59,847 INFO o.a.j.e.StandardJMeterEngine: Notifying test listeners of end of test
2026-04-08 18:46:59,848 INFO o.a.j.s.FileServer: Close: C:\Users\suppo\Desktop\國衛院-兒童web\stress\users.csv
2026-04-08 18:46:59,849 INFO o.a.j.r.Summariser: summary +    101 in 00:00:30 =    3.4/s Avg:    63 Min:    16 Max:   269 Err:     0 (0.00%) Active: 0 Started: 20 Finished: 20
2026-04-08 18:46:59,849 INFO o.a.j.r.Summariser: summary =   2000 in 00:10:00 =    3.3/s Avg:    69 Min:    12 Max:   565 Err:     0 (0.00%)
2026-04-08 18:46:59,850 INFO o.a.j.JMeter: Generating Dashboard
2026-04-08 18:46:59,850 INFO o.a.j.r.d.ReportGenerator: Flushing result collector before report Generation
2026-04-08 18:46:59,864 INFO o.a.j.r.p.NormalizerSampleConsumer: Using format, 'ms', to parse timeStamp field
2026-04-08 18:47:00,217 INFO o.a.j.r.p.AbstractSampleConsumer: class org.apache.jmeter.report.processor.AggregateConsumer#stopProducing(): beginDate produced 0 samples
2026-04-08 18:47:00,217 INFO o.a.j.r.p.AbstractSampleConsumer: class org.apache.jmeter.report.processor.AggregateConsumer#stopProducing(): endDate produced 0 samples
2026-04-08 18:47:00,220 INFO o.a.j.r.p.AbstractSampleConsumer: class org.apache.jmeter.report.processor.ApdexSummaryConsumer#stopProducing(): apdexSummary produced 0 samples
2026-04-08 18:47:00,220 INFO o.a.j.r.p.AbstractSampleConsumer: class org.apache.jmeter.report.processor.RequestsSummaryConsumer#stopProducing(): requestsSummary produced 0 samples
2026-04-08 18:47:00,231 INFO o.a.j.r.p.AbstractSampleConsumer: class org.apache.jmeter.report.processor.StatisticsSummaryConsumer#stopProducing(): statisticsSummary produced 0 samples
2026-04-08 18:47:00,234 INFO o.a.j.r.p.AbstractSampleConsumer: class org.apache.jmeter.report.processor.Top5ErrorsBySamplerConsumer#stopProducing(): top5ErrorsBySampler produced 0 samples
2026-04-08 18:47:00,235 INFO o.a.j.r.p.AbstractSampleConsumer: class org.apache.jmeter.report.processor.ErrorsSummaryConsumer#stopProducing(): errorsSummary produced 0 samples
2026-04-08 18:47:00,235 INFO o.a.j.r.p.AbstractSampleConsumer: class org.apache.jmeter.report.processor.graph.impl.HitsPerSecondGraphConsumer#stopProducing(): hitsPerSecond produced 0 samples
2026-04-08 18:47:00,292 INFO o.a.j.r.p.AbstractSampleConsumer: class org.apache.jmeter.report.processor.graph.impl.LatencyVSRequestGraphConsumer#stopProducing(): latencyVsRequest produced 0 samples
2026-04-08 18:47:00,293 INFO o.a.j.r.p.AbstractSampleConsumer: class org.apache.jmeter.report.processor.graph.impl.SyntheticResponseTimeDistributionGraphConsumer#stopProducing(): syntheticResponseTimeDistribution produced 0 samples
2026-04-08 18:47:00,293 INFO o.a.j.r.p.AbstractSampleConsumer: class org.apache.jmeter.report.processor.graph.impl.BytesThroughputGraphConsumer#stopProducing(): bytesThroughputOverTime produced 0 samples
2026-04-08 18:47:00,293 INFO o.a.j.r.p.AbstractSampleConsumer: class org.apache.jmeter.report.processor.graph.impl.CodesPerSecondGraphConsumer#stopProducing(): codesPerSecond produced 0 samples
2026-04-08 18:47:00,317 INFO o.a.j.r.p.AbstractSampleConsumer: class org.apache.jmeter.report.processor.graph.impl.ResponseTimeVSRequestGraphConsumer#stopProducing(): responseTimeVsRequest produced 0 samples
2026-04-08 18:47:00,318 INFO o.a.j.r.p.AbstractSampleConsumer: class org.apache.jmeter.report.processor.FilterConsumer#stopProducing(): startIntervalControlerFilter produced 14000 samples
2026-04-08 18:47:00,318 INFO o.a.j.r.p.AbstractSampleConsumer: class org.apache.jmeter.report.processor.graph.impl.TotalTPSGraphConsumer#stopProducing(): totalTPS produced 0 samples
2026-04-08 18:47:00,318 INFO o.a.j.r.p.AbstractSampleConsumer: class org.apache.jmeter.report.processor.graph.impl.ActiveThreadsGraphConsumer#stopProducing(): activeThreadsOverTime produced 0 samples
2026-04-08 18:47:00,318 INFO o.a.j.r.p.AbstractSampleConsumer: class org.apache.jmeter.report.processor.graph.impl.TimeVSThreadGraphConsumer#stopProducing(): timeVsThreads produced 0 samples
2026-04-08 18:47:00,322 INFO o.a.j.r.p.AbstractSampleConsumer: class org.apache.jmeter.report.processor.graph.impl.ResponseTimeDistributionGraphConsumer#stopProducing(): responseTimeDistribution produced 0 samples
2026-04-08 18:47:00,323 INFO o.a.j.r.p.AbstractSampleConsumer: class org.apache.jmeter.report.processor.graph.impl.TransactionsPerSecondGraphConsumer#stopProducing(): transactionsPerSecond produced 0 samples
2026-04-08 18:47:00,325 INFO o.a.j.r.p.AbstractSampleConsumer: class org.apache.jmeter.report.processor.graph.impl.ResponseTimePercentilesGraphConsumer#stopProducing(): responseTimePercentiles produced 0 samples
2026-04-08 18:47:00,336 INFO o.a.j.r.p.AbstractSampleConsumer: class org.apache.jmeter.report.processor.graph.impl.ResponseTimePercentilesOverTimeGraphConsumer#stopProducing(): responseTimePercentilesOverTime produced 0 samples
2026-04-08 18:47:00,338 INFO o.a.j.r.p.AbstractSampleConsumer: class org.apache.jmeter.report.processor.graph.impl.ResponseTimeOverTimeGraphConsumer#stopProducing(): responseTimesOverTime produced 0 samples
2026-04-08 18:47:00,339 INFO o.a.j.r.p.AbstractSampleConsumer: class org.apache.jmeter.report.processor.graph.impl.ConnectTimeOverTimeGraphConsumer#stopProducing(): connectTimeOverTime produced 0 samples
2026-04-08 18:47:00,340 INFO o.a.j.r.p.AbstractSampleConsumer: class org.apache.jmeter.report.processor.graph.impl.LatencyOverTimeGraphConsumer#stopProducing(): latenciesOverTime produced 0 samples
2026-04-08 18:47:00,341 INFO o.a.j.r.p.AbstractSampleConsumer: class org.apache.jmeter.report.processor.FilterConsumer#stopProducing(): nameFilter produced 30000 samples
2026-04-08 18:47:00,341 INFO o.a.j.r.p.AbstractSampleConsumer: class org.apache.jmeter.report.processor.FilterConsumer#stopProducing(): dateRangeFilter produced 6000 samples
2026-04-08 18:47:00,341 INFO o.a.j.r.p.AbstractSampleConsumer: class org.apache.jmeter.report.processor.NormalizerSampleConsumer#stopProducing(): normalizer produced 2000 samples
2026-04-08 18:47:00,342 INFO o.a.j.r.p.CsvFileSampleSource: produce(): 2000 samples produced in 444ms on channel 0
2026-04-08 18:47:00,342 INFO o.a.j.r.d.ReportGenerator: Exporting data using exporter:'json' of className:'org.apache.jmeter.report.dashboard.JsonExporter'
2026-04-08 18:47:00,475 INFO o.a.j.r.d.JsonExporter: Found data for consumer statisticsSummary in context
2026-04-08 18:47:00,476 INFO o.a.j.r.d.JsonExporter: Creating statistics for overall
2026-04-08 18:47:00,477 INFO o.a.j.r.d.JsonExporter: Creating statistics for other transactions
2026-04-08 18:47:00,478 INFO o.a.j.r.d.JsonExporter: Checking output folder
2026-04-08 18:47:00,485 INFO o.a.j.r.d.JsonExporter: Writing statistics JSON to C:\Users\suppo\Desktop\國衛院-兒童web\stress\results\User_20u_10m\html-report\statistics.json
2026-04-08 18:47:00,560 INFO o.a.j.r.d.ReportGenerator: Exporting data using exporter:'html' of className:'org.apache.jmeter.report.dashboard.HtmlTemplateExporter'
2026-04-08 18:47:00,568 INFO o.a.j.r.d.HtmlTemplateExporter: Will generate dashboard in folder: C:\Users\suppo\Desktop\國衛院-兒童web\stress\results\User_20u_10m\html-report
2026-04-08 18:47:00,812 INFO o.a.j.r.d.HtmlTemplateExporter: Report will be generated in: C:\Users\suppo\Desktop\國衛院-兒童web\stress\results\User_20u_10m\html-report, creating folder structure
2026-04-08 18:47:00,818 INFO o.a.j.r.d.TemplateVisitor: Copying folder from 'C:\Users\suppo\Desktop\apache-jmeter-5.6.3\apache-jmeter-5.6.3\bin\report-template' to 'C:\Users\suppo\Desktop\國衛院-兒童web\stress\results\User_20u_10m\html-report', got message: C:\Users\suppo\Desktop\國衛院-兒童web\stress\results\User_20u_10m\html-report, found non empty folder with following content [C:\Users\suppo\Desktop\國衛院-兒童web\stress\results\User_20u_10m\html-report\statistics.json], will be ignored
2026-04-08 18:47:01,445 INFO o.a.j.JMeter: Dashboard generated
