2026-04-08 16:07:18,452 INFO o.a.j.u.JMeterUtils: Setting Locale to en_EN
2026-04-08 16:07:18,470 INFO o.a.j.JMeter: Loading user properties from: C:\Users\suppo\Desktop\apache-jmeter-5.6.3\apache-jmeter-5.6.3\bin\user.properties
2026-04-08 16:07:18,470 INFO o.a.j.JMeter: Loading system properties from: C:\Users\suppo\Desktop\apache-jmeter-5.6.3\apache-jmeter-5.6.3\bin\system.properties
2026-04-08 16:07:18,471 INFO o.a.j.JMeter: Setting System property: java.awt.headless=true
2026-04-08 16:07:18,479 INFO o.a.j.JMeter: Copyright (c) 1998-2024 The Apache Software Foundation
2026-04-08 16:07:18,480 INFO o.a.j.JMeter: Version 5.6.3
2026-04-08 16:07:18,480 INFO o.a.j.JMeter: java.version=25.0.1
2026-04-08 16:07:18,480 INFO o.a.j.JMeter: java.vm.name=Java HotSpot(TM) 64-Bit Server VM
2026-04-08 16:07:18,481 INFO o.a.j.JMeter: os.name=Windows 11
2026-04-08 16:07:18,481 INFO o.a.j.JMeter: os.arch=amd64
2026-04-08 16:07:18,481 INFO o.a.j.JMeter: os.version=10.0
2026-04-08 16:07:18,481 INFO o.a.j.JMeter: file.encoding=UTF-8
2026-04-08 16:07:18,481 INFO o.a.j.JMeter: java.awt.headless=true
2026-04-08 16:07:18,481 INFO o.a.j.JMeter: Max memory     =2147483648
2026-04-08 16:07:18,481 INFO o.a.j.JMeter: Available Processors =16
2026-04-08 16:07:18,497 INFO o.a.j.JMeter: Default Locale=English (EN)
2026-04-08 16:07:18,498 INFO o.a.j.JMeter: JMeter  Locale=English (EN)
2026-04-08 16:07:18,498 INFO o.a.j.JMeter: JMeterHome=C:\Users\suppo\Desktop\apache-jmeter-5.6.3\apache-jmeter-5.6.3
2026-04-08 16:07:18,498 INFO o.a.j.JMeter: user.dir  =C:\Users\suppo\Desktop\國衛院-兒童web\stress
2026-04-08 16:07:18,499 INFO o.a.j.JMeter: PWD       =C:\Users\suppo\Desktop\國衛院-兒童web\stress
2026-04-08 16:07:23,477 INFO o.a.j.JMeter: IP: 192.168.0.176 Name: Ruenxin FullName: Ruenxin
2026-04-08 16:07:23,489 INFO o.a.j.JMeter: Setting property 'jmeter.reportgenerator.outputdir' to:'C:\Users\suppo\Desktop\國衛院-兒童web\stress\results\step_5u_5m\html-report'
2026-04-08 16:07:23,493 INFO o.a.j.s.FileServer: Default base='C:\Users\suppo\Desktop\國衛院-兒童web\stress'
2026-04-08 16:07:23,495 INFO o.a.j.s.FileServer: Set new base='C:\Users\suppo\Desktop\國衛院-兒童web\stress\results\step_5u_5m'
2026-04-08 16:07:23,767 INFO o.a.j.s.SaveService: Testplan (JMX) version: 2.2. Testlog (JTL) version: 2.2
2026-04-08 16:07:23,786 INFO o.a.j.s.SaveService: Using SaveService properties version 5.0
2026-04-08 16:07:23,789 INFO o.a.j.s.SaveService: Using SaveService properties file encoding UTF-8
2026-04-08 16:07:23,794 INFO o.a.j.s.SaveService: Loading file: C:\Users\suppo\Desktop\國衛院-兒童web\stress\results\step_5u_5m\generated-test-plan.jmx
2026-04-08 16:07:23,827 INFO o.a.j.p.h.c.CookieManager: Settings: Delete null: true Check: true Allow variable: true Save: false Prefix: COOKIE_
2026-04-08 16:07:23,831 INFO o.a.j.p.h.c.CacheManager: Will only cache the following methods: [GET]
2026-04-08 16:07:24,107 INFO o.a.j.e.KeyToolUtils: keytool found at 'keytool'
2026-04-08 16:07:24,108 INFO o.a.j.p.h.p.ProxyControl: HTTP(S) Test Script Recorder SSL Proxy will use keys that support embedded 3rd party resources in file C:\Users\suppo\Desktop\apache-jmeter-5.6.3\apache-jmeter-5.6.3\bin\proxyserver.jks
2026-04-08 16:07:24,133 INFO o.a.j.p.h.s.HTTPSamplerBase: Parser for text/html is org.apache.jmeter.protocol.http.parser.LagartoBasedHtmlParser
2026-04-08 16:07:24,133 INFO o.a.j.p.h.s.HTTPSamplerBase: Parser for application/xhtml+xml is org.apache.jmeter.protocol.http.parser.LagartoBasedHtmlParser
2026-04-08 16:07:24,133 INFO o.a.j.p.h.s.HTTPSamplerBase: Parser for application/xml is org.apache.jmeter.protocol.http.parser.LagartoBasedHtmlParser
2026-04-08 16:07:24,133 INFO o.a.j.p.h.s.HTTPSamplerBase: Parser for text/xml is org.apache.jmeter.protocol.http.parser.LagartoBasedHtmlParser
2026-04-08 16:07:24,133 INFO o.a.j.p.h.s.HTTPSamplerBase: Parser for text/vnd.wap.wml is org.apache.jmeter.protocol.http.parser.RegexpHTMLParser
2026-04-08 16:07:24,133 INFO o.a.j.p.h.s.HTTPSamplerBase: Parser for text/css is org.apache.jmeter.protocol.http.parser.CssParser
2026-04-08 16:07:24,211 INFO o.a.j.JMeter: Creating summariser <summary>
2026-04-08 16:07:24,219 INFO o.a.j.r.d.ReportGenerator: ReportGenerator will use for Parsing the separator: ','
2026-04-08 16:07:24,219 INFO o.a.j.r.d.ReportGenerator: Will generate report at end of test from  results file: C:\Users\suppo\Desktop\國衛院-兒童web\stress\results\step_5u_5m\results.jtl
2026-04-08 16:07:24,219 INFO o.a.j.r.d.ReportGenerator: Reading report generator properties from: C:\Users\suppo\Desktop\apache-jmeter-5.6.3\apache-jmeter-5.6.3\bin\reportgenerator.properties
2026-04-08 16:07:24,220 INFO o.a.j.r.d.ReportGenerator: Merging with JMeter properties
2026-04-08 16:07:24,225 INFO o.a.j.r.c.ReportGeneratorConfiguration: Property 'jmeter.reportgenerator.temp_dir' not found, using default value 'temp' instead.
2026-04-08 16:07:24,228 INFO o.a.j.r.c.ReportGeneratorConfiguration: Property 'jmeter.reportgenerator.apdex_per_transaction' not found, using default value 'null' instead.
2026-04-08 16:07:24,228 INFO o.a.j.r.c.ReportGeneratorConfiguration: apdex_per_transaction is empty, not APDEX per transaction customization
2026-04-08 16:07:24,229 INFO o.a.j.r.c.ReportGeneratorConfiguration: Property 'jmeter.reportgenerator.sample_filter' not found, using default value 'null' instead.
2026-04-08 16:07:24,229 INFO o.a.j.r.c.ReportGeneratorConfiguration: Property 'jmeter.reportgenerator.report_title' not found, using default value 'null' instead.
2026-04-08 16:07:24,229 INFO o.a.j.r.c.ReportGeneratorConfiguration: Property 'jmeter.reportgenerator.start_date' not found, using default value 'null' instead.
2026-04-08 16:07:24,229 INFO o.a.j.r.c.ReportGeneratorConfiguration: Property 'jmeter.reportgenerator.end_date' not found, using default value 'null' instead.
2026-04-08 16:07:24,230 INFO o.a.j.r.c.ReportGeneratorConfiguration: Property 'jmeter.reportgenerator.date_format' not found, using default value 'null' instead.
2026-04-08 16:07:24,231 INFO o.a.j.r.c.ReportGeneratorConfiguration: Will use date range start date: null, end date: null
2026-04-08 16:07:24,235 INFO o.a.j.r.c.ReportGeneratorConfiguration: Property 'jmeter.reportgenerator.graph.totalTPS.exclude_controllers' not found, using default value 'false' instead.
2026-04-08 16:07:24,235 INFO o.a.j.r.c.ReportGeneratorConfiguration: Property 'jmeter.reportgenerator.graph.activeThreadsOverTime.exclude_controllers' not found, using default value 'false' instead.
2026-04-08 16:07:24,235 INFO o.a.j.r.c.ReportGeneratorConfiguration: Property 'jmeter.reportgenerator.graph.timeVsThreads.exclude_controllers' not found, using default value 'false' instead.
2026-04-08 16:07:24,236 INFO o.a.j.r.c.ReportGeneratorConfiguration: Property 'jmeter.reportgenerator.graph.responseTimeDistribution.exclude_controllers' not found, using default value 'false' instead.
2026-04-08 16:07:24,236 INFO o.a.j.r.c.ReportGeneratorConfiguration: Property 'jmeter.reportgenerator.graph.transactionsPerSecond.exclude_controllers' not found, using default value 'false' instead.
2026-04-08 16:07:24,236 INFO o.a.j.r.c.ReportGeneratorConfiguration: Property 'jmeter.reportgenerator.graph.responseTimePercentiles.exclude_controllers' not found, using default value 'false' instead.
2026-04-08 16:07:24,236 INFO o.a.j.r.c.ReportGeneratorConfiguration: Property 'jmeter.reportgenerator.graph.responseTimePercentilesOverTime.exclude_controllers' not found, using default value 'false' instead.
2026-04-08 16:07:24,236 INFO o.a.j.r.c.ReportGeneratorConfiguration: Property 'jmeter.reportgenerator.graph.responseTimesOverTime.exclude_controllers' not found, using default value 'false' instead.
2026-04-08 16:07:24,236 INFO o.a.j.r.c.ReportGeneratorConfiguration: Property 'jmeter.reportgenerator.graph.connectTimeOverTime.exclude_controllers' not found, using default value 'false' instead.
2026-04-08 16:07:24,236 INFO o.a.j.r.c.ReportGeneratorConfiguration: Property 'jmeter.reportgenerator.graph.latenciesOverTime.exclude_controllers' not found, using default value 'false' instead.
2026-04-08 16:07:24,237 INFO o.a.j.r.c.ReportGeneratorConfiguration: Property 'jmeter.reportgenerator.exporter.json.filters_only_sample_series' not found, using default value 'true' instead.
2026-04-08 16:07:24,237 INFO o.a.j.r.c.ReportGeneratorConfiguration: Property 'jmeter.reportgenerator.exporter.json.series_filter' not found, using default value '' instead.
2026-04-08 16:07:24,237 INFO o.a.j.r.c.ReportGeneratorConfiguration: Property 'jmeter.reportgenerator.exporter.json.show_controllers_only' not found, using default value 'false' instead.
2026-04-08 16:07:24,238 INFO o.a.j.r.c.ReportGeneratorConfiguration: Property 'jmeter.reportgenerator.exporter.html.filters_only_sample_series' not found, using default value 'true' instead.
2026-04-08 16:07:24,238 INFO o.a.j.r.c.ReportGeneratorConfiguration: Property 'jmeter.reportgenerator.exporter.html.series_filter' not found, using default value '' instead.
2026-04-08 16:07:24,238 INFO o.a.j.r.c.ReportGeneratorConfiguration: Property 'jmeter.reportgenerator.exporter.html.show_controllers_only' not found, using default value 'false' instead.
2026-04-08 16:07:24,252 INFO o.a.j.e.StandardJMeterEngine: Running the test!
2026-04-08 16:07:24,253 INFO o.a.j.s.SampleEvent: List of sample_variables: []
2026-04-08 16:07:24,253 INFO o.a.j.s.SampleEvent: List of sample_variables: []
2026-04-08 16:07:24,257 INFO o.a.j.e.u.CompoundVariable: Note: Function class names must contain the string: '.functions.'
2026-04-08 16:07:24,257 INFO o.a.j.e.u.CompoundVariable: Note: Function class names must not contain the string: '.gui.'
2026-04-08 16:07:24,373 INFO o.a.j.JMeter: Running test (1775635644373)
2026-04-08 16:07:24,393 INFO o.a.j.e.StandardJMeterEngine: Starting ThreadGroup: 1 : WETPAINT Group
2026-04-08 16:07:24,393 INFO o.a.j.e.StandardJMeterEngine: Starting 5 threads for group WETPAINT Group.
2026-04-08 16:07:24,393 INFO o.a.j.e.StandardJMeterEngine: Thread will continue on error
2026-04-08 16:07:24,394 INFO o.a.j.t.ThreadGroup: Starting thread group... number=1 threads=5 ramp-up=30 delayedStart=false
2026-04-08 16:07:24,411 INFO o.a.j.t.ThreadGroup: Started thread group number 1
2026-04-08 16:07:24,411 INFO o.a.j.e.StandardJMeterEngine: All thread groups have been started
2026-04-08 16:07:24,443 INFO o.a.j.t.JMeterThread: Thread started: WETPAINT Group 1-1
2026-04-08 16:07:24,448 INFO o.a.j.s.FileServer: Stored: C:\Users\suppo\Desktop\國衛院-兒童web\stress\users.csv
2026-04-08 16:07:24,469 INFO o.a.j.p.h.s.HTTPHCAbstractImpl: Local host = Ruenxin
2026-04-08 16:07:24,473 INFO o.a.j.p.h.s.HTTPHC4Impl: HTTP request retry count = 0
2026-04-08 16:07:24,475 INFO o.a.j.s.SampleResult: Note: Sample TimeStamps are START times
2026-04-08 16:07:24,475 INFO o.a.j.s.SampleResult: sampleresult.default.encoding is set to UTF-8
2026-04-08 16:07:24,475 INFO o.a.j.s.SampleResult: sampleresult.useNanoTime=true
2026-04-08 16:07:24,475 INFO o.a.j.s.SampleResult: sampleresult.nanoThreadSleep=5000
2026-04-08 16:07:24,532 INFO o.a.j.p.h.s.h.LazyLayeredConnectionSocketFactory: Setting up HTTPS TrustAll Socket Factory
2026-04-08 16:07:24,536 INFO o.a.j.u.JsseSSLManager: Using default SSL protocol: TLS
2026-04-08 16:07:24,536 INFO o.a.j.u.JsseSSLManager: SSL session context: per-thread
2026-04-08 16:07:24,597 INFO o.a.j.u.SSLManager: JmeterKeyStore Location:  type JKS
2026-04-08 16:07:24,599 INFO o.a.j.u.SSLManager: KeyStore created OK
2026-04-08 16:07:24,599 WARN o.a.j.u.SSLManager: Keystore file not found, loading empty keystore
2026-04-08 16:07:26,866 INFO o.a.j.t.JMeterThread: Stop Thread seen for thread WETPAINT Group 1-1, reason: org.apache.jorphan.util.JMeterStopThreadException: End of file:C:\Users\suppo\Desktop\國衛院-兒童web\stress\users.csv detected for CSV DataSet:CSV Data Set Config configured with stopThread:true, recycle:false
2026-04-08 16:07:26,866 INFO o.a.j.t.JMeterThread: Thread finished: WETPAINT Group 1-1
2026-04-08 16:07:30,438 INFO o.a.j.t.JMeterThread: Thread started: WETPAINT Group 1-2
2026-04-08 16:07:30,439 INFO o.a.j.t.JMeterThread: Stop Thread seen for thread WETPAINT Group 1-2, reason: org.apache.jorphan.util.JMeterStopThreadException: End of file:C:\Users\suppo\Desktop\國衛院-兒童web\stress\users.csv detected for CSV DataSet:CSV Data Set Config configured with stopThread:true, recycle:false
2026-04-08 16:07:30,439 INFO o.a.j.t.JMeterThread: Thread finished: WETPAINT Group 1-2
2026-04-08 16:07:36,435 INFO o.a.j.t.JMeterThread: Thread started: WETPAINT Group 1-3
2026-04-08 16:07:36,436 INFO o.a.j.t.JMeterThread: Stop Thread seen for thread WETPAINT Group 1-3, reason: org.apache.jorphan.util.JMeterStopThreadException: End of file:C:\Users\suppo\Desktop\國衛院-兒童web\stress\users.csv detected for CSV DataSet:CSV Data Set Config configured with stopThread:true, recycle:false
2026-04-08 16:07:36,436 INFO o.a.j.t.JMeterThread: Thread finished: WETPAINT Group 1-3
2026-04-08 16:07:42,431 INFO o.a.j.t.JMeterThread: Thread started: WETPAINT Group 1-4
2026-04-08 16:07:42,433 INFO o.a.j.t.JMeterThread: Stop Thread seen for thread WETPAINT Group 1-4, reason: org.apache.jorphan.util.JMeterStopThreadException: End of file:C:\Users\suppo\Desktop\國衛院-兒童web\stress\users.csv detected for CSV DataSet:CSV Data Set Config configured with stopThread:true, recycle:false
2026-04-08 16:07:42,433 INFO o.a.j.t.JMeterThread: Thread finished: WETPAINT Group 1-4
2026-04-08 16:07:48,429 INFO o.a.j.t.JMeterThread: Thread started: WETPAINT Group 1-5
2026-04-08 16:07:48,429 INFO o.a.j.t.JMeterThread: Stop Thread seen for thread WETPAINT Group 1-5, reason: org.apache.jorphan.util.JMeterStopThreadException: End of file:C:\Users\suppo\Desktop\國衛院-兒童web\stress\users.csv detected for CSV DataSet:CSV Data Set Config configured with stopThread:true, recycle:false
2026-04-08 16:07:48,429 INFO o.a.j.t.JMeterThread: Thread finished: WETPAINT Group 1-5
2026-04-08 16:07:48,430 INFO o.a.j.e.StandardJMeterEngine: Notifying test listeners of end of test
2026-04-08 16:07:48,430 INFO o.a.j.s.FileServer: Close: C:\Users\suppo\Desktop\國衛院-兒童web\stress\users.csv
2026-04-08 16:07:48,434 INFO o.a.j.r.Summariser: summary =     31 in 00:00:24 =    1.3/s Avg:    73 Min:    14 Max:   369 Err:     0 (0.00%)
2026-04-08 16:07:48,434 INFO o.a.j.JMeter: Generating Dashboard
2026-04-08 16:07:48,435 INFO o.a.j.r.d.ReportGenerator: Flushing result collector before report Generation
2026-04-08 16:07:48,444 INFO o.a.j.r.p.NormalizerSampleConsumer: Using format, 'ms', to parse timeStamp field
2026-04-08 16:07:48,549 INFO o.a.j.r.p.AbstractSampleConsumer: class org.apache.jmeter.report.processor.AggregateConsumer#stopProducing(): beginDate produced 0 samples
2026-04-08 16:07:48,549 INFO o.a.j.r.p.AbstractSampleConsumer: class org.apache.jmeter.report.processor.AggregateConsumer#stopProducing(): endDate produced 0 samples
2026-04-08 16:07:48,550 INFO o.a.j.r.p.AbstractSampleConsumer: class org.apache.jmeter.report.processor.ApdexSummaryConsumer#stopProducing(): apdexSummary produced 0 samples
2026-04-08 16:07:48,550 INFO o.a.j.r.p.AbstractSampleConsumer: class org.apache.jmeter.report.processor.RequestsSummaryConsumer#stopProducing(): requestsSummary produced 0 samples
2026-04-08 16:07:48,554 INFO o.a.j.r.p.AbstractSampleConsumer: class org.apache.jmeter.report.processor.StatisticsSummaryConsumer#stopProducing(): statisticsSummary produced 0 samples
2026-04-08 16:07:48,556 INFO o.a.j.r.p.AbstractSampleConsumer: class org.apache.jmeter.report.processor.Top5ErrorsBySamplerConsumer#stopProducing(): top5ErrorsBySampler produced 0 samples
2026-04-08 16:07:48,556 INFO o.a.j.r.p.AbstractSampleConsumer: class org.apache.jmeter.report.processor.ErrorsSummaryConsumer#stopProducing(): errorsSummary produced 0 samples
2026-04-08 16:07:48,556 INFO o.a.j.r.p.AbstractSampleConsumer: class org.apache.jmeter.report.processor.graph.impl.HitsPerSecondGraphConsumer#stopProducing(): hitsPerSecond produced 0 samples
2026-04-08 16:07:48,572 INFO o.a.j.r.p.AbstractSampleConsumer: class org.apache.jmeter.report.processor.graph.impl.LatencyVSRequestGraphConsumer#stopProducing(): latencyVsRequest produced 0 samples
2026-04-08 16:07:48,572 INFO o.a.j.r.p.AbstractSampleConsumer: class org.apache.jmeter.report.processor.graph.impl.SyntheticResponseTimeDistributionGraphConsumer#stopProducing(): syntheticResponseTimeDistribution produced 0 samples
2026-04-08 16:07:48,572 INFO o.a.j.r.p.AbstractSampleConsumer: class org.apache.jmeter.report.processor.graph.impl.BytesThroughputGraphConsumer#stopProducing(): bytesThroughputOverTime produced 0 samples
2026-04-08 16:07:48,573 INFO o.a.j.r.p.AbstractSampleConsumer: class org.apache.jmeter.report.processor.graph.impl.CodesPerSecondGraphConsumer#stopProducing(): codesPerSecond produced 0 samples
2026-04-08 16:07:48,579 INFO o.a.j.r.p.AbstractSampleConsumer: class org.apache.jmeter.report.processor.graph.impl.ResponseTimeVSRequestGraphConsumer#stopProducing(): responseTimeVsRequest produced 0 samples
2026-04-08 16:07:48,579 INFO o.a.j.r.p.AbstractSampleConsumer: class org.apache.jmeter.report.processor.FilterConsumer#stopProducing(): startIntervalControlerFilter produced 217 samples
2026-04-08 16:07:48,580 INFO o.a.j.r.p.AbstractSampleConsumer: class org.apache.jmeter.report.processor.graph.impl.TotalTPSGraphConsumer#stopProducing(): totalTPS produced 0 samples
2026-04-08 16:07:48,580 INFO o.a.j.r.p.AbstractSampleConsumer: class org.apache.jmeter.report.processor.graph.impl.ActiveThreadsGraphConsumer#stopProducing(): activeThreadsOverTime produced 0 samples
2026-04-08 16:07:48,580 INFO o.a.j.r.p.AbstractSampleConsumer: class org.apache.jmeter.report.processor.graph.impl.TimeVSThreadGraphConsumer#stopProducing(): timeVsThreads produced 0 samples
2026-04-08 16:07:48,581 INFO o.a.j.r.p.AbstractSampleConsumer: class org.apache.jmeter.report.processor.graph.impl.ResponseTimeDistributionGraphConsumer#stopProducing(): responseTimeDistribution produced 0 samples
2026-04-08 16:07:48,581 INFO o.a.j.r.p.AbstractSampleConsumer: class org.apache.jmeter.report.processor.graph.impl.TransactionsPerSecondGraphConsumer#stopProducing(): transactionsPerSecond produced 0 samples
2026-04-08 16:07:48,582 INFO o.a.j.r.p.AbstractSampleConsumer: class org.apache.jmeter.report.processor.graph.impl.ResponseTimePercentilesGraphConsumer#stopProducing(): responseTimePercentiles produced 0 samples
2026-04-08 16:07:48,588 INFO o.a.j.r.p.AbstractSampleConsumer: class org.apache.jmeter.report.processor.graph.impl.ResponseTimePercentilesOverTimeGraphConsumer#stopProducing(): responseTimePercentilesOverTime produced 0 samples
2026-04-08 16:07:48,589 INFO o.a.j.r.p.AbstractSampleConsumer: class org.apache.jmeter.report.processor.graph.impl.ResponseTimeOverTimeGraphConsumer#stopProducing(): responseTimesOverTime produced 0 samples
2026-04-08 16:07:48,589 INFO o.a.j.r.p.AbstractSampleConsumer: class org.apache.jmeter.report.processor.graph.impl.ConnectTimeOverTimeGraphConsumer#stopProducing(): connectTimeOverTime produced 0 samples
2026-04-08 16:07:48,589 INFO o.a.j.r.p.AbstractSampleConsumer: class org.apache.jmeter.report.processor.graph.impl.LatencyOverTimeGraphConsumer#stopProducing(): latenciesOverTime produced 0 samples
2026-04-08 16:07:48,590 INFO o.a.j.r.p.AbstractSampleConsumer: class org.apache.jmeter.report.processor.FilterConsumer#stopProducing(): nameFilter produced 465 samples
2026-04-08 16:07:48,590 INFO o.a.j.r.p.AbstractSampleConsumer: class org.apache.jmeter.report.processor.FilterConsumer#stopProducing(): dateRangeFilter produced 93 samples
2026-04-08 16:07:48,590 INFO o.a.j.r.p.AbstractSampleConsumer: class org.apache.jmeter.report.processor.NormalizerSampleConsumer#stopProducing(): normalizer produced 31 samples
2026-04-08 16:07:48,590 INFO o.a.j.r.p.CsvFileSampleSource: produce(): 31 samples produced in 113ms on channel 0
2026-04-08 16:07:48,591 INFO o.a.j.r.d.ReportGenerator: Exporting data using exporter:'json' of className:'org.apache.jmeter.report.dashboard.JsonExporter'
2026-04-08 16:07:48,679 INFO o.a.j.r.d.JsonExporter: Found data for consumer statisticsSummary in context
2026-04-08 16:07:48,680 INFO o.a.j.r.d.JsonExporter: Creating statistics for overall
2026-04-08 16:07:48,680 INFO o.a.j.r.d.JsonExporter: Creating statistics for other transactions
2026-04-08 16:07:48,681 INFO o.a.j.r.d.JsonExporter: Checking output folder
2026-04-08 16:07:48,682 INFO o.a.j.r.d.JsonExporter: Writing statistics JSON to C:\Users\suppo\Desktop\國衛院-兒童web\stress\results\step_5u_5m\html-report\statistics.json
2026-04-08 16:07:48,735 INFO o.a.j.r.d.ReportGenerator: Exporting data using exporter:'html' of className:'org.apache.jmeter.report.dashboard.HtmlTemplateExporter'
2026-04-08 16:07:48,740 INFO o.a.j.r.d.HtmlTemplateExporter: Will generate dashboard in folder: C:\Users\suppo\Desktop\國衛院-兒童web\stress\results\step_5u_5m\html-report
2026-04-08 16:07:48,925 INFO o.a.j.r.d.HtmlTemplateExporter: Report will be generated in: C:\Users\suppo\Desktop\國衛院-兒童web\stress\results\step_5u_5m\html-report, creating folder structure
2026-04-08 16:07:48,928 INFO o.a.j.r.d.TemplateVisitor: Copying folder from 'C:\Users\suppo\Desktop\apache-jmeter-5.6.3\apache-jmeter-5.6.3\bin\report-template' to 'C:\Users\suppo\Desktop\國衛院-兒童web\stress\results\step_5u_5m\html-report', got message: C:\Users\suppo\Desktop\國衛院-兒童web\stress\results\step_5u_5m\html-report, found non empty folder with following content [C:\Users\suppo\Desktop\國衛院-兒童web\stress\results\step_5u_5m\html-report\statistics.json], will be ignored
2026-04-08 16:07:49,538 INFO o.a.j.JMeter: Dashboard generated
