2026-04-08 17:20:19,725 INFO o.a.j.u.JMeterUtils: Setting Locale to en_EN
2026-04-08 17:20:19,744 INFO o.a.j.JMeter: Loading user properties from: C:\Users\suppo\Desktop\apache-jmeter-5.6.3\apache-jmeter-5.6.3\bin\user.properties
2026-04-08 17:20:19,745 INFO o.a.j.JMeter: Loading system properties from: C:\Users\suppo\Desktop\apache-jmeter-5.6.3\apache-jmeter-5.6.3\bin\system.properties
2026-04-08 17:20:19,745 INFO o.a.j.JMeter: Setting System property: java.awt.headless=true
2026-04-08 17:20:19,752 INFO o.a.j.JMeter: Copyright (c) 1998-2024 The Apache Software Foundation
2026-04-08 17:20:19,752 INFO o.a.j.JMeter: Version 5.6.3
2026-04-08 17:20:19,752 INFO o.a.j.JMeter: java.version=25.0.1
2026-04-08 17:20:19,752 INFO o.a.j.JMeter: java.vm.name=Java HotSpot(TM) 64-Bit Server VM
2026-04-08 17:20:19,753 INFO o.a.j.JMeter: os.name=Windows 11
2026-04-08 17:20:19,753 INFO o.a.j.JMeter: os.arch=amd64
2026-04-08 17:20:19,753 INFO o.a.j.JMeter: os.version=10.0
2026-04-08 17:20:19,753 INFO o.a.j.JMeter: file.encoding=UTF-8
2026-04-08 17:20:19,753 INFO o.a.j.JMeter: java.awt.headless=true
2026-04-08 17:20:19,753 INFO o.a.j.JMeter: Max memory     =2147483648
2026-04-08 17:20:19,753 INFO o.a.j.JMeter: Available Processors =16
2026-04-08 17:20:19,773 INFO o.a.j.JMeter: Default Locale=English (EN)
2026-04-08 17:20:19,774 INFO o.a.j.JMeter: JMeter  Locale=English (EN)
2026-04-08 17:20:19,774 INFO o.a.j.JMeter: JMeterHome=C:\Users\suppo\Desktop\apache-jmeter-5.6.3\apache-jmeter-5.6.3
2026-04-08 17:20:19,774 INFO o.a.j.JMeter: user.dir  =C:\Users\suppo\Desktop\國衛院-兒童web\stress
2026-04-08 17:20:19,774 INFO o.a.j.JMeter: PWD       =C:\Users\suppo\Desktop\國衛院-兒童web\stress
2026-04-08 17:20:24,730 INFO o.a.j.JMeter: IP: 192.168.0.176 Name: Ruenxin FullName: Ruenxin
2026-04-08 17:20:24,744 INFO o.a.j.JMeter: Setting property 'jmeter.reportgenerator.outputdir' to:'C:\Users\suppo\Desktop\國衛院-兒童web\stress\results\Basic_5u_5m_manager\html-report'
2026-04-08 17:20:24,746 INFO o.a.j.s.FileServer: Default base='C:\Users\suppo\Desktop\國衛院-兒童web\stress'
2026-04-08 17:20:24,747 INFO o.a.j.s.FileServer: Set new base='C:\Users\suppo\Desktop\國衛院-兒童web\stress\results\Basic_5u_5m_manager'
2026-04-08 17:20:25,002 INFO o.a.j.s.SaveService: Testplan (JMX) version: 2.2. Testlog (JTL) version: 2.2
2026-04-08 17:20:25,020 INFO o.a.j.s.SaveService: Using SaveService properties version 5.0
2026-04-08 17:20:25,024 INFO o.a.j.s.SaveService: Using SaveService properties file encoding UTF-8
2026-04-08 17:20:25,029 INFO o.a.j.s.SaveService: Loading file: C:\Users\suppo\Desktop\國衛院-兒童web\stress\results\Basic_5u_5m_manager\generated-test-plan.jmx
2026-04-08 17:20:25,064 INFO o.a.j.p.h.c.CookieManager: Settings: Delete null: true Check: true Allow variable: true Save: false Prefix: COOKIE_
2026-04-08 17:20:25,068 INFO o.a.j.p.h.c.CacheManager: Will only cache the following methods: [GET]
2026-04-08 17:20:25,344 INFO o.a.j.e.KeyToolUtils: keytool found at 'keytool'
2026-04-08 17:20:25,344 INFO o.a.j.p.h.p.ProxyControl: HTTP(S) Test Script Recorder SSL Proxy will use keys that support embedded 3rd party resources in file C:\Users\suppo\Desktop\apache-jmeter-5.6.3\apache-jmeter-5.6.3\bin\proxyserver.jks
2026-04-08 17:20:25,367 INFO o.a.j.p.h.s.HTTPSamplerBase: Parser for text/html is org.apache.jmeter.protocol.http.parser.LagartoBasedHtmlParser
2026-04-08 17:20:25,367 INFO o.a.j.p.h.s.HTTPSamplerBase: Parser for application/xhtml+xml is org.apache.jmeter.protocol.http.parser.LagartoBasedHtmlParser
2026-04-08 17:20:25,367 INFO o.a.j.p.h.s.HTTPSamplerBase: Parser for application/xml is org.apache.jmeter.protocol.http.parser.LagartoBasedHtmlParser
2026-04-08 17:20:25,367 INFO o.a.j.p.h.s.HTTPSamplerBase: Parser for text/xml is org.apache.jmeter.protocol.http.parser.LagartoBasedHtmlParser
2026-04-08 17:20:25,367 INFO o.a.j.p.h.s.HTTPSamplerBase: Parser for text/vnd.wap.wml is org.apache.jmeter.protocol.http.parser.RegexpHTMLParser
2026-04-08 17:20:25,367 INFO o.a.j.p.h.s.HTTPSamplerBase: Parser for text/css is org.apache.jmeter.protocol.http.parser.CssParser
2026-04-08 17:20:25,499 INFO o.a.j.JMeter: Creating summariser <summary>
2026-04-08 17:20:25,503 INFO o.a.j.r.d.ReportGenerator: ReportGenerator will use for Parsing the separator: ','
2026-04-08 17:20:25,503 INFO o.a.j.r.d.ReportGenerator: Will generate report at end of test from  results file: C:\Users\suppo\Desktop\國衛院-兒童web\stress\results\Basic_5u_5m_manager\results.jtl
2026-04-08 17:20:25,503 INFO o.a.j.r.d.ReportGenerator: Reading report generator properties from: C:\Users\suppo\Desktop\apache-jmeter-5.6.3\apache-jmeter-5.6.3\bin\reportgenerator.properties
2026-04-08 17:20:25,504 INFO o.a.j.r.d.ReportGenerator: Merging with JMeter properties
2026-04-08 17:20:25,507 INFO o.a.j.r.c.ReportGeneratorConfiguration: Property 'jmeter.reportgenerator.temp_dir' not found, using default value 'temp' instead.
2026-04-08 17:20:25,509 INFO o.a.j.r.c.ReportGeneratorConfiguration: Property 'jmeter.reportgenerator.apdex_per_transaction' not found, using default value 'null' instead.
2026-04-08 17:20:25,509 INFO o.a.j.r.c.ReportGeneratorConfiguration: apdex_per_transaction is empty, not APDEX per transaction customization
2026-04-08 17:20:25,509 INFO o.a.j.r.c.ReportGeneratorConfiguration: Property 'jmeter.reportgenerator.sample_filter' not found, using default value 'null' instead.
2026-04-08 17:20:25,509 INFO o.a.j.r.c.ReportGeneratorConfiguration: Property 'jmeter.reportgenerator.report_title' not found, using default value 'null' instead.
2026-04-08 17:20:25,509 INFO o.a.j.r.c.ReportGeneratorConfiguration: Property 'jmeter.reportgenerator.start_date' not found, using default value 'null' instead.
2026-04-08 17:20:25,509 INFO o.a.j.r.c.ReportGeneratorConfiguration: Property 'jmeter.reportgenerator.end_date' not found, using default value 'null' instead.
2026-04-08 17:20:25,509 INFO o.a.j.r.c.ReportGeneratorConfiguration: Property 'jmeter.reportgenerator.date_format' not found, using default value 'null' instead.
2026-04-08 17:20:25,511 INFO o.a.j.r.c.ReportGeneratorConfiguration: Will use date range start date: null, end date: null
2026-04-08 17:20:25,513 INFO o.a.j.r.c.ReportGeneratorConfiguration: Property 'jmeter.reportgenerator.graph.totalTPS.exclude_controllers' not found, using default value 'false' instead.
2026-04-08 17:20:25,514 INFO o.a.j.r.c.ReportGeneratorConfiguration: Property 'jmeter.reportgenerator.graph.activeThreadsOverTime.exclude_controllers' not found, using default value 'false' instead.
2026-04-08 17:20:25,514 INFO o.a.j.r.c.ReportGeneratorConfiguration: Property 'jmeter.reportgenerator.graph.timeVsThreads.exclude_controllers' not found, using default value 'false' instead.
2026-04-08 17:20:25,514 INFO o.a.j.r.c.ReportGeneratorConfiguration: Property 'jmeter.reportgenerator.graph.responseTimeDistribution.exclude_controllers' not found, using default value 'false' instead.
2026-04-08 17:20:25,514 INFO o.a.j.r.c.ReportGeneratorConfiguration: Property 'jmeter.reportgenerator.graph.transactionsPerSecond.exclude_controllers' not found, using default value 'false' instead.
2026-04-08 17:20:25,514 INFO o.a.j.r.c.ReportGeneratorConfiguration: Property 'jmeter.reportgenerator.graph.responseTimePercentiles.exclude_controllers' not found, using default value 'false' instead.
2026-04-08 17:20:25,514 INFO o.a.j.r.c.ReportGeneratorConfiguration: Property 'jmeter.reportgenerator.graph.responseTimePercentilesOverTime.exclude_controllers' not found, using default value 'false' instead.
2026-04-08 17:20:25,514 INFO o.a.j.r.c.ReportGeneratorConfiguration: Property 'jmeter.reportgenerator.graph.responseTimesOverTime.exclude_controllers' not found, using default value 'false' instead.
2026-04-08 17:20:25,514 INFO o.a.j.r.c.ReportGeneratorConfiguration: Property 'jmeter.reportgenerator.graph.connectTimeOverTime.exclude_controllers' not found, using default value 'false' instead.
2026-04-08 17:20:25,515 INFO o.a.j.r.c.ReportGeneratorConfiguration: Property 'jmeter.reportgenerator.graph.latenciesOverTime.exclude_controllers' not found, using default value 'false' instead.
2026-04-08 17:20:25,515 INFO o.a.j.r.c.ReportGeneratorConfiguration: Property 'jmeter.reportgenerator.exporter.json.filters_only_sample_series' not found, using default value 'true' instead.
2026-04-08 17:20:25,516 INFO o.a.j.r.c.ReportGeneratorConfiguration: Property 'jmeter.reportgenerator.exporter.json.series_filter' not found, using default value '' instead.
2026-04-08 17:20:25,516 INFO o.a.j.r.c.ReportGeneratorConfiguration: Property 'jmeter.reportgenerator.exporter.json.show_controllers_only' not found, using default value 'false' instead.
2026-04-08 17:20:25,516 INFO o.a.j.r.c.ReportGeneratorConfiguration: Property 'jmeter.reportgenerator.exporter.html.filters_only_sample_series' not found, using default value 'true' instead.
2026-04-08 17:20:25,516 INFO o.a.j.r.c.ReportGeneratorConfiguration: Property 'jmeter.reportgenerator.exporter.html.series_filter' not found, using default value '' instead.
2026-04-08 17:20:25,516 INFO o.a.j.r.c.ReportGeneratorConfiguration: Property 'jmeter.reportgenerator.exporter.html.show_controllers_only' not found, using default value 'false' instead.
2026-04-08 17:20:25,529 INFO o.a.j.e.StandardJMeterEngine: Running the test!
2026-04-08 17:20:25,530 INFO o.a.j.s.SampleEvent: List of sample_variables: []
2026-04-08 17:20:25,530 INFO o.a.j.s.SampleEvent: List of sample_variables: []
2026-04-08 17:20:25,534 INFO o.a.j.e.u.CompoundVariable: Note: Function class names must contain the string: '.functions.'
2026-04-08 17:20:25,534 INFO o.a.j.e.u.CompoundVariable: Note: Function class names must not contain the string: '.gui.'
2026-04-08 17:20:25,646 INFO o.a.j.JMeter: Running test (1775640025646)
2026-04-08 17:20:25,664 INFO o.a.j.e.StandardJMeterEngine: Starting ThreadGroup: 1 : WETPAINT Group
2026-04-08 17:20:25,664 INFO o.a.j.e.StandardJMeterEngine: Starting 5 threads for group WETPAINT Group.
2026-04-08 17:20:25,666 INFO o.a.j.e.StandardJMeterEngine: Thread will continue on error
2026-04-08 17:20:25,666 INFO o.a.j.t.ThreadGroup: Starting thread group... number=1 threads=5 ramp-up=30 delayedStart=false
2026-04-08 17:20:25,688 INFO o.a.j.t.ThreadGroup: Started thread group number 1
2026-04-08 17:20:25,688 INFO o.a.j.e.StandardJMeterEngine: All thread groups have been started
2026-04-08 17:20:25,723 INFO o.a.j.t.JMeterThread: Thread started: WETPAINT Group 1-1
2026-04-08 17:20:25,725 INFO o.a.j.s.FileServer: Stored: C:\Users\suppo\Desktop\國衛院-兒童web\stress\users.csv
2026-04-08 17:20:25,750 INFO o.a.j.t.p.ConstantPoissonProcessGenerator: Generated 900 timings (Precise Throughput Timer 900 required, rate 3.0, duration 300) in 2 ms. First 15 events will be fired at: 0.16973690970156774 (+0.16973690970156774), 0.3826117551591346 (+0.21287484545756685), 0.48128142462179335 (+0.09866966946265876), 0.6112657320723192 (+0.1299843074505258), 0.9150686174178135 (+0.3038028853454944), 0.9868733346479308 (+0.07180471723011728), 1.1974201957875796 (+0.21054686113964882), 1.2490937045360195 (+0.0516735087484399), 2.091803151171745 (+0.8427094466357254), 2.1577385919177683 (+0.06593544074602331), 2.5104404985374362 (+0.35270190661966794), 2.598960959119212 (+0.08852046058177576), 3.6271918366848177 (+1.0282308775656057), 4.355342546246788 (+0.7281507095619699), 4.989758467095074 (+0.6344159208482862)
2026-04-08 17:20:25,768 INFO o.a.j.p.h.s.HTTPHCAbstractImpl: Local host = Ruenxin
2026-04-08 17:20:25,773 INFO o.a.j.p.h.s.HTTPHC4Impl: HTTP request retry count = 0
2026-04-08 17:20:25,775 INFO o.a.j.s.SampleResult: Note: Sample TimeStamps are START times
2026-04-08 17:20:25,775 INFO o.a.j.s.SampleResult: sampleresult.default.encoding is set to UTF-8
2026-04-08 17:20:25,775 INFO o.a.j.s.SampleResult: sampleresult.useNanoTime=true
2026-04-08 17:20:25,777 INFO o.a.j.s.SampleResult: sampleresult.nanoThreadSleep=5000
2026-04-08 17:20:25,988 INFO o.a.j.p.h.s.h.LazyLayeredConnectionSocketFactory: Setting up HTTPS TrustAll Socket Factory
2026-04-08 17:20:25,997 INFO o.a.j.u.JsseSSLManager: Using default SSL protocol: TLS
2026-04-08 17:20:25,997 INFO o.a.j.u.JsseSSLManager: SSL session context: per-thread
2026-04-08 17:20:26,057 INFO o.a.j.u.SSLManager: JmeterKeyStore Location:  type JKS
2026-04-08 17:20:26,061 INFO o.a.j.u.SSLManager: KeyStore created OK
2026-04-08 17:20:26,061 WARN o.a.j.u.SSLManager: Keystore file not found, loading empty keystore
2026-04-08 17:20:30,585 INFO o.a.j.r.Summariser: summary +     15 in 00:00:05 =    3.0/s Avg:   147 Min:    18 Max:   818 Err:     0 (0.00%) Active: 1 Started: 1 Finished: 0
2026-04-08 17:20:31,718 INFO o.a.j.t.JMeterThread: Thread started: WETPAINT Group 1-2
2026-04-08 17:20:37,714 INFO o.a.j.t.JMeterThread: Thread started: WETPAINT Group 1-3
2026-04-08 17:20:37,716 INFO o.a.j.t.JMeterThread: Stop Thread seen for thread WETPAINT Group 1-3, reason: org.apache.jorphan.util.JMeterStopThreadException: End of file:C:\Users\suppo\Desktop\國衛院-兒童web\stress\users.csv detected for CSV DataSet:CSV Data Set Config configured with stopThread:true, recycle:false
2026-04-08 17:20:37,716 INFO o.a.j.t.JMeterThread: Thread finished: WETPAINT Group 1-3
2026-04-08 17:20:43,711 INFO o.a.j.t.JMeterThread: Thread started: WETPAINT Group 1-4
2026-04-08 17:20:43,712 INFO o.a.j.t.JMeterThread: Stop Thread seen for thread WETPAINT Group 1-4, reason: org.apache.jorphan.util.JMeterStopThreadException: End of file:C:\Users\suppo\Desktop\國衛院-兒童web\stress\users.csv detected for CSV DataSet:CSV Data Set Config configured with stopThread:true, recycle:false
2026-04-08 17:20:43,712 INFO o.a.j.t.JMeterThread: Thread finished: WETPAINT Group 1-4
2026-04-08 17:20:49,705 INFO o.a.j.t.JMeterThread: Thread started: WETPAINT Group 1-5
2026-04-08 17:20:49,707 INFO o.a.j.t.JMeterThread: Stop Thread seen for thread WETPAINT Group 1-5, reason: org.apache.jorphan.util.JMeterStopThreadException: End of file:C:\Users\suppo\Desktop\國衛院-兒童web\stress\users.csv detected for CSV DataSet:CSV Data Set Config configured with stopThread:true, recycle:false
2026-04-08 17:20:49,707 INFO o.a.j.t.JMeterThread: Thread finished: WETPAINT Group 1-5
2026-04-08 17:20:55,044 INFO o.a.j.t.JMeterThread: Stop Thread seen for thread WETPAINT Group 1-1, reason: org.apache.jorphan.util.JMeterStopThreadException: End of file:C:\Users\suppo\Desktop\國衛院-兒童web\stress\users.csv detected for CSV DataSet:CSV Data Set Config configured with stopThread:true, recycle:false
2026-04-08 17:20:55,044 INFO o.a.j.t.JMeterThread: Thread finished: WETPAINT Group 1-1
2026-04-08 17:21:00,286 INFO o.a.j.r.Summariser: summary +     83 in 00:00:30 =    2.8/s Avg:    63 Min:    14 Max:   451 Err:     0 (0.00%) Active: 1 Started: 5 Finished: 4
2026-04-08 17:21:00,287 INFO o.a.j.r.Summariser: summary =     98 in 00:00:35 =    2.8/s Avg:    76 Min:    14 Max:   818 Err:     0 (0.00%)
2026-04-08 17:21:04,208 INFO o.a.j.t.JMeterThread: Stop Thread seen for thread WETPAINT Group 1-2, reason: org.apache.jorphan.util.JMeterStopThreadException: End of file:C:\Users\suppo\Desktop\國衛院-兒童web\stress\users.csv detected for CSV DataSet:CSV Data Set Config configured with stopThread:true, recycle:false
2026-04-08 17:21:04,208 INFO o.a.j.t.JMeterThread: Thread finished: WETPAINT Group 1-2
2026-04-08 17:21:04,208 INFO o.a.j.e.StandardJMeterEngine: Notifying test listeners of end of test
2026-04-08 17:21:04,210 INFO o.a.j.s.FileServer: Close: C:\Users\suppo\Desktop\國衛院-兒童web\stress\users.csv
2026-04-08 17:21:04,213 INFO o.a.j.r.Summariser: summary +     10 in 00:00:04 =    2.5/s Avg:   103 Min:    19 Max:   381 Err:     0 (0.00%) Active: 0 Started: 5 Finished: 5
2026-04-08 17:21:04,214 INFO o.a.j.r.Summariser: summary =    108 in 00:00:39 =    2.8/s Avg:    79 Min:    14 Max:   818 Err:     0 (0.00%)
2026-04-08 17:21:04,214 INFO o.a.j.JMeter: Generating Dashboard
2026-04-08 17:21:04,214 INFO o.a.j.r.d.ReportGenerator: Flushing result collector before report Generation
2026-04-08 17:21:04,226 INFO o.a.j.r.p.NormalizerSampleConsumer: Using format, 'ms', to parse timeStamp field
2026-04-08 17:21:04,328 INFO o.a.j.r.p.AbstractSampleConsumer: class org.apache.jmeter.report.processor.AggregateConsumer#stopProducing(): beginDate produced 0 samples
2026-04-08 17:21:04,328 INFO o.a.j.r.p.AbstractSampleConsumer: class org.apache.jmeter.report.processor.AggregateConsumer#stopProducing(): endDate produced 0 samples
2026-04-08 17:21:04,331 INFO o.a.j.r.p.AbstractSampleConsumer: class org.apache.jmeter.report.processor.ApdexSummaryConsumer#stopProducing(): apdexSummary produced 0 samples
2026-04-08 17:21:04,331 INFO o.a.j.r.p.AbstractSampleConsumer: class org.apache.jmeter.report.processor.RequestsSummaryConsumer#stopProducing(): requestsSummary produced 0 samples
2026-04-08 17:21:04,341 INFO o.a.j.r.p.AbstractSampleConsumer: class org.apache.jmeter.report.processor.StatisticsSummaryConsumer#stopProducing(): statisticsSummary produced 0 samples
2026-04-08 17:21:04,348 INFO o.a.j.r.p.AbstractSampleConsumer: class org.apache.jmeter.report.processor.Top5ErrorsBySamplerConsumer#stopProducing(): top5ErrorsBySampler produced 0 samples
2026-04-08 17:21:04,348 INFO o.a.j.r.p.AbstractSampleConsumer: class org.apache.jmeter.report.processor.ErrorsSummaryConsumer#stopProducing(): errorsSummary produced 0 samples
2026-04-08 17:21:04,348 INFO o.a.j.r.p.AbstractSampleConsumer: class org.apache.jmeter.report.processor.graph.impl.HitsPerSecondGraphConsumer#stopProducing(): hitsPerSecond produced 0 samples
2026-04-08 17:21:04,366 INFO o.a.j.r.p.AbstractSampleConsumer: class org.apache.jmeter.report.processor.graph.impl.LatencyVSRequestGraphConsumer#stopProducing(): latencyVsRequest produced 0 samples
2026-04-08 17:21:04,367 INFO o.a.j.r.p.AbstractSampleConsumer: class org.apache.jmeter.report.processor.graph.impl.SyntheticResponseTimeDistributionGraphConsumer#stopProducing(): syntheticResponseTimeDistribution produced 0 samples
2026-04-08 17:21:04,367 INFO o.a.j.r.p.AbstractSampleConsumer: class org.apache.jmeter.report.processor.graph.impl.BytesThroughputGraphConsumer#stopProducing(): bytesThroughputOverTime produced 0 samples
2026-04-08 17:21:04,367 INFO o.a.j.r.p.AbstractSampleConsumer: class org.apache.jmeter.report.processor.graph.impl.CodesPerSecondGraphConsumer#stopProducing(): codesPerSecond produced 0 samples
2026-04-08 17:21:04,375 INFO o.a.j.r.p.AbstractSampleConsumer: class org.apache.jmeter.report.processor.graph.impl.ResponseTimeVSRequestGraphConsumer#stopProducing(): responseTimeVsRequest produced 0 samples
2026-04-08 17:21:04,376 INFO o.a.j.r.p.AbstractSampleConsumer: class org.apache.jmeter.report.processor.FilterConsumer#stopProducing(): startIntervalControlerFilter produced 756 samples
2026-04-08 17:21:04,376 INFO o.a.j.r.p.AbstractSampleConsumer: class org.apache.jmeter.report.processor.graph.impl.TotalTPSGraphConsumer#stopProducing(): totalTPS produced 0 samples
2026-04-08 17:21:04,376 INFO o.a.j.r.p.AbstractSampleConsumer: class org.apache.jmeter.report.processor.graph.impl.ActiveThreadsGraphConsumer#stopProducing(): activeThreadsOverTime produced 0 samples
2026-04-08 17:21:04,376 INFO o.a.j.r.p.AbstractSampleConsumer: class org.apache.jmeter.report.processor.graph.impl.TimeVSThreadGraphConsumer#stopProducing(): timeVsThreads produced 0 samples
2026-04-08 17:21:04,378 INFO o.a.j.r.p.AbstractSampleConsumer: class org.apache.jmeter.report.processor.graph.impl.ResponseTimeDistributionGraphConsumer#stopProducing(): responseTimeDistribution produced 0 samples
2026-04-08 17:21:04,379 INFO o.a.j.r.p.AbstractSampleConsumer: class org.apache.jmeter.report.processor.graph.impl.TransactionsPerSecondGraphConsumer#stopProducing(): transactionsPerSecond produced 0 samples
2026-04-08 17:21:04,381 INFO o.a.j.r.p.AbstractSampleConsumer: class org.apache.jmeter.report.processor.graph.impl.ResponseTimePercentilesGraphConsumer#stopProducing(): responseTimePercentiles produced 0 samples
2026-04-08 17:21:04,391 INFO o.a.j.r.p.AbstractSampleConsumer: class org.apache.jmeter.report.processor.graph.impl.ResponseTimePercentilesOverTimeGraphConsumer#stopProducing(): responseTimePercentilesOverTime produced 0 samples
2026-04-08 17:21:04,392 INFO o.a.j.r.p.AbstractSampleConsumer: class org.apache.jmeter.report.processor.graph.impl.ResponseTimeOverTimeGraphConsumer#stopProducing(): responseTimesOverTime produced 0 samples
2026-04-08 17:21:04,392 INFO o.a.j.r.p.AbstractSampleConsumer: class org.apache.jmeter.report.processor.graph.impl.ConnectTimeOverTimeGraphConsumer#stopProducing(): connectTimeOverTime produced 0 samples
2026-04-08 17:21:04,392 INFO o.a.j.r.p.AbstractSampleConsumer: class org.apache.jmeter.report.processor.graph.impl.LatencyOverTimeGraphConsumer#stopProducing(): latenciesOverTime produced 0 samples
2026-04-08 17:21:04,392 INFO o.a.j.r.p.AbstractSampleConsumer: class org.apache.jmeter.report.processor.FilterConsumer#stopProducing(): nameFilter produced 1620 samples
2026-04-08 17:21:04,392 INFO o.a.j.r.p.AbstractSampleConsumer: class org.apache.jmeter.report.processor.FilterConsumer#stopProducing(): dateRangeFilter produced 324 samples
2026-04-08 17:21:04,392 INFO o.a.j.r.p.AbstractSampleConsumer: class org.apache.jmeter.report.processor.NormalizerSampleConsumer#stopProducing(): normalizer produced 108 samples
2026-04-08 17:21:04,393 INFO o.a.j.r.p.CsvFileSampleSource: produce(): 108 samples produced in 133ms on channel 0
2026-04-08 17:21:04,393 INFO o.a.j.r.d.ReportGenerator: Exporting data using exporter:'json' of className:'org.apache.jmeter.report.dashboard.JsonExporter'
2026-04-08 17:21:04,477 INFO o.a.j.r.d.JsonExporter: Found data for consumer statisticsSummary in context
2026-04-08 17:21:04,477 INFO o.a.j.r.d.JsonExporter: Creating statistics for overall
2026-04-08 17:21:04,477 INFO o.a.j.r.d.JsonExporter: Creating statistics for other transactions
2026-04-08 17:21:04,478 INFO o.a.j.r.d.JsonExporter: Checking output folder
2026-04-08 17:21:04,481 INFO o.a.j.r.d.JsonExporter: Writing statistics JSON to C:\Users\suppo\Desktop\國衛院-兒童web\stress\results\Basic_5u_5m_manager\html-report\statistics.json
2026-04-08 17:21:04,536 INFO o.a.j.r.d.ReportGenerator: Exporting data using exporter:'html' of className:'org.apache.jmeter.report.dashboard.HtmlTemplateExporter'
2026-04-08 17:21:04,540 INFO o.a.j.r.d.HtmlTemplateExporter: Will generate dashboard in folder: C:\Users\suppo\Desktop\國衛院-兒童web\stress\results\Basic_5u_5m_manager\html-report
2026-04-08 17:21:04,777 INFO o.a.j.r.d.HtmlTemplateExporter: Report will be generated in: C:\Users\suppo\Desktop\國衛院-兒童web\stress\results\Basic_5u_5m_manager\html-report, creating folder structure
2026-04-08 17:21:04,780 INFO o.a.j.r.d.TemplateVisitor: Copying folder from 'C:\Users\suppo\Desktop\apache-jmeter-5.6.3\apache-jmeter-5.6.3\bin\report-template' to 'C:\Users\suppo\Desktop\國衛院-兒童web\stress\results\Basic_5u_5m_manager\html-report', got message: C:\Users\suppo\Desktop\國衛院-兒童web\stress\results\Basic_5u_5m_manager\html-report, found non empty folder with following content [C:\Users\suppo\Desktop\國衛院-兒童web\stress\results\Basic_5u_5m_manager\html-report\statistics.json], will be ignored
2026-04-08 17:21:05,266 INFO o.a.j.JMeter: Dashboard generated
