2026-04-09 11:56:54,379 INFO o.a.j.u.JMeterUtils: Setting Locale to en_EN
2026-04-09 11:56:54,397 INFO o.a.j.JMeter: Loading user properties from: C:\Users\suppo\Desktop\apache-jmeter-5.6.3\apache-jmeter-5.6.3\bin\user.properties
2026-04-09 11:56:54,398 INFO o.a.j.JMeter: Loading system properties from: C:\Users\suppo\Desktop\apache-jmeter-5.6.3\apache-jmeter-5.6.3\bin\system.properties
2026-04-09 11:56:54,398 INFO o.a.j.JMeter: Setting System property: java.awt.headless=true
2026-04-09 11:56:54,407 INFO o.a.j.JMeter: Copyright (c) 1998-2024 The Apache Software Foundation
2026-04-09 11:56:54,407 INFO o.a.j.JMeter: Version 5.6.3
2026-04-09 11:56:54,408 INFO o.a.j.JMeter: java.version=25.0.1
2026-04-09 11:56:54,408 INFO o.a.j.JMeter: java.vm.name=Java HotSpot(TM) 64-Bit Server VM
2026-04-09 11:56:54,410 INFO o.a.j.JMeter: os.name=Windows 11
2026-04-09 11:56:54,410 INFO o.a.j.JMeter: os.arch=amd64
2026-04-09 11:56:54,410 INFO o.a.j.JMeter: os.version=10.0
2026-04-09 11:56:54,410 INFO o.a.j.JMeter: file.encoding=UTF-8
2026-04-09 11:56:54,410 INFO o.a.j.JMeter: java.awt.headless=true
2026-04-09 11:56:54,410 INFO o.a.j.JMeter: Max memory     =2147483648
2026-04-09 11:56:54,411 INFO o.a.j.JMeter: Available Processors =16
2026-04-09 11:56:54,427 INFO o.a.j.JMeter: Default Locale=English (EN)
2026-04-09 11:56:54,427 INFO o.a.j.JMeter: JMeter  Locale=English (EN)
2026-04-09 11:56:54,427 INFO o.a.j.JMeter: JMeterHome=C:\Users\suppo\Desktop\apache-jmeter-5.6.3\apache-jmeter-5.6.3
2026-04-09 11:56:54,427 INFO o.a.j.JMeter: user.dir  =C:\Users\suppo\Desktop\國衛院-兒童web\stress
2026-04-09 11:56:54,428 INFO o.a.j.JMeter: PWD       =C:\Users\suppo\Desktop\國衛院-兒童web\stress
2026-04-09 11:56:59,412 INFO o.a.j.JMeter: IP: 192.168.0.176 Name: Ruenxin FullName: Ruenxin
2026-04-09 11:56:59,430 INFO o.a.j.JMeter: Setting property 'jmeter.reportgenerator.outputdir' to:'C:\Users\suppo\Desktop\國衛院-兒童web\stress\results\pressure_20u_10m_v3\html-report'
2026-04-09 11:56:59,436 INFO o.a.j.s.FileServer: Default base='C:\Users\suppo\Desktop\國衛院-兒童web\stress'
2026-04-09 11:56:59,438 INFO o.a.j.s.FileServer: Set new base='C:\Users\suppo\Desktop\國衛院-兒童web\stress\results\pressure_20u_10m_v3'
2026-04-09 11:56:59,785 INFO o.a.j.s.SaveService: Testplan (JMX) version: 2.2. Testlog (JTL) version: 2.2
2026-04-09 11:56:59,813 INFO o.a.j.s.SaveService: Using SaveService properties version 5.0
2026-04-09 11:56:59,818 INFO o.a.j.s.SaveService: Using SaveService properties file encoding UTF-8
2026-04-09 11:56:59,825 INFO o.a.j.s.SaveService: Loading file: C:\Users\suppo\Desktop\國衛院-兒童web\stress\results\pressure_20u_10m_v3\generated-test-plan.jmx
2026-04-09 11:56:59,870 INFO o.a.j.p.h.c.CookieManager: Settings: Delete null: true Check: true Allow variable: true Save: false Prefix: COOKIE_
2026-04-09 11:56:59,876 INFO o.a.j.p.h.c.CacheManager: Will only cache the following methods: [GET]
2026-04-09 11:57:00,237 INFO o.a.j.e.KeyToolUtils: keytool found at 'keytool'
2026-04-09 11:57:00,238 INFO o.a.j.p.h.p.ProxyControl: HTTP(S) Test Script Recorder SSL Proxy will use keys that support embedded 3rd party resources in file C:\Users\suppo\Desktop\apache-jmeter-5.6.3\apache-jmeter-5.6.3\bin\proxyserver.jks
2026-04-09 11:57:00,270 INFO o.a.j.p.h.s.HTTPSamplerBase: Parser for text/html is org.apache.jmeter.protocol.http.parser.LagartoBasedHtmlParser
2026-04-09 11:57:00,270 INFO o.a.j.p.h.s.HTTPSamplerBase: Parser for application/xhtml+xml is org.apache.jmeter.protocol.http.parser.LagartoBasedHtmlParser
2026-04-09 11:57:00,270 INFO o.a.j.p.h.s.HTTPSamplerBase: Parser for application/xml is org.apache.jmeter.protocol.http.parser.LagartoBasedHtmlParser
2026-04-09 11:57:00,270 INFO o.a.j.p.h.s.HTTPSamplerBase: Parser for text/xml is org.apache.jmeter.protocol.http.parser.LagartoBasedHtmlParser
2026-04-09 11:57:00,270 INFO o.a.j.p.h.s.HTTPSamplerBase: Parser for text/vnd.wap.wml is org.apache.jmeter.protocol.http.parser.RegexpHTMLParser
2026-04-09 11:57:00,270 INFO o.a.j.p.h.s.HTTPSamplerBase: Parser for text/css is org.apache.jmeter.protocol.http.parser.CssParser
2026-04-09 11:57:00,785 INFO o.a.j.JMeter: Creating summariser <summary>
2026-04-09 11:57:00,791 INFO o.a.j.r.d.ReportGenerator: ReportGenerator will use for Parsing the separator: ','
2026-04-09 11:57:00,791 INFO o.a.j.r.d.ReportGenerator: Will generate report at end of test from  results file: C:\Users\suppo\Desktop\國衛院-兒童web\stress\results\pressure_20u_10m_v3\results.jtl
2026-04-09 11:57:00,791 INFO o.a.j.r.d.ReportGenerator: Reading report generator properties from: C:\Users\suppo\Desktop\apache-jmeter-5.6.3\apache-jmeter-5.6.3\bin\reportgenerator.properties
2026-04-09 11:57:00,793 INFO o.a.j.r.d.ReportGenerator: Merging with JMeter properties
2026-04-09 11:57:00,797 INFO o.a.j.r.c.ReportGeneratorConfiguration: Property 'jmeter.reportgenerator.temp_dir' not found, using default value 'temp' instead.
2026-04-09 11:57:00,799 INFO o.a.j.r.c.ReportGeneratorConfiguration: Property 'jmeter.reportgenerator.apdex_per_transaction' not found, using default value 'null' instead.
2026-04-09 11:57:00,799 INFO o.a.j.r.c.ReportGeneratorConfiguration: apdex_per_transaction is empty, not APDEX per transaction customization
2026-04-09 11:57:00,800 INFO o.a.j.r.c.ReportGeneratorConfiguration: Property 'jmeter.reportgenerator.sample_filter' not found, using default value 'null' instead.
2026-04-09 11:57:00,800 INFO o.a.j.r.c.ReportGeneratorConfiguration: Property 'jmeter.reportgenerator.report_title' not found, using default value 'null' instead.
2026-04-09 11:57:00,800 INFO o.a.j.r.c.ReportGeneratorConfiguration: Property 'jmeter.reportgenerator.start_date' not found, using default value 'null' instead.
2026-04-09 11:57:00,800 INFO o.a.j.r.c.ReportGeneratorConfiguration: Property 'jmeter.reportgenerator.end_date' not found, using default value 'null' instead.
2026-04-09 11:57:00,800 INFO o.a.j.r.c.ReportGeneratorConfiguration: Property 'jmeter.reportgenerator.date_format' not found, using default value 'null' instead.
2026-04-09 11:57:00,800 INFO o.a.j.r.c.ReportGeneratorConfiguration: Will use date range start date: null, end date: null
2026-04-09 11:57:00,805 INFO o.a.j.r.c.ReportGeneratorConfiguration: Property 'jmeter.reportgenerator.graph.totalTPS.exclude_controllers' not found, using default value 'false' instead.
2026-04-09 11:57:00,805 INFO o.a.j.r.c.ReportGeneratorConfiguration: Property 'jmeter.reportgenerator.graph.activeThreadsOverTime.exclude_controllers' not found, using default value 'false' instead.
2026-04-09 11:57:00,805 INFO o.a.j.r.c.ReportGeneratorConfiguration: Property 'jmeter.reportgenerator.graph.timeVsThreads.exclude_controllers' not found, using default value 'false' instead.
2026-04-09 11:57:00,806 INFO o.a.j.r.c.ReportGeneratorConfiguration: Property 'jmeter.reportgenerator.graph.responseTimeDistribution.exclude_controllers' not found, using default value 'false' instead.
2026-04-09 11:57:00,806 INFO o.a.j.r.c.ReportGeneratorConfiguration: Property 'jmeter.reportgenerator.graph.transactionsPerSecond.exclude_controllers' not found, using default value 'false' instead.
2026-04-09 11:57:00,806 INFO o.a.j.r.c.ReportGeneratorConfiguration: Property 'jmeter.reportgenerator.graph.responseTimePercentiles.exclude_controllers' not found, using default value 'false' instead.
2026-04-09 11:57:00,806 INFO o.a.j.r.c.ReportGeneratorConfiguration: Property 'jmeter.reportgenerator.graph.responseTimePercentilesOverTime.exclude_controllers' not found, using default value 'false' instead.
2026-04-09 11:57:00,806 INFO o.a.j.r.c.ReportGeneratorConfiguration: Property 'jmeter.reportgenerator.graph.responseTimesOverTime.exclude_controllers' not found, using default value 'false' instead.
2026-04-09 11:57:00,806 INFO o.a.j.r.c.ReportGeneratorConfiguration: Property 'jmeter.reportgenerator.graph.connectTimeOverTime.exclude_controllers' not found, using default value 'false' instead.
2026-04-09 11:57:00,807 INFO o.a.j.r.c.ReportGeneratorConfiguration: Property 'jmeter.reportgenerator.graph.latenciesOverTime.exclude_controllers' not found, using default value 'false' instead.
2026-04-09 11:57:00,807 INFO o.a.j.r.c.ReportGeneratorConfiguration: Property 'jmeter.reportgenerator.exporter.json.filters_only_sample_series' not found, using default value 'true' instead.
2026-04-09 11:57:00,808 INFO o.a.j.r.c.ReportGeneratorConfiguration: Property 'jmeter.reportgenerator.exporter.json.series_filter' not found, using default value '' instead.
2026-04-09 11:57:00,808 INFO o.a.j.r.c.ReportGeneratorConfiguration: Property 'jmeter.reportgenerator.exporter.json.show_controllers_only' not found, using default value 'false' instead.
2026-04-09 11:57:00,808 INFO o.a.j.r.c.ReportGeneratorConfiguration: Property 'jmeter.reportgenerator.exporter.html.filters_only_sample_series' not found, using default value 'true' instead.
2026-04-09 11:57:00,808 INFO o.a.j.r.c.ReportGeneratorConfiguration: Property 'jmeter.reportgenerator.exporter.html.series_filter' not found, using default value '' instead.
2026-04-09 11:57:00,808 INFO o.a.j.r.c.ReportGeneratorConfiguration: Property 'jmeter.reportgenerator.exporter.html.show_controllers_only' not found, using default value 'false' instead.
2026-04-09 11:57:00,823 INFO o.a.j.e.StandardJMeterEngine: Running the test!
2026-04-09 11:57:00,825 INFO o.a.j.s.SampleEvent: List of sample_variables: []
2026-04-09 11:57:00,825 INFO o.a.j.s.SampleEvent: List of sample_variables: []
2026-04-09 11:57:00,831 INFO o.a.j.e.u.CompoundVariable: Note: Function class names must contain the string: '.functions.'
2026-04-09 11:57:00,831 INFO o.a.j.e.u.CompoundVariable: Note: Function class names must not contain the string: '.gui.'
2026-04-09 11:57:00,985 INFO o.a.j.JMeter: Running test (1775707020985)
2026-04-09 11:57:01,010 INFO o.a.j.e.StandardJMeterEngine: Starting ThreadGroup: 1 : WETPAINT Group
2026-04-09 11:57:01,012 INFO o.a.j.e.StandardJMeterEngine: Starting 20 threads for group WETPAINT Group.
2026-04-09 11:57:01,012 INFO o.a.j.e.StandardJMeterEngine: Thread will continue on error
2026-04-09 11:57:01,012 INFO o.a.j.t.ThreadGroup: Starting thread group... number=1 threads=20 ramp-up=120 delayedStart=false
2026-04-09 11:57:01,104 INFO o.a.j.t.JMeterThread: Thread started: WETPAINT Group 1-1
2026-04-09 11:57:01,107 INFO o.a.j.s.FileServer: Stored: C:\Users\suppo\Desktop\國衛院-兒童web\stress\users.csv
2026-04-09 11:57:01,154 INFO o.a.j.t.ThreadGroup: Started thread group number 1
2026-04-09 11:57:01,154 INFO o.a.j.e.StandardJMeterEngine: All thread groups have been started
2026-04-09 11:57:01,163 INFO o.a.j.t.p.ConstantPoissonProcessGenerator: Generated 2000 timings (Precise Throughput Timer 2000 required, rate 3.3333333333333335, duration 600) in 5 ms. First 15 events will be fired at: 0.02511834725769102 (+0.02511834725769102), 0.2511286468422247 (+0.22601029958453367), 0.4890545611444752 (+0.23792591430225052), 1.602675338945736 (+1.1136207778012608), 1.720424922417263 (+0.11774958347152698), 2.038553027535994 (+0.31812810511873124), 2.5129589986092604 (+0.4744059710732662), 3.3065763184059405 (+0.79361731979668), 3.8006737959502823 (+0.49409747754434186), 4.5267257602695565 (+0.7260519643192742), 4.580115073709923 (+0.05338931344036624), 4.581328401839024 (+0.0012133281291015763), 4.66507312240465 (+0.0837447205656261), 4.818877623192974 (+0.15380450078832375), 6.142253161024813 (+1.323375537831839)
2026-04-09 11:57:01,181 INFO o.a.j.p.h.s.HTTPHCAbstractImpl: Local host = Ruenxin
2026-04-09 11:57:01,186 INFO o.a.j.p.h.s.HTTPHC4Impl: HTTP request retry count = 0
2026-04-09 11:57:01,188 INFO o.a.j.s.SampleResult: Note: Sample TimeStamps are START times
2026-04-09 11:57:01,188 INFO o.a.j.s.SampleResult: sampleresult.default.encoding is set to UTF-8
2026-04-09 11:57:01,188 INFO o.a.j.s.SampleResult: sampleresult.useNanoTime=true
2026-04-09 11:57:01,188 INFO o.a.j.s.SampleResult: sampleresult.nanoThreadSleep=5000
2026-04-09 11:57:01,308 INFO o.a.j.p.h.s.h.LazyLayeredConnectionSocketFactory: Setting up HTTPS TrustAll Socket Factory
2026-04-09 11:57:01,315 INFO o.a.j.u.JsseSSLManager: Using default SSL protocol: TLS
2026-04-09 11:57:01,315 INFO o.a.j.u.JsseSSLManager: SSL session context: per-thread
2026-04-09 11:57:01,375 INFO o.a.j.u.SSLManager: JmeterKeyStore Location:  type JKS
2026-04-09 11:57:01,378 INFO o.a.j.u.SSLManager: KeyStore created OK
2026-04-09 11:57:01,378 WARN o.a.j.u.SSLManager: Keystore file not found, loading empty keystore
2026-04-09 11:57:01,750 INFO o.a.j.r.Summariser: summary +      1 in 00:00:01 =    1.3/s Avg:   504 Min:   504 Max:   504 Err:     0 (0.00%) Active: 1 Started: 1 Finished: 0
2026-04-09 11:57:07,092 INFO o.a.j.t.JMeterThread: Thread started: WETPAINT Group 1-2
2026-04-09 11:57:13,087 INFO o.a.j.t.JMeterThread: Thread started: WETPAINT Group 1-3
2026-04-09 11:57:19,067 INFO o.a.j.t.JMeterThread: Thread started: WETPAINT Group 1-4
2026-04-09 11:57:25,060 INFO o.a.j.t.JMeterThread: Thread started: WETPAINT Group 1-5
2026-04-09 11:57:30,188 INFO o.a.j.r.Summariser: summary +     96 in 00:00:28 =    3.4/s Avg:    47 Min:    15 Max:   379 Err:     0 (0.00%) Active: 5 Started: 5 Finished: 0
2026-04-09 11:57:30,188 INFO o.a.j.r.Summariser: summary =     97 in 00:00:29 =    3.3/s Avg:    52 Min:    15 Max:   504 Err:     0 (0.00%)
2026-04-09 11:57:31,051 INFO o.a.j.t.JMeterThread: Thread started: WETPAINT Group 1-6
2026-04-09 11:57:37,049 INFO o.a.j.t.JMeterThread: Thread started: WETPAINT Group 1-7
2026-04-09 11:57:43,033 INFO o.a.j.t.JMeterThread: Thread started: WETPAINT Group 1-8
2026-04-09 11:57:49,028 INFO o.a.j.t.JMeterThread: Thread started: WETPAINT Group 1-9
2026-04-09 11:57:55,024 INFO o.a.j.t.JMeterThread: Thread started: WETPAINT Group 1-10
2026-04-09 11:58:00,393 INFO o.a.j.r.Summariser: summary +    103 in 00:00:30 =    3.4/s Avg:    36 Min:    12 Max:   175 Err:     0 (0.00%) Active: 10 Started: 10 Finished: 0
2026-04-09 11:58:00,394 INFO o.a.j.r.Summariser: summary =    200 in 00:00:59 =    3.4/s Avg:    43 Min:    12 Max:   504 Err:     0 (0.00%)
2026-04-09 11:58:01,021 INFO o.a.j.t.JMeterThread: Thread started: WETPAINT Group 1-11
2026-04-09 11:58:07,021 INFO o.a.j.t.JMeterThread: Thread started: WETPAINT Group 1-12
2026-04-09 11:58:13,022 INFO o.a.j.t.JMeterThread: Thread started: WETPAINT Group 1-13
2026-04-09 11:58:19,033 INFO o.a.j.t.JMeterThread: Thread started: WETPAINT Group 1-14
2026-04-09 11:58:25,026 INFO o.a.j.t.JMeterThread: Thread started: WETPAINT Group 1-15
2026-04-09 11:58:30,400 INFO o.a.j.r.Summariser: summary +    110 in 00:00:30 =    3.7/s Avg:    77 Min:    12 Max:  3932 Err:     0 (0.00%) Active: 15 Started: 15 Finished: 0
2026-04-09 11:58:30,401 INFO o.a.j.r.Summariser: summary =    310 in 00:01:29 =    3.5/s Avg:    55 Min:    12 Max:  3932 Err:     0 (0.00%)
2026-04-09 11:58:31,021 INFO o.a.j.t.JMeterThread: Thread started: WETPAINT Group 1-16
2026-04-09 11:58:37,021 INFO o.a.j.t.JMeterThread: Thread started: WETPAINT Group 1-17
2026-04-09 11:58:43,021 INFO o.a.j.t.JMeterThread: Thread started: WETPAINT Group 1-18
2026-04-09 11:58:49,022 INFO o.a.j.t.JMeterThread: Thread started: WETPAINT Group 1-19
2026-04-09 11:58:55,019 INFO o.a.j.t.JMeterThread: Thread started: WETPAINT Group 1-20
2026-04-09 11:59:00,370 INFO o.a.j.r.Summariser: summary +    110 in 00:00:30 =    3.7/s Avg:    47 Min:    14 Max:   287 Err:     0 (0.00%) Active: 20 Started: 20 Finished: 0
2026-04-09 11:59:00,372 INFO o.a.j.r.Summariser: summary =    420 in 00:01:59 =    3.5/s Avg:    53 Min:    12 Max:  3932 Err:     0 (0.00%)
2026-04-09 11:59:30,733 INFO o.a.j.r.Summariser: summary +     98 in 00:00:30 =    3.2/s Avg:    45 Min:    13 Max:   298 Err:     0 (0.00%) Active: 20 Started: 20 Finished: 0
2026-04-09 11:59:30,777 INFO o.a.j.r.Summariser: summary =    518 in 00:02:30 =    3.5/s Avg:    52 Min:    12 Max:  3932 Err:     0 (0.00%)
2026-04-09 12:00:00,306 INFO o.a.j.r.Summariser: summary +    111 in 00:00:30 =    3.8/s Avg:    52 Min:    12 Max:   352 Err:     0 (0.00%) Active: 20 Started: 20 Finished: 0
2026-04-09 12:00:00,306 INFO o.a.j.r.Summariser: summary =    629 in 00:02:59 =    3.5/s Avg:    52 Min:    12 Max:  3932 Err:     0 (0.00%)
2026-04-09 12:00:30,721 INFO o.a.j.r.Summariser: summary +     90 in 00:00:30 =    3.0/s Avg:    70 Min:    15 Max:   835 Err:     0 (0.00%) Active: 20 Started: 20 Finished: 0
2026-04-09 12:00:30,721 INFO o.a.j.r.Summariser: summary =    719 in 00:03:30 =    3.4/s Avg:    54 Min:    12 Max:  3932 Err:     0 (0.00%)
2026-04-09 12:01:00,096 INFO o.a.j.r.Summariser: summary +    117 in 00:00:29 =    4.0/s Avg:    37 Min:    14 Max:   303 Err:     0 (0.00%) Active: 20 Started: 20 Finished: 0
2026-04-09 12:01:00,097 INFO o.a.j.r.Summariser: summary =    836 in 00:03:59 =    3.5/s Avg:    52 Min:    12 Max:  3932 Err:     0 (0.00%)
2026-04-09 12:01:30,394 INFO o.a.j.r.Summariser: summary +     95 in 00:00:30 =    3.1/s Avg:    57 Min:    11 Max:   360 Err:     0 (0.00%) Active: 20 Started: 20 Finished: 0
2026-04-09 12:01:30,394 INFO o.a.j.r.Summariser: summary =    931 in 00:04:29 =    3.5/s Avg:    52 Min:    11 Max:  3932 Err:     0 (0.00%)
2026-04-09 12:02:00,136 INFO o.a.j.r.Summariser: summary +    102 in 00:00:30 =    3.4/s Avg:    54 Min:    13 Max:  1063 Err:     0 (0.00%) Active: 20 Started: 20 Finished: 0
2026-04-09 12:02:00,136 INFO o.a.j.r.Summariser: summary =   1033 in 00:04:59 =    3.5/s Avg:    52 Min:    11 Max:  3932 Err:     0 (0.00%)
2026-04-09 12:02:30,035 INFO o.a.j.r.Summariser: summary +    103 in 00:00:30 =    3.4/s Avg:    47 Min:    14 Max:   326 Err:     0 (0.00%) Active: 20 Started: 20 Finished: 0
2026-04-09 12:02:30,037 INFO o.a.j.r.Summariser: summary =   1136 in 00:05:29 =    3.5/s Avg:    52 Min:    11 Max:  3932 Err:     0 (0.00%)
2026-04-09 12:03:00,670 INFO o.a.j.r.Summariser: summary +     96 in 00:00:31 =    3.1/s Avg:    51 Min:    15 Max:   335 Err:     0 (0.00%) Active: 20 Started: 20 Finished: 0
2026-04-09 12:03:00,670 INFO o.a.j.r.Summariser: summary =   1232 in 00:06:00 =    3.4/s Avg:    52 Min:    11 Max:  3932 Err:     0 (0.00%)
2026-04-09 12:03:30,290 INFO o.a.j.r.Summariser: summary +     85 in 00:00:30 =    2.9/s Avg:    50 Min:    14 Max:   151 Err:     0 (0.00%) Active: 20 Started: 20 Finished: 0
2026-04-09 12:03:30,291 INFO o.a.j.r.Summariser: summary =   1317 in 00:06:29 =    3.4/s Avg:    52 Min:    11 Max:  3932 Err:     0 (0.00%)
2026-04-09 12:04:00,054 INFO o.a.j.r.Summariser: summary +     93 in 00:00:30 =    3.1/s Avg:    53 Min:    11 Max:   383 Err:     0 (0.00%) Active: 20 Started: 20 Finished: 0
2026-04-09 12:04:00,054 INFO o.a.j.r.Summariser: summary =   1410 in 00:06:59 =    3.4/s Avg:    52 Min:    11 Max:  3932 Err:     0 (0.00%)
2026-04-09 12:04:30,441 INFO o.a.j.r.Summariser: summary +    109 in 00:00:30 =    3.6/s Avg:    61 Min:    13 Max:   358 Err:     0 (0.00%) Active: 20 Started: 20 Finished: 0
2026-04-09 12:04:30,441 INFO o.a.j.r.Summariser: summary =   1519 in 00:07:29 =    3.4/s Avg:    52 Min:    11 Max:  3932 Err:     0 (0.00%)
2026-04-09 12:05:00,774 INFO o.a.j.r.Summariser: summary +     82 in 00:00:30 =    2.7/s Avg:    92 Min:    17 Max:  2644 Err:     0 (0.00%) Active: 20 Started: 20 Finished: 0
2026-04-09 12:05:00,774 INFO o.a.j.r.Summariser: summary =   1601 in 00:08:00 =    3.3/s Avg:    54 Min:    11 Max:  3932 Err:     0 (0.00%)
2026-04-09 12:05:30,105 INFO o.a.j.r.Summariser: summary +     78 in 00:00:29 =    2.7/s Avg:    65 Min:    14 Max:   300 Err:     0 (0.00%) Active: 20 Started: 20 Finished: 0
2026-04-09 12:05:30,106 INFO o.a.j.r.Summariser: summary =   1679 in 00:08:29 =    3.3/s Avg:    55 Min:    11 Max:  3932 Err:     0 (0.00%)
2026-04-09 12:06:00,434 INFO o.a.j.r.Summariser: summary +    125 in 00:00:30 =    4.1/s Avg:    45 Min:    15 Max:   152 Err:     0 (0.00%) Active: 20 Started: 20 Finished: 0
2026-04-09 12:06:00,436 INFO o.a.j.r.Summariser: summary =   1804 in 00:08:59 =    3.3/s Avg:    54 Min:    11 Max:  3932 Err:     0 (0.00%)
2026-04-09 12:06:30,290 INFO o.a.j.r.Summariser: summary +    103 in 00:00:30 =    3.4/s Avg:    54 Min:    16 Max:   328 Err:     0 (0.00%) Active: 20 Started: 20 Finished: 0
2026-04-09 12:06:30,291 INFO o.a.j.r.Summariser: summary =   1907 in 00:09:29 =    3.3/s Avg:    54 Min:    11 Max:  3932 Err:     0 (0.00%)
2026-04-09 12:06:54,864 INFO o.a.j.t.p.ConstantPoissonProcessGenerator: Generated 2000 timings (Precise Throughput Timer 2000 required, rate 3.3333333333333335, duration 600) in 1 ms. First 15 events will be fired at: 600.0629974168568 (+600.0629974168568), 600.0665949550682 (+0.0035975382114656895), 600.3405081841685 (+0.27391322910023064), 601.2137291523482 (+0.8732209681796803), 601.6289831656977 (+0.4152540133495677), 602.423497031197 (+0.7945138654993116), 602.8427029906599 (+0.419205959462829), 602.8685293762929 (+0.025826385633081372), 602.8941591626236 (+0.02562978633068269), 602.9025888005408 (+0.00842963791717466), 603.2758259777885 (+0.3732371772476881), 603.4935115564348 (+0.21768557864629656), 603.5190136108971 (+0.02550205446232212), 603.5754529886725 (+0.056439377775404864), 603.5834457376744 (+0.00799274900191449)
2026-04-09 12:06:55,533 INFO o.a.j.t.JMeterThread: Stopping Thread: org.apache.jorphan.util.JMeterStopThreadException: The thread is scheduled to stop in 5610 ms and the throughput timer generates a delay of 5634. Terminating the thread manually.
2026-04-09 12:06:55,533 INFO o.a.j.t.JMeterThread: Stop Thread detected by thread: WETPAINT Group 1-19
2026-04-09 12:06:55,533 INFO o.a.j.t.JMeterThread: Thread finished: WETPAINT Group 1-19
2026-04-09 12:06:55,870 INFO o.a.j.t.JMeterThread: Stopping Thread: org.apache.jorphan.util.JMeterStopThreadException: The thread is scheduled to stop in 5219 ms and the throughput timer generates a delay of 6170. Terminating the thread manually.
2026-04-09 12:06:55,871 INFO o.a.j.t.JMeterThread: Stop Thread detected by thread: WETPAINT Group 1-9
2026-04-09 12:06:55,871 INFO o.a.j.t.JMeterThread: Thread finished: WETPAINT Group 1-9
2026-04-09 12:06:55,942 INFO o.a.j.t.JMeterThread: Stopping Thread: org.apache.jorphan.util.JMeterStopThreadException: The thread is scheduled to stop in 5070 ms and the throughput timer generates a delay of 6513. Terminating the thread manually.
2026-04-09 12:06:55,943 INFO o.a.j.t.JMeterThread: Stop Thread detected by thread: WETPAINT Group 1-1
2026-04-09 12:06:55,943 INFO o.a.j.t.JMeterThread: Thread finished: WETPAINT Group 1-1
2026-04-09 12:06:56,399 INFO o.a.j.t.JMeterThread: Stopping Thread: org.apache.jorphan.util.JMeterStopThreadException: The thread is scheduled to stop in 4701 ms and the throughput timer generates a delay of 6851. Terminating the thread manually.
2026-04-09 12:06:56,399 INFO o.a.j.t.JMeterThread: Stop Thread detected by thread: WETPAINT Group 1-11
2026-04-09 12:06:56,399 INFO o.a.j.t.JMeterThread: Thread finished: WETPAINT Group 1-11
2026-04-09 12:06:56,422 INFO o.a.j.t.JMeterThread: Stopping Thread: org.apache.jorphan.util.JMeterStopThreadException: The thread is scheduled to stop in 4715 ms and the throughput timer generates a delay of 7247. Terminating the thread manually.
2026-04-09 12:06:56,422 INFO o.a.j.t.JMeterThread: Stop Thread detected by thread: WETPAINT Group 1-18
2026-04-09 12:06:56,422 INFO o.a.j.t.JMeterThread: Thread finished: WETPAINT Group 1-18
2026-04-09 12:06:56,502 INFO o.a.j.t.JMeterThread: Stopping Thread: org.apache.jorphan.util.JMeterStopThreadException: The thread is scheduled to stop in 4628 ms and the throughput timer generates a delay of 7195. Terminating the thread manually.
2026-04-09 12:06:56,502 INFO o.a.j.t.JMeterThread: Stop Thread detected by thread: WETPAINT Group 1-16
2026-04-09 12:06:56,502 INFO o.a.j.t.JMeterThread: Thread finished: WETPAINT Group 1-16
2026-04-09 12:06:56,704 INFO o.a.j.t.JMeterThread: Stopping Thread: org.apache.jorphan.util.JMeterStopThreadException: The thread is scheduled to stop in 4391 ms and the throughput timer generates a delay of 7017. Terminating the thread manually.
2026-04-09 12:06:56,704 INFO o.a.j.t.JMeterThread: Stop Thread detected by thread: WETPAINT Group 1-10
2026-04-09 12:06:56,704 INFO o.a.j.t.JMeterThread: Thread finished: WETPAINT Group 1-10
2026-04-09 12:06:57,452 INFO o.a.j.t.JMeterThread: Stopping Thread: org.apache.jorphan.util.JMeterStopThreadException: The thread is scheduled to stop in 3681 ms and the throughput timer generates a delay of 6277. Terminating the thread manually.
2026-04-09 12:06:57,454 INFO o.a.j.t.JMeterThread: Stop Thread detected by thread: WETPAINT Group 1-17
2026-04-09 12:06:57,454 INFO o.a.j.t.JMeterThread: Thread finished: WETPAINT Group 1-17
2026-04-09 12:06:57,594 INFO o.a.j.t.JMeterThread: Stopping Thread: org.apache.jorphan.util.JMeterStopThreadException: The thread is scheduled to stop in 3515 ms and the throughput timer generates a delay of 6508. Terminating the thread manually.
2026-04-09 12:06:57,594 INFO o.a.j.t.JMeterThread: Stop Thread detected by thread: WETPAINT Group 1-13
2026-04-09 12:06:57,596 INFO o.a.j.t.JMeterThread: Thread finished: WETPAINT Group 1-13
2026-04-09 12:06:57,769 INFO o.a.j.t.JMeterThread: Stopping Thread: org.apache.jorphan.util.JMeterStopThreadException: The thread is scheduled to stop in 3303 ms and the throughput timer generates a delay of 6551. Terminating the thread manually.
2026-04-09 12:06:57,769 INFO o.a.j.t.JMeterThread: Stop Thread detected by thread: WETPAINT Group 1-7
2026-04-09 12:06:57,769 INFO o.a.j.t.JMeterThread: Thread finished: WETPAINT Group 1-7
2026-04-09 12:06:57,864 INFO o.a.j.t.JMeterThread: Stopping Thread: org.apache.jorphan.util.JMeterStopThreadException: The thread is scheduled to stop in 3242 ms and the throughput timer generates a delay of 6482. Terminating the thread manually.
2026-04-09 12:06:57,864 INFO o.a.j.t.JMeterThread: Stop Thread detected by thread: WETPAINT Group 1-12
2026-04-09 12:06:57,864 INFO o.a.j.t.JMeterThread: Thread finished: WETPAINT Group 1-12
2026-04-09 12:06:57,947 INFO o.a.j.t.JMeterThread: Stopping Thread: org.apache.jorphan.util.JMeterStopThreadException: The thread is scheduled to stop in 3202 ms and the throughput timer generates a delay of 6455. Terminating the thread manually.
2026-04-09 12:06:57,947 INFO o.a.j.t.JMeterThread: Stop Thread detected by thread: WETPAINT Group 1-20
2026-04-09 12:06:57,949 INFO o.a.j.t.JMeterThread: Thread finished: WETPAINT Group 1-20
2026-04-09 12:06:58,716 INFO o.a.j.t.JMeterThread: Stopping Thread: org.apache.jorphan.util.JMeterStopThreadException: The thread is scheduled to stop in 2340 ms and the throughput timer generates a delay of 5694. Terminating the thread manually.
2026-04-09 12:06:58,716 INFO o.a.j.t.JMeterThread: Stop Thread detected by thread: WETPAINT Group 1-5
2026-04-09 12:06:58,717 INFO o.a.j.t.JMeterThread: Thread finished: WETPAINT Group 1-5
2026-04-09 12:06:59,402 INFO o.a.j.t.JMeterThread: Stopping Thread: org.apache.jorphan.util.JMeterStopThreadException: The thread is scheduled to stop in 1712 ms and the throughput timer generates a delay of 5368. Terminating the thread manually.
2026-04-09 12:06:59,403 INFO o.a.j.t.JMeterThread: Stop Thread detected by thread: WETPAINT Group 1-14
2026-04-09 12:06:59,403 INFO o.a.j.t.JMeterThread: Thread finished: WETPAINT Group 1-14
2026-04-09 12:06:59,677 INFO o.a.j.t.JMeterThread: Stopping Thread: org.apache.jorphan.util.JMeterStopThreadException: The thread is scheduled to stop in 1443 ms and the throughput timer generates a delay of 5272. Terminating the thread manually.
2026-04-09 12:06:59,677 INFO o.a.j.t.JMeterThread: Stop Thread detected by thread: WETPAINT Group 1-15
2026-04-09 12:06:59,677 INFO o.a.j.t.JMeterThread: Thread finished: WETPAINT Group 1-15
2026-04-09 12:06:59,693 INFO o.a.j.t.JMeterThread: Stopping Thread: org.apache.jorphan.util.JMeterStopThreadException: The thread is scheduled to stop in 1390 ms and the throughput timer generates a delay of 5820. Terminating the thread manually.
2026-04-09 12:06:59,693 INFO o.a.j.t.JMeterThread: Stop Thread detected by thread: WETPAINT Group 1-8
2026-04-09 12:06:59,693 INFO o.a.j.t.JMeterThread: Thread finished: WETPAINT Group 1-8
2026-04-09 12:06:59,744 INFO o.a.j.t.JMeterThread: Stopping Thread: org.apache.jorphan.util.JMeterStopThreadException: The thread is scheduled to stop in 1322 ms and the throughput timer generates a delay of 7052. Terminating the thread manually.
2026-04-09 12:06:59,744 INFO o.a.j.t.JMeterThread: Stop Thread detected by thread: WETPAINT Group 1-6
2026-04-09 12:06:59,744 INFO o.a.j.t.JMeterThread: Thread finished: WETPAINT Group 1-6
2026-04-09 12:07:00,054 INFO o.a.j.r.Summariser: summary +     93 in 00:00:30 =    3.1/s Avg:    41 Min:    15 Max:   211 Err:     0 (0.00%) Active: 3 Started: 20 Finished: 17
2026-04-09 12:07:00,055 INFO o.a.j.r.Summariser: summary =   2000 in 00:09:59 =    3.3/s Avg:    54 Min:    11 Max:  3932 Err:     0 (0.00%)
2026-04-09 12:07:00,056 INFO o.a.j.t.JMeterThread: Stopping Thread: org.apache.jorphan.util.JMeterStopThreadException: The thread is scheduled to stop in 994 ms and the throughput timer generates a delay of 6941. Terminating the thread manually.
2026-04-09 12:07:00,056 INFO o.a.j.t.JMeterThread: Stop Thread detected by thread: WETPAINT Group 1-4
2026-04-09 12:07:00,056 INFO o.a.j.t.JMeterThread: Thread finished: WETPAINT Group 1-4
2026-04-09 12:07:00,919 INFO o.a.j.t.JMeterThread: Stopping Thread: org.apache.jorphan.util.JMeterStopThreadException: The thread is scheduled to stop in 105 ms and the throughput timer generates a delay of 6458. Terminating the thread manually.
2026-04-09 12:07:00,919 INFO o.a.j.t.JMeterThread: Stopping Thread: org.apache.jorphan.util.JMeterStopThreadException: The thread is scheduled to stop in 111 ms and the throughput timer generates a delay of 6237. Terminating the thread manually.
2026-04-09 12:07:00,919 INFO o.a.j.t.JMeterThread: Stop Thread detected by thread: WETPAINT Group 1-2
2026-04-09 12:07:00,919 INFO o.a.j.t.JMeterThread: Stop Thread detected by thread: WETPAINT Group 1-3
2026-04-09 12:07:00,919 INFO o.a.j.t.JMeterThread: Thread finished: WETPAINT Group 1-2
2026-04-09 12:07:00,919 INFO o.a.j.t.JMeterThread: Thread finished: WETPAINT Group 1-3
2026-04-09 12:07:00,920 INFO o.a.j.e.StandardJMeterEngine: Notifying test listeners of end of test
2026-04-09 12:07:00,920 INFO o.a.j.s.FileServer: Close: C:\Users\suppo\Desktop\國衛院-兒童web\stress\users.csv
2026-04-09 12:07:00,921 INFO o.a.j.r.Summariser: summary +      2 in 00:00:01 =    2.3/s Avg:    26 Min:    25 Max:    28 Err:     0 (0.00%) Active: 0 Started: 20 Finished: 20
2026-04-09 12:07:00,921 INFO o.a.j.r.Summariser: summary =   2002 in 00:10:00 =    3.3/s Avg:    54 Min:    11 Max:  3932 Err:     0 (0.00%)
2026-04-09 12:07:00,922 INFO o.a.j.JMeter: Generating Dashboard
2026-04-09 12:07:00,922 INFO o.a.j.r.d.ReportGenerator: Flushing result collector before report Generation
2026-04-09 12:07:00,938 INFO o.a.j.r.p.NormalizerSampleConsumer: Using format, 'ms', to parse timeStamp field
2026-04-09 12:07:01,165 INFO o.a.j.r.p.AbstractSampleConsumer: class org.apache.jmeter.report.processor.AggregateConsumer#stopProducing(): beginDate produced 0 samples
2026-04-09 12:07:01,166 INFO o.a.j.r.p.AbstractSampleConsumer: class org.apache.jmeter.report.processor.AggregateConsumer#stopProducing(): endDate produced 0 samples
2026-04-09 12:07:01,169 INFO o.a.j.r.p.AbstractSampleConsumer: class org.apache.jmeter.report.processor.ApdexSummaryConsumer#stopProducing(): apdexSummary produced 0 samples
2026-04-09 12:07:01,169 INFO o.a.j.r.p.AbstractSampleConsumer: class org.apache.jmeter.report.processor.RequestsSummaryConsumer#stopProducing(): requestsSummary produced 0 samples
2026-04-09 12:07:01,181 INFO o.a.j.r.p.AbstractSampleConsumer: class org.apache.jmeter.report.processor.StatisticsSummaryConsumer#stopProducing(): statisticsSummary produced 0 samples
2026-04-09 12:07:01,183 INFO o.a.j.r.p.AbstractSampleConsumer: class org.apache.jmeter.report.processor.Top5ErrorsBySamplerConsumer#stopProducing(): top5ErrorsBySampler produced 0 samples
2026-04-09 12:07:01,183 INFO o.a.j.r.p.AbstractSampleConsumer: class org.apache.jmeter.report.processor.ErrorsSummaryConsumer#stopProducing(): errorsSummary produced 0 samples
2026-04-09 12:07:01,183 INFO o.a.j.r.p.AbstractSampleConsumer: class org.apache.jmeter.report.processor.graph.impl.HitsPerSecondGraphConsumer#stopProducing(): hitsPerSecond produced 0 samples
2026-04-09 12:07:01,218 INFO o.a.j.r.p.AbstractSampleConsumer: class org.apache.jmeter.report.processor.graph.impl.LatencyVSRequestGraphConsumer#stopProducing(): latencyVsRequest produced 0 samples
2026-04-09 12:07:01,219 INFO o.a.j.r.p.AbstractSampleConsumer: class org.apache.jmeter.report.processor.graph.impl.SyntheticResponseTimeDistributionGraphConsumer#stopProducing(): syntheticResponseTimeDistribution produced 0 samples
2026-04-09 12:07:01,219 INFO o.a.j.r.p.AbstractSampleConsumer: class org.apache.jmeter.report.processor.graph.impl.BytesThroughputGraphConsumer#stopProducing(): bytesThroughputOverTime produced 0 samples
2026-04-09 12:07:01,220 INFO o.a.j.r.p.AbstractSampleConsumer: class org.apache.jmeter.report.processor.graph.impl.CodesPerSecondGraphConsumer#stopProducing(): codesPerSecond produced 0 samples
2026-04-09 12:07:01,259 INFO o.a.j.r.p.AbstractSampleConsumer: class org.apache.jmeter.report.processor.graph.impl.ResponseTimeVSRequestGraphConsumer#stopProducing(): responseTimeVsRequest produced 0 samples
2026-04-09 12:07:01,259 INFO o.a.j.r.p.AbstractSampleConsumer: class org.apache.jmeter.report.processor.FilterConsumer#stopProducing(): startIntervalControlerFilter produced 14014 samples
2026-04-09 12:07:01,259 INFO o.a.j.r.p.AbstractSampleConsumer: class org.apache.jmeter.report.processor.graph.impl.TotalTPSGraphConsumer#stopProducing(): totalTPS produced 0 samples
2026-04-09 12:07:01,259 INFO o.a.j.r.p.AbstractSampleConsumer: class org.apache.jmeter.report.processor.graph.impl.ActiveThreadsGraphConsumer#stopProducing(): activeThreadsOverTime produced 0 samples
2026-04-09 12:07:01,259 INFO o.a.j.r.p.AbstractSampleConsumer: class org.apache.jmeter.report.processor.graph.impl.TimeVSThreadGraphConsumer#stopProducing(): timeVsThreads produced 0 samples
2026-04-09 12:07:01,264 INFO o.a.j.r.p.AbstractSampleConsumer: class org.apache.jmeter.report.processor.graph.impl.ResponseTimeDistributionGraphConsumer#stopProducing(): responseTimeDistribution produced 0 samples
2026-04-09 12:07:01,267 INFO o.a.j.r.p.AbstractSampleConsumer: class org.apache.jmeter.report.processor.graph.impl.TransactionsPerSecondGraphConsumer#stopProducing(): transactionsPerSecond produced 0 samples
2026-04-09 12:07:01,269 INFO o.a.j.r.p.AbstractSampleConsumer: class org.apache.jmeter.report.processor.graph.impl.ResponseTimePercentilesGraphConsumer#stopProducing(): responseTimePercentiles produced 0 samples
2026-04-09 12:07:01,277 INFO o.a.j.r.p.AbstractSampleConsumer: class org.apache.jmeter.report.processor.graph.impl.ResponseTimePercentilesOverTimeGraphConsumer#stopProducing(): responseTimePercentilesOverTime produced 0 samples
2026-04-09 12:07:01,277 INFO o.a.j.r.p.AbstractSampleConsumer: class org.apache.jmeter.report.processor.graph.impl.ResponseTimeOverTimeGraphConsumer#stopProducing(): responseTimesOverTime produced 0 samples
2026-04-09 12:07:01,279 INFO o.a.j.r.p.AbstractSampleConsumer: class org.apache.jmeter.report.processor.graph.impl.ConnectTimeOverTimeGraphConsumer#stopProducing(): connectTimeOverTime produced 0 samples
2026-04-09 12:07:01,280 INFO o.a.j.r.p.AbstractSampleConsumer: class org.apache.jmeter.report.processor.graph.impl.LatencyOverTimeGraphConsumer#stopProducing(): latenciesOverTime produced 0 samples
2026-04-09 12:07:01,281 INFO o.a.j.r.p.AbstractSampleConsumer: class org.apache.jmeter.report.processor.FilterConsumer#stopProducing(): nameFilter produced 30030 samples
2026-04-09 12:07:01,281 INFO o.a.j.r.p.AbstractSampleConsumer: class org.apache.jmeter.report.processor.FilterConsumer#stopProducing(): dateRangeFilter produced 6006 samples
2026-04-09 12:07:01,281 INFO o.a.j.r.p.AbstractSampleConsumer: class org.apache.jmeter.report.processor.NormalizerSampleConsumer#stopProducing(): normalizer produced 2002 samples
2026-04-09 12:07:01,284 INFO o.a.j.r.p.CsvFileSampleSource: produce(): 2002 samples produced in 311ms on channel 0
2026-04-09 12:07:01,284 INFO o.a.j.r.d.ReportGenerator: Exporting data using exporter:'json' of className:'org.apache.jmeter.report.dashboard.JsonExporter'
2026-04-09 12:07:01,396 INFO o.a.j.r.d.JsonExporter: Found data for consumer statisticsSummary in context
2026-04-09 12:07:01,397 INFO o.a.j.r.d.JsonExporter: Creating statistics for overall
2026-04-09 12:07:01,400 INFO o.a.j.r.d.JsonExporter: Creating statistics for other transactions
2026-04-09 12:07:01,402 INFO o.a.j.r.d.JsonExporter: Checking output folder
2026-04-09 12:07:01,408 INFO o.a.j.r.d.JsonExporter: Writing statistics JSON to C:\Users\suppo\Desktop\國衛院-兒童web\stress\results\pressure_20u_10m_v3\html-report\statistics.json
2026-04-09 12:07:01,480 INFO o.a.j.r.d.ReportGenerator: Exporting data using exporter:'html' of className:'org.apache.jmeter.report.dashboard.HtmlTemplateExporter'
2026-04-09 12:07:01,483 INFO o.a.j.r.d.HtmlTemplateExporter: Will generate dashboard in folder: C:\Users\suppo\Desktop\國衛院-兒童web\stress\results\pressure_20u_10m_v3\html-report
2026-04-09 12:07:01,659 INFO o.a.j.r.d.HtmlTemplateExporter: Report will be generated in: C:\Users\suppo\Desktop\國衛院-兒童web\stress\results\pressure_20u_10m_v3\html-report, creating folder structure
2026-04-09 12:07:01,661 INFO o.a.j.r.d.TemplateVisitor: Copying folder from 'C:\Users\suppo\Desktop\apache-jmeter-5.6.3\apache-jmeter-5.6.3\bin\report-template' to 'C:\Users\suppo\Desktop\國衛院-兒童web\stress\results\pressure_20u_10m_v3\html-report', got message: C:\Users\suppo\Desktop\國衛院-兒童web\stress\results\pressure_20u_10m_v3\html-report, found non empty folder with following content [C:\Users\suppo\Desktop\國衛院-兒童web\stress\results\pressure_20u_10m_v3\html-report\statistics.json], will be ignored
2026-04-09 12:07:02,150 INFO o.a.j.JMeter: Dashboard generated
