2026-04-08 16:40:48,063 INFO o.a.j.u.JMeterUtils: Setting Locale to en_EN
2026-04-08 16:40:48,082 INFO o.a.j.JMeter: Loading user properties from: C:\Users\suppo\Desktop\apache-jmeter-5.6.3\apache-jmeter-5.6.3\bin\user.properties
2026-04-08 16:40:48,083 INFO o.a.j.JMeter: Loading system properties from: C:\Users\suppo\Desktop\apache-jmeter-5.6.3\apache-jmeter-5.6.3\bin\system.properties
2026-04-08 16:40:48,083 INFO o.a.j.JMeter: Setting System property: java.awt.headless=true
2026-04-08 16:40:48,090 INFO o.a.j.JMeter: Copyright (c) 1998-2024 The Apache Software Foundation
2026-04-08 16:40:48,090 INFO o.a.j.JMeter: Version 5.6.3
2026-04-08 16:40:48,090 INFO o.a.j.JMeter: java.version=25.0.1
2026-04-08 16:40:48,090 INFO o.a.j.JMeter: java.vm.name=Java HotSpot(TM) 64-Bit Server VM
2026-04-08 16:40:48,091 INFO o.a.j.JMeter: os.name=Windows 11
2026-04-08 16:40:48,091 INFO o.a.j.JMeter: os.arch=amd64
2026-04-08 16:40:48,091 INFO o.a.j.JMeter: os.version=10.0
2026-04-08 16:40:48,091 INFO o.a.j.JMeter: file.encoding=UTF-8
2026-04-08 16:40:48,091 INFO o.a.j.JMeter: java.awt.headless=true
2026-04-08 16:40:48,091 INFO o.a.j.JMeter: Max memory     =2147483648
2026-04-08 16:40:48,091 INFO o.a.j.JMeter: Available Processors =16
2026-04-08 16:40:48,108 INFO o.a.j.JMeter: Default Locale=English (EN)
2026-04-08 16:40:48,109 INFO o.a.j.JMeter: JMeter  Locale=English (EN)
2026-04-08 16:40:48,109 INFO o.a.j.JMeter: JMeterHome=C:\Users\suppo\Desktop\apache-jmeter-5.6.3\apache-jmeter-5.6.3
2026-04-08 16:40:48,109 INFO o.a.j.JMeter: user.dir  =C:\Users\suppo\Desktop\國衛院-兒童web\stress
2026-04-08 16:40:48,110 INFO o.a.j.JMeter: PWD       =C:\Users\suppo\Desktop\國衛院-兒童web\stress
2026-04-08 16:40:53,049 INFO o.a.j.JMeter: IP: 192.168.0.176 Name: Ruenxin FullName: Ruenxin
2026-04-08 16:40:53,061 INFO o.a.j.JMeter: Setting property 'jmeter.reportgenerator.outputdir' to:'C:\Users\suppo\Desktop\國衛院-兒童web\stress\results\smoke_5u_5m_manager\html-report'
2026-04-08 16:40:53,065 INFO o.a.j.s.FileServer: Default base='C:\Users\suppo\Desktop\國衛院-兒童web\stress'
2026-04-08 16:40:53,065 INFO o.a.j.s.FileServer: Set new base='C:\Users\suppo\Desktop\國衛院-兒童web\stress\results\smoke_5u_5m_manager'
2026-04-08 16:40:53,332 INFO o.a.j.s.SaveService: Testplan (JMX) version: 2.2. Testlog (JTL) version: 2.2
2026-04-08 16:40:53,356 INFO o.a.j.s.SaveService: Using SaveService properties version 5.0
2026-04-08 16:40:53,359 INFO o.a.j.s.SaveService: Using SaveService properties file encoding UTF-8
2026-04-08 16:40:53,383 INFO o.a.j.s.SaveService: Loading file: C:\Users\suppo\Desktop\國衛院-兒童web\stress\results\smoke_5u_5m_manager\generated-test-plan.jmx
2026-04-08 16:40:53,421 INFO o.a.j.p.h.c.CookieManager: Settings: Delete null: true Check: true Allow variable: true Save: false Prefix: COOKIE_
2026-04-08 16:40:53,425 INFO o.a.j.p.h.c.CacheManager: Will only cache the following methods: [GET]
2026-04-08 16:40:53,666 INFO o.a.j.e.KeyToolUtils: keytool found at 'keytool'
2026-04-08 16:40:53,668 INFO o.a.j.p.h.p.ProxyControl: HTTP(S) Test Script Recorder SSL Proxy will use keys that support embedded 3rd party resources in file C:\Users\suppo\Desktop\apache-jmeter-5.6.3\apache-jmeter-5.6.3\bin\proxyserver.jks
2026-04-08 16:40:53,690 INFO o.a.j.p.h.s.HTTPSamplerBase: Parser for text/html is org.apache.jmeter.protocol.http.parser.LagartoBasedHtmlParser
2026-04-08 16:40:53,690 INFO o.a.j.p.h.s.HTTPSamplerBase: Parser for application/xhtml+xml is org.apache.jmeter.protocol.http.parser.LagartoBasedHtmlParser
2026-04-08 16:40:53,690 INFO o.a.j.p.h.s.HTTPSamplerBase: Parser for application/xml is org.apache.jmeter.protocol.http.parser.LagartoBasedHtmlParser
2026-04-08 16:40:53,690 INFO o.a.j.p.h.s.HTTPSamplerBase: Parser for text/xml is org.apache.jmeter.protocol.http.parser.LagartoBasedHtmlParser
2026-04-08 16:40:53,690 INFO o.a.j.p.h.s.HTTPSamplerBase: Parser for text/vnd.wap.wml is org.apache.jmeter.protocol.http.parser.RegexpHTMLParser
2026-04-08 16:40:53,690 INFO o.a.j.p.h.s.HTTPSamplerBase: Parser for text/css is org.apache.jmeter.protocol.http.parser.CssParser
2026-04-08 16:40:53,779 INFO o.a.j.JMeter: Creating summariser <summary>
2026-04-08 16:40:53,784 INFO o.a.j.r.d.ReportGenerator: ReportGenerator will use for Parsing the separator: ','
2026-04-08 16:40:53,784 INFO o.a.j.r.d.ReportGenerator: Will generate report at end of test from  results file: C:\Users\suppo\Desktop\國衛院-兒童web\stress\results\smoke_5u_5m_manager\results.jtl
2026-04-08 16:40:53,784 INFO o.a.j.r.d.ReportGenerator: Reading report generator properties from: C:\Users\suppo\Desktop\apache-jmeter-5.6.3\apache-jmeter-5.6.3\bin\reportgenerator.properties
2026-04-08 16:40:53,785 INFO o.a.j.r.d.ReportGenerator: Merging with JMeter properties
2026-04-08 16:40:53,789 INFO o.a.j.r.c.ReportGeneratorConfiguration: Property 'jmeter.reportgenerator.temp_dir' not found, using default value 'temp' instead.
2026-04-08 16:40:53,792 INFO o.a.j.r.c.ReportGeneratorConfiguration: Property 'jmeter.reportgenerator.apdex_per_transaction' not found, using default value 'null' instead.
2026-04-08 16:40:53,792 INFO o.a.j.r.c.ReportGeneratorConfiguration: apdex_per_transaction is empty, not APDEX per transaction customization
2026-04-08 16:40:53,792 INFO o.a.j.r.c.ReportGeneratorConfiguration: Property 'jmeter.reportgenerator.sample_filter' not found, using default value 'null' instead.
2026-04-08 16:40:53,792 INFO o.a.j.r.c.ReportGeneratorConfiguration: Property 'jmeter.reportgenerator.report_title' not found, using default value 'null' instead.
2026-04-08 16:40:53,792 INFO o.a.j.r.c.ReportGeneratorConfiguration: Property 'jmeter.reportgenerator.start_date' not found, using default value 'null' instead.
2026-04-08 16:40:53,792 INFO o.a.j.r.c.ReportGeneratorConfiguration: Property 'jmeter.reportgenerator.end_date' not found, using default value 'null' instead.
2026-04-08 16:40:53,792 INFO o.a.j.r.c.ReportGeneratorConfiguration: Property 'jmeter.reportgenerator.date_format' not found, using default value 'null' instead.
2026-04-08 16:40:53,792 INFO o.a.j.r.c.ReportGeneratorConfiguration: Will use date range start date: null, end date: null
2026-04-08 16:40:53,797 INFO o.a.j.r.c.ReportGeneratorConfiguration: Property 'jmeter.reportgenerator.graph.totalTPS.exclude_controllers' not found, using default value 'false' instead.
2026-04-08 16:40:53,797 INFO o.a.j.r.c.ReportGeneratorConfiguration: Property 'jmeter.reportgenerator.graph.activeThreadsOverTime.exclude_controllers' not found, using default value 'false' instead.
2026-04-08 16:40:53,797 INFO o.a.j.r.c.ReportGeneratorConfiguration: Property 'jmeter.reportgenerator.graph.timeVsThreads.exclude_controllers' not found, using default value 'false' instead.
2026-04-08 16:40:53,798 INFO o.a.j.r.c.ReportGeneratorConfiguration: Property 'jmeter.reportgenerator.graph.responseTimeDistribution.exclude_controllers' not found, using default value 'false' instead.
2026-04-08 16:40:53,798 INFO o.a.j.r.c.ReportGeneratorConfiguration: Property 'jmeter.reportgenerator.graph.transactionsPerSecond.exclude_controllers' not found, using default value 'false' instead.
2026-04-08 16:40:53,798 INFO o.a.j.r.c.ReportGeneratorConfiguration: Property 'jmeter.reportgenerator.graph.responseTimePercentiles.exclude_controllers' not found, using default value 'false' instead.
2026-04-08 16:40:53,798 INFO o.a.j.r.c.ReportGeneratorConfiguration: Property 'jmeter.reportgenerator.graph.responseTimePercentilesOverTime.exclude_controllers' not found, using default value 'false' instead.
2026-04-08 16:40:53,798 INFO o.a.j.r.c.ReportGeneratorConfiguration: Property 'jmeter.reportgenerator.graph.responseTimesOverTime.exclude_controllers' not found, using default value 'false' instead.
2026-04-08 16:40:53,798 INFO o.a.j.r.c.ReportGeneratorConfiguration: Property 'jmeter.reportgenerator.graph.connectTimeOverTime.exclude_controllers' not found, using default value 'false' instead.
2026-04-08 16:40:53,800 INFO o.a.j.r.c.ReportGeneratorConfiguration: Property 'jmeter.reportgenerator.graph.latenciesOverTime.exclude_controllers' not found, using default value 'false' instead.
2026-04-08 16:40:53,802 INFO o.a.j.r.c.ReportGeneratorConfiguration: Property 'jmeter.reportgenerator.exporter.json.filters_only_sample_series' not found, using default value 'true' instead.
2026-04-08 16:40:53,802 INFO o.a.j.r.c.ReportGeneratorConfiguration: Property 'jmeter.reportgenerator.exporter.json.series_filter' not found, using default value '' instead.
2026-04-08 16:40:53,802 INFO o.a.j.r.c.ReportGeneratorConfiguration: Property 'jmeter.reportgenerator.exporter.json.show_controllers_only' not found, using default value 'false' instead.
2026-04-08 16:40:53,803 INFO o.a.j.r.c.ReportGeneratorConfiguration: Property 'jmeter.reportgenerator.exporter.html.filters_only_sample_series' not found, using default value 'true' instead.
2026-04-08 16:40:53,803 INFO o.a.j.r.c.ReportGeneratorConfiguration: Property 'jmeter.reportgenerator.exporter.html.series_filter' not found, using default value '' instead.
2026-04-08 16:40:53,803 INFO o.a.j.r.c.ReportGeneratorConfiguration: Property 'jmeter.reportgenerator.exporter.html.show_controllers_only' not found, using default value 'false' instead.
2026-04-08 16:40:53,814 INFO o.a.j.e.StandardJMeterEngine: Running the test!
2026-04-08 16:40:53,815 INFO o.a.j.s.SampleEvent: List of sample_variables: []
2026-04-08 16:40:53,815 INFO o.a.j.s.SampleEvent: List of sample_variables: []
2026-04-08 16:40:53,819 INFO o.a.j.e.u.CompoundVariable: Note: Function class names must contain the string: '.functions.'
2026-04-08 16:40:53,819 INFO o.a.j.e.u.CompoundVariable: Note: Function class names must not contain the string: '.gui.'
2026-04-08 16:40:53,920 INFO o.a.j.JMeter: Running test (1775637653920)
2026-04-08 16:40:53,938 INFO o.a.j.e.StandardJMeterEngine: Starting ThreadGroup: 1 : WETPAINT Group
2026-04-08 16:40:53,938 INFO o.a.j.e.StandardJMeterEngine: Starting 5 threads for group WETPAINT Group.
2026-04-08 16:40:53,938 INFO o.a.j.e.StandardJMeterEngine: Thread will continue on error
2026-04-08 16:40:53,938 INFO o.a.j.t.ThreadGroup: Starting thread group... number=1 threads=5 ramp-up=30 delayedStart=false
2026-04-08 16:40:53,958 INFO o.a.j.t.ThreadGroup: Started thread group number 1
2026-04-08 16:40:53,958 INFO o.a.j.e.StandardJMeterEngine: All thread groups have been started
2026-04-08 16:40:53,993 INFO o.a.j.t.JMeterThread: Thread started: WETPAINT Group 1-1
2026-04-08 16:40:53,995 INFO o.a.j.s.FileServer: Stored: C:\Users\suppo\Desktop\國衛院-兒童web\stress\users.csv
2026-04-08 16:40:54,017 INFO o.a.j.p.h.s.HTTPHCAbstractImpl: Local host = Ruenxin
2026-04-08 16:40:54,020 INFO o.a.j.p.h.s.HTTPHC4Impl: HTTP request retry count = 0
2026-04-08 16:40:54,021 INFO o.a.j.s.SampleResult: Note: Sample TimeStamps are START times
2026-04-08 16:40:54,021 INFO o.a.j.s.SampleResult: sampleresult.default.encoding is set to UTF-8
2026-04-08 16:40:54,021 INFO o.a.j.s.SampleResult: sampleresult.useNanoTime=true
2026-04-08 16:40:54,022 INFO o.a.j.s.SampleResult: sampleresult.nanoThreadSleep=5000
2026-04-08 16:40:54,129 INFO o.a.j.p.h.s.h.LazyLayeredConnectionSocketFactory: Setting up HTTPS TrustAll Socket Factory
2026-04-08 16:40:54,133 INFO o.a.j.u.JsseSSLManager: Using default SSL protocol: TLS
2026-04-08 16:40:54,133 INFO o.a.j.u.JsseSSLManager: SSL session context: per-thread
2026-04-08 16:40:54,193 INFO o.a.j.u.SSLManager: JmeterKeyStore Location:  type JKS
2026-04-08 16:40:54,196 INFO o.a.j.u.SSLManager: KeyStore created OK
2026-04-08 16:40:54,196 WARN o.a.j.u.SSLManager: Keystore file not found, loading empty keystore
2026-04-08 16:40:55,469 INFO o.a.j.t.JMeterThread: Stop Thread seen for thread WETPAINT Group 1-1, reason: org.apache.jorphan.util.JMeterStopThreadException: End of file:C:\Users\suppo\Desktop\國衛院-兒童web\stress\users.csv detected for CSV DataSet:CSV Data Set Config configured with stopThread:true, recycle:false
2026-04-08 16:40:55,470 INFO o.a.j.t.JMeterThread: Thread finished: WETPAINT Group 1-1
2026-04-08 16:40:59,988 INFO o.a.j.t.JMeterThread: Thread started: WETPAINT Group 1-2
2026-04-08 16:40:59,989 INFO o.a.j.t.JMeterThread: Stop Thread seen for thread WETPAINT Group 1-2, reason: org.apache.jorphan.util.JMeterStopThreadException: End of file:C:\Users\suppo\Desktop\國衛院-兒童web\stress\users.csv detected for CSV DataSet:CSV Data Set Config configured with stopThread:true, recycle:false
2026-04-08 16:40:59,989 INFO o.a.j.t.JMeterThread: Thread finished: WETPAINT Group 1-2
2026-04-08 16:41:05,982 INFO o.a.j.t.JMeterThread: Thread started: WETPAINT Group 1-3
2026-04-08 16:41:05,984 INFO o.a.j.t.JMeterThread: Stop Thread seen for thread WETPAINT Group 1-3, reason: org.apache.jorphan.util.JMeterStopThreadException: End of file:C:\Users\suppo\Desktop\國衛院-兒童web\stress\users.csv detected for CSV DataSet:CSV Data Set Config configured with stopThread:true, recycle:false
2026-04-08 16:41:05,984 INFO o.a.j.t.JMeterThread: Thread finished: WETPAINT Group 1-3
2026-04-08 16:41:11,978 INFO o.a.j.t.JMeterThread: Thread started: WETPAINT Group 1-4
2026-04-08 16:41:11,979 INFO o.a.j.t.JMeterThread: Stop Thread seen for thread WETPAINT Group 1-4, reason: org.apache.jorphan.util.JMeterStopThreadException: End of file:C:\Users\suppo\Desktop\國衛院-兒童web\stress\users.csv detected for CSV DataSet:CSV Data Set Config configured with stopThread:true, recycle:false
2026-04-08 16:41:11,980 INFO o.a.j.t.JMeterThread: Thread finished: WETPAINT Group 1-4
2026-04-08 16:41:17,977 INFO o.a.j.t.JMeterThread: Thread started: WETPAINT Group 1-5
2026-04-08 16:41:17,978 INFO o.a.j.t.JMeterThread: Stop Thread seen for thread WETPAINT Group 1-5, reason: org.apache.jorphan.util.JMeterStopThreadException: End of file:C:\Users\suppo\Desktop\國衛院-兒童web\stress\users.csv detected for CSV DataSet:CSV Data Set Config configured with stopThread:true, recycle:false
2026-04-08 16:41:17,978 INFO o.a.j.t.JMeterThread: Thread finished: WETPAINT Group 1-5
2026-04-08 16:41:17,978 INFO o.a.j.e.StandardJMeterEngine: Notifying test listeners of end of test
2026-04-08 16:41:17,978 INFO o.a.j.s.FileServer: Close: C:\Users\suppo\Desktop\國衛院-兒童web\stress\users.csv
2026-04-08 16:41:17,982 INFO o.a.j.r.Summariser: summary =     52 in 00:00:24 =    2.2/s Avg:    25 Min:    12 Max:   424 Err:     0 (0.00%)
2026-04-08 16:41:17,982 INFO o.a.j.JMeter: Generating Dashboard
2026-04-08 16:41:17,984 INFO o.a.j.r.d.ReportGenerator: Flushing result collector before report Generation
2026-04-08 16:41:17,992 INFO o.a.j.r.p.NormalizerSampleConsumer: Using format, 'ms', to parse timeStamp field
2026-04-08 16:41:18,086 INFO o.a.j.r.p.AbstractSampleConsumer: class org.apache.jmeter.report.processor.AggregateConsumer#stopProducing(): beginDate produced 0 samples
2026-04-08 16:41:18,086 INFO o.a.j.r.p.AbstractSampleConsumer: class org.apache.jmeter.report.processor.AggregateConsumer#stopProducing(): endDate produced 0 samples
2026-04-08 16:41:18,088 INFO o.a.j.r.p.AbstractSampleConsumer: class org.apache.jmeter.report.processor.ApdexSummaryConsumer#stopProducing(): apdexSummary produced 0 samples
2026-04-08 16:41:18,089 INFO o.a.j.r.p.AbstractSampleConsumer: class org.apache.jmeter.report.processor.RequestsSummaryConsumer#stopProducing(): requestsSummary produced 0 samples
2026-04-08 16:41:18,096 INFO o.a.j.r.p.AbstractSampleConsumer: class org.apache.jmeter.report.processor.StatisticsSummaryConsumer#stopProducing(): statisticsSummary produced 0 samples
2026-04-08 16:41:18,098 INFO o.a.j.r.p.AbstractSampleConsumer: class org.apache.jmeter.report.processor.Top5ErrorsBySamplerConsumer#stopProducing(): top5ErrorsBySampler produced 0 samples
2026-04-08 16:41:18,098 INFO o.a.j.r.p.AbstractSampleConsumer: class org.apache.jmeter.report.processor.ErrorsSummaryConsumer#stopProducing(): errorsSummary produced 0 samples
2026-04-08 16:41:18,098 INFO o.a.j.r.p.AbstractSampleConsumer: class org.apache.jmeter.report.processor.graph.impl.HitsPerSecondGraphConsumer#stopProducing(): hitsPerSecond produced 0 samples
2026-04-08 16:41:18,114 INFO o.a.j.r.p.AbstractSampleConsumer: class org.apache.jmeter.report.processor.graph.impl.LatencyVSRequestGraphConsumer#stopProducing(): latencyVsRequest produced 0 samples
2026-04-08 16:41:18,115 INFO o.a.j.r.p.AbstractSampleConsumer: class org.apache.jmeter.report.processor.graph.impl.SyntheticResponseTimeDistributionGraphConsumer#stopProducing(): syntheticResponseTimeDistribution produced 0 samples
2026-04-08 16:41:18,115 INFO o.a.j.r.p.AbstractSampleConsumer: class org.apache.jmeter.report.processor.graph.impl.BytesThroughputGraphConsumer#stopProducing(): bytesThroughputOverTime produced 0 samples
2026-04-08 16:41:18,115 INFO o.a.j.r.p.AbstractSampleConsumer: class org.apache.jmeter.report.processor.graph.impl.CodesPerSecondGraphConsumer#stopProducing(): codesPerSecond produced 0 samples
2026-04-08 16:41:18,119 INFO o.a.j.r.p.AbstractSampleConsumer: class org.apache.jmeter.report.processor.graph.impl.ResponseTimeVSRequestGraphConsumer#stopProducing(): responseTimeVsRequest produced 0 samples
2026-04-08 16:41:18,120 INFO o.a.j.r.p.AbstractSampleConsumer: class org.apache.jmeter.report.processor.FilterConsumer#stopProducing(): startIntervalControlerFilter produced 364 samples
2026-04-08 16:41:18,120 INFO o.a.j.r.p.AbstractSampleConsumer: class org.apache.jmeter.report.processor.graph.impl.TotalTPSGraphConsumer#stopProducing(): totalTPS produced 0 samples
2026-04-08 16:41:18,120 INFO o.a.j.r.p.AbstractSampleConsumer: class org.apache.jmeter.report.processor.graph.impl.ActiveThreadsGraphConsumer#stopProducing(): activeThreadsOverTime produced 0 samples
2026-04-08 16:41:18,120 INFO o.a.j.r.p.AbstractSampleConsumer: class org.apache.jmeter.report.processor.graph.impl.TimeVSThreadGraphConsumer#stopProducing(): timeVsThreads produced 0 samples
2026-04-08 16:41:18,120 INFO o.a.j.r.p.AbstractSampleConsumer: class org.apache.jmeter.report.processor.graph.impl.ResponseTimeDistributionGraphConsumer#stopProducing(): responseTimeDistribution produced 0 samples
2026-04-08 16:41:18,122 INFO o.a.j.r.p.AbstractSampleConsumer: class org.apache.jmeter.report.processor.graph.impl.TransactionsPerSecondGraphConsumer#stopProducing(): transactionsPerSecond produced 0 samples
2026-04-08 16:41:18,123 INFO o.a.j.r.p.AbstractSampleConsumer: class org.apache.jmeter.report.processor.graph.impl.ResponseTimePercentilesGraphConsumer#stopProducing(): responseTimePercentiles produced 0 samples
2026-04-08 16:41:18,128 INFO o.a.j.r.p.AbstractSampleConsumer: class org.apache.jmeter.report.processor.graph.impl.ResponseTimePercentilesOverTimeGraphConsumer#stopProducing(): responseTimePercentilesOverTime produced 0 samples
2026-04-08 16:41:18,130 INFO o.a.j.r.p.AbstractSampleConsumer: class org.apache.jmeter.report.processor.graph.impl.ResponseTimeOverTimeGraphConsumer#stopProducing(): responseTimesOverTime produced 0 samples
2026-04-08 16:41:18,130 INFO o.a.j.r.p.AbstractSampleConsumer: class org.apache.jmeter.report.processor.graph.impl.ConnectTimeOverTimeGraphConsumer#stopProducing(): connectTimeOverTime produced 0 samples
2026-04-08 16:41:18,130 INFO o.a.j.r.p.AbstractSampleConsumer: class org.apache.jmeter.report.processor.graph.impl.LatencyOverTimeGraphConsumer#stopProducing(): latenciesOverTime produced 0 samples
2026-04-08 16:41:18,130 INFO o.a.j.r.p.AbstractSampleConsumer: class org.apache.jmeter.report.processor.FilterConsumer#stopProducing(): nameFilter produced 780 samples
2026-04-08 16:41:18,130 INFO o.a.j.r.p.AbstractSampleConsumer: class org.apache.jmeter.report.processor.FilterConsumer#stopProducing(): dateRangeFilter produced 156 samples
2026-04-08 16:41:18,130 INFO o.a.j.r.p.AbstractSampleConsumer: class org.apache.jmeter.report.processor.NormalizerSampleConsumer#stopProducing(): normalizer produced 52 samples
2026-04-08 16:41:18,130 INFO o.a.j.r.p.CsvFileSampleSource: produce(): 52 samples produced in 106ms on channel 0
2026-04-08 16:41:18,130 INFO o.a.j.r.d.ReportGenerator: Exporting data using exporter:'json' of className:'org.apache.jmeter.report.dashboard.JsonExporter'
2026-04-08 16:41:18,206 INFO o.a.j.r.d.JsonExporter: Found data for consumer statisticsSummary in context
2026-04-08 16:41:18,206 INFO o.a.j.r.d.JsonExporter: Creating statistics for overall
2026-04-08 16:41:18,207 INFO o.a.j.r.d.JsonExporter: Creating statistics for other transactions
2026-04-08 16:41:18,208 INFO o.a.j.r.d.JsonExporter: Checking output folder
2026-04-08 16:41:18,211 INFO o.a.j.r.d.JsonExporter: Writing statistics JSON to C:\Users\suppo\Desktop\國衛院-兒童web\stress\results\smoke_5u_5m_manager\html-report\statistics.json
2026-04-08 16:41:18,270 INFO o.a.j.r.d.ReportGenerator: Exporting data using exporter:'html' of className:'org.apache.jmeter.report.dashboard.HtmlTemplateExporter'
2026-04-08 16:41:18,273 INFO o.a.j.r.d.HtmlTemplateExporter: Will generate dashboard in folder: C:\Users\suppo\Desktop\國衛院-兒童web\stress\results\smoke_5u_5m_manager\html-report
2026-04-08 16:41:18,440 INFO o.a.j.r.d.HtmlTemplateExporter: Report will be generated in: C:\Users\suppo\Desktop\國衛院-兒童web\stress\results\smoke_5u_5m_manager\html-report, creating folder structure
2026-04-08 16:41:18,443 INFO o.a.j.r.d.TemplateVisitor: Copying folder from 'C:\Users\suppo\Desktop\apache-jmeter-5.6.3\apache-jmeter-5.6.3\bin\report-template' to 'C:\Users\suppo\Desktop\國衛院-兒童web\stress\results\smoke_5u_5m_manager\html-report', got message: C:\Users\suppo\Desktop\國衛院-兒童web\stress\results\smoke_5u_5m_manager\html-report, found non empty folder with following content [C:\Users\suppo\Desktop\國衛院-兒童web\stress\results\smoke_5u_5m_manager\html-report\statistics.json], will be ignored
2026-04-08 16:41:18,923 INFO o.a.j.JMeter: Dashboard generated
