2026-04-09 22:41:47,325 INFO o.a.j.u.JMeterUtils: Setting Locale to en_EN
2026-04-09 22:41:47,344 INFO o.a.j.JMeter: Loading user properties from: C:\Users\suppo\Desktop\apache-jmeter-5.6.3\apache-jmeter-5.6.3\bin\user.properties
2026-04-09 22:41:47,345 INFO o.a.j.JMeter: Loading system properties from: C:\Users\suppo\Desktop\apache-jmeter-5.6.3\apache-jmeter-5.6.3\bin\system.properties
2026-04-09 22:41:47,345 INFO o.a.j.JMeter: Setting System property: java.awt.headless=true
2026-04-09 22:41:47,353 INFO o.a.j.JMeter: Copyright (c) 1998-2024 The Apache Software Foundation
2026-04-09 22:41:47,353 INFO o.a.j.JMeter: Version 5.6.3
2026-04-09 22:41:47,353 INFO o.a.j.JMeter: java.version=25.0.1
2026-04-09 22:41:47,353 INFO o.a.j.JMeter: java.vm.name=Java HotSpot(TM) 64-Bit Server VM
2026-04-09 22:41:47,353 INFO o.a.j.JMeter: os.name=Windows 11
2026-04-09 22:41:47,354 INFO o.a.j.JMeter: os.arch=amd64
2026-04-09 22:41:47,354 INFO o.a.j.JMeter: os.version=10.0
2026-04-09 22:41:47,354 INFO o.a.j.JMeter: file.encoding=UTF-8
2026-04-09 22:41:47,354 INFO o.a.j.JMeter: java.awt.headless=true
2026-04-09 22:41:47,354 INFO o.a.j.JMeter: Max memory     =2147483648
2026-04-09 22:41:47,354 INFO o.a.j.JMeter: Available Processors =16
2026-04-09 22:41:47,371 INFO o.a.j.JMeter: Default Locale=English (EN)
2026-04-09 22:41:47,372 INFO o.a.j.JMeter: JMeter  Locale=English (EN)
2026-04-09 22:41:47,372 INFO o.a.j.JMeter: JMeterHome=C:\Users\suppo\Desktop\apache-jmeter-5.6.3\apache-jmeter-5.6.3
2026-04-09 22:41:47,372 INFO o.a.j.JMeter: user.dir  =C:\Users\suppo\Desktop\國衛院-兒童web\stress
2026-04-09 22:41:47,372 INFO o.a.j.JMeter: PWD       =C:\Users\suppo\Desktop\國衛院-兒童web\stress
2026-04-09 22:41:52,312 INFO o.a.j.JMeter: IP: 192.168.0.176 Name: Ruenxin FullName: Ruenxin
2026-04-09 22:41:52,329 INFO o.a.j.JMeter: Setting property 'jmeter.reportgenerator.outputdir' to:'C:\Users\suppo\Desktop\國衛院-兒童web\stress\results\pressure_100u_10m_v3\html-report'
2026-04-09 22:41:52,334 INFO o.a.j.s.FileServer: Default base='C:\Users\suppo\Desktop\國衛院-兒童web\stress'
2026-04-09 22:41:52,335 INFO o.a.j.s.FileServer: Set new base='C:\Users\suppo\Desktop\國衛院-兒童web\stress\results\pressure_100u_10m_v3'
2026-04-09 22:41:52,618 INFO o.a.j.s.SaveService: Testplan (JMX) version: 2.2. Testlog (JTL) version: 2.2
2026-04-09 22:41:52,639 INFO o.a.j.s.SaveService: Using SaveService properties version 5.0
2026-04-09 22:41:52,643 INFO o.a.j.s.SaveService: Using SaveService properties file encoding UTF-8
2026-04-09 22:41:52,647 INFO o.a.j.s.SaveService: Loading file: C:\Users\suppo\Desktop\國衛院-兒童web\stress\results\pressure_100u_10m_v3\generated-test-plan.jmx
2026-04-09 22:41:52,688 INFO o.a.j.p.h.c.CookieManager: Settings: Delete null: true Check: true Allow variable: true Save: false Prefix: COOKIE_
2026-04-09 22:41:52,692 INFO o.a.j.p.h.c.CacheManager: Will only cache the following methods: [GET]
2026-04-09 22:41:53,017 INFO o.a.j.e.KeyToolUtils: keytool found at 'keytool'
2026-04-09 22:41:53,019 INFO o.a.j.p.h.p.ProxyControl: HTTP(S) Test Script Recorder SSL Proxy will use keys that support embedded 3rd party resources in file C:\Users\suppo\Desktop\apache-jmeter-5.6.3\apache-jmeter-5.6.3\bin\proxyserver.jks
2026-04-09 22:41:53,041 INFO o.a.j.p.h.s.HTTPSamplerBase: Parser for text/html is org.apache.jmeter.protocol.http.parser.LagartoBasedHtmlParser
2026-04-09 22:41:53,043 INFO o.a.j.p.h.s.HTTPSamplerBase: Parser for application/xhtml+xml is org.apache.jmeter.protocol.http.parser.LagartoBasedHtmlParser
2026-04-09 22:41:53,043 INFO o.a.j.p.h.s.HTTPSamplerBase: Parser for application/xml is org.apache.jmeter.protocol.http.parser.LagartoBasedHtmlParser
2026-04-09 22:41:53,043 INFO o.a.j.p.h.s.HTTPSamplerBase: Parser for text/xml is org.apache.jmeter.protocol.http.parser.LagartoBasedHtmlParser
2026-04-09 22:41:53,043 INFO o.a.j.p.h.s.HTTPSamplerBase: Parser for text/vnd.wap.wml is org.apache.jmeter.protocol.http.parser.RegexpHTMLParser
2026-04-09 22:41:53,043 INFO o.a.j.p.h.s.HTTPSamplerBase: Parser for text/css is org.apache.jmeter.protocol.http.parser.CssParser
2026-04-09 22:41:53,542 INFO o.a.j.JMeter: Creating summariser <summary>
2026-04-09 22:41:53,548 INFO o.a.j.r.d.ReportGenerator: ReportGenerator will use for Parsing the separator: ','
2026-04-09 22:41:53,549 ERROR o.a.j.JMeter: Error in NonGUIDriver
java.lang.IllegalArgumentException: Results file:C:\Users\suppo\Desktop\國衛院-兒童web\stress\results\pressure_100u_10m_v3\results.jtl is not empty
	at org.apache.jmeter.report.dashboard.ReportGenerator.<init>(ReportGenerator.java:140) ~[ApacheJMeter_core.jar:5.6.3]
	at org.apache.jmeter.JMeter.runNonGui(JMeter.java:1007) [ApacheJMeter_core.jar:5.6.3]
	at org.apache.jmeter.JMeter.startNonGui(JMeter.java:940) [ApacheJMeter_core.jar:5.6.3]
	at org.apache.jmeter.JMeter.start(JMeter.java:508) [ApacheJMeter_core.jar:5.6.3]
	at java.base/jdk.internal.reflect.DirectMethodHandleAccessor.invoke(DirectMethodHandleAccessor.java:104) ~[?:?]
	at java.base/java.lang.reflect.Method.invoke(Method.java:565) ~[?:?]
	at org.apache.jmeter.NewDriver.main(NewDriver.java:259) [ApacheJMeter.jar:5.6.3]
2026-04-09 22:41:53,556 ERROR o.a.j.JMeter: An error occurred: 
org.apache.jmeter.report.config.ConfigurationException: Error in NonGUIDriver Results file:C:\Users\suppo\Desktop\國衛院-兒童web\stress\results\pressure_100u_10m_v3\results.jtl is not empty
	at org.apache.jmeter.JMeter.runNonGui(JMeter.java:1049) ~[ApacheJMeter_core.jar:5.6.3]
	at org.apache.jmeter.JMeter.startNonGui(JMeter.java:940) ~[ApacheJMeter_core.jar:5.6.3]
	at org.apache.jmeter.JMeter.start(JMeter.java:508) [ApacheJMeter_core.jar:5.6.3]
	at java.base/jdk.internal.reflect.DirectMethodHandleAccessor.invoke(DirectMethodHandleAccessor.java:104) ~[?:?]
	at java.base/java.lang.reflect.Method.invoke(Method.java:565) ~[?:?]
	at org.apache.jmeter.NewDriver.main(NewDriver.java:259) [ApacheJMeter.jar:5.6.3]
Caused by: java.lang.IllegalArgumentException: Results file:C:\Users\suppo\Desktop\國衛院-兒童web\stress\results\pressure_100u_10m_v3\results.jtl is not empty
	at org.apache.jmeter.report.dashboard.ReportGenerator.<init>(ReportGenerator.java:140) ~[ApacheJMeter_core.jar:5.6.3]
	at org.apache.jmeter.JMeter.runNonGui(JMeter.java:1007) ~[ApacheJMeter_core.jar:5.6.3]
	... 5 more
